   1               		.file	"profiling.c"
   2               	__SP_H__ = 0x3e
   3               	__SP_L__ = 0x3d
   4               	__SREG__ = 0x3f
   5               	__RAMPZ__ = 0x3b
   6               	__RAMPY__ = 0x3a
   7               	__RAMPX__ = 0x39
   8               	__RAMPD__ = 0x38
   9               	__CCP__ = 0x34
  10               	__tmp_reg__ = 0
  11               	__zero_reg__ = 1
  13               		.text
  14               	.Ltext0:
 458               		.section	.text.generateRandomPolyTable_12289_512,"ax",@progbits
 461               	.global	generateRandomPolyTable_12289_512
 463               	generateRandomPolyTable_12289_512:
   1:profiling/profiling.c **** #include <inttypes.h>
   2:profiling/profiling.c **** #include <avr/interrupt.h>
   3:profiling/profiling.c **** 
   4:profiling/profiling.c **** #include "../crypto/rng/aes_prng.h"
   5:profiling/profiling.c **** #include "../device/usart_driver.h"
   6:profiling/profiling.c **** #include "profiling.h"
   7:profiling/profiling.c **** 
   8:profiling/profiling.c **** uint16_t ovfs;
   9:profiling/profiling.c **** 
  10:profiling/profiling.c **** 
  11:profiling/profiling.c **** #define testmsg192 "!plaintexttest!!!plainte"
  12:profiling/profiling.c **** #define testmsg256 "!plaintexttest!!!plaintexttest!!"
  13:profiling/profiling.c **** #define testmsg320 "!plaintexttest!!!plaintexttest!!!plainte"
  14:profiling/profiling.c **** #define testmsg512 "!plaintexttest!!!plaintexttest!!!plaintexttest!!!plaintexttest!!" 
  15:profiling/profiling.c **** 
  16:profiling/profiling.c **** void generateRandomPolyTable_12289_512(uint16_t* retpoly){
 465               	.LM0:
 466               	.LFBB1:
 467               	/* prologue: function */
 468               	/* frame size = 0 */
 469               	/* stack size = 0 */
 470               	.L__stack_usage = 0
 471 0000 FC01      		movw r30,r24
 472 0002 9C5F      		subi r25,-4
 473               	.LBB6:
 474               	.LBB7:
  17:profiling/profiling.c ****   for(int i = 0; i<512; i++)
  18:profiling/profiling.c ****     {
  19:profiling/profiling.c ****       //retpoly[i] = get_random_bits25() % 12289;
  20:profiling/profiling.c ****       uint16_t x = 3;
  21:profiling/profiling.c ****       retpoly[i] = x;
 476               	.LM1:
 477 0004 23E0      		ldi r18,lo8(3)
 478 0006 30E0      		ldi r19,0
 479               	.L2:
 481               	.LM2:
 482 0008 2193      		st Z+,r18
 483 000a 3193      		st Z+,r19
 484               	.LBE7:
  17:profiling/profiling.c ****   for(int i = 0; i<512; i++)
 486               	.LM3:
 487 000c E817      		cp r30,r24
 488 000e F907      		cpc r31,r25
 489 0010 01F4      		brne .L2
 490               	/* epilogue start */
 491               	.LBE6:
  22:profiling/profiling.c ****       x = (x *193) % 12289;
  23:profiling/profiling.c **** 
  24:profiling/profiling.c ****        // TODO XXX get_random_bits25() % 4093;
  25:profiling/profiling.c ****     }  
  26:profiling/profiling.c **** }
 493               	.LM4:
 494 0012 0895      		ret
 496               	.Lscope1:
 497               		.section	.text.generateRandomPolyTable_7681_256,"ax",@progbits
 500               	.global	generateRandomPolyTable_7681_256
 502               	generateRandomPolyTable_7681_256:
  27:profiling/profiling.c **** 
  28:profiling/profiling.c **** void generateRandomPolyTable_7681_256(uint16_t* retpoly){
 504               	.LM5:
 505               	.LFBB2:
 506               	/* prologue: function */
 507               	/* frame size = 0 */
 508               	/* stack size = 0 */
 509               	.L__stack_usage = 0
 510 0000 FC01      		movw r30,r24
 511 0002 9E5F      		subi r25,-2
 512               	.LBB8:
 513               	.LBB9:
  29:profiling/profiling.c ****   for(int i = 0; i<256; i++)
  30:profiling/profiling.c ****     {
  31:profiling/profiling.c ****       uint16_t x = 3;
  32:profiling/profiling.c ****       retpoly[i] = x;
 515               	.LM6:
 516 0004 23E0      		ldi r18,lo8(3)
 517 0006 30E0      		ldi r19,0
 518               	.L5:
 520               	.LM7:
 521 0008 2193      		st Z+,r18
 522 000a 3193      		st Z+,r19
 523               	.LBE9:
  29:profiling/profiling.c ****   for(int i = 0; i<256; i++)
 525               	.LM8:
 526 000c E817      		cp r30,r24
 527 000e F907      		cpc r31,r25
 528 0010 01F4      		brne .L5
 529               	/* epilogue start */
 530               	.LBE8:
  33:profiling/profiling.c ****       x = (x *193) % 7681;
  34:profiling/profiling.c **** 
  35:profiling/profiling.c ****       //retpoly[i] = get_random_bits25() % 7681;
  36:profiling/profiling.c ****       //retpoly[i] = 0; // TODO XXX get_random_bits25() % 4093;
  37:profiling/profiling.c ****     }  
  38:profiling/profiling.c **** }
 532               	.LM9:
 533 0012 0895      		ret
 535               	.Lscope2:
 536               		.section	.text.generateRandomPolyTable_4093,"ax",@progbits
 540               	.global	generateRandomPolyTable_4093
 542               	generateRandomPolyTable_4093:
  39:profiling/profiling.c **** 
  40:profiling/profiling.c **** 
  41:profiling/profiling.c **** void generateRandomPolyTable_4093(uint16_t* retpoly, uint16_t n){
 544               	.LM10:
 545               	.LFBB3:
 546               	/* prologue: function */
 547               	/* frame size = 0 */
 548               	/* stack size = 0 */
 549               	.L__stack_usage = 0
 550 0000 9B01      		movw r18,r22
 551 0002 FC01      		movw r30,r24
 552               	.LBB10:
  42:profiling/profiling.c ****   for(int i = 0; i<n; i++)
 554               	.LM11:
 555 0004 90E0      		ldi r25,0
 556 0006 80E0      		ldi r24,0
 557               	.LBB11:
  43:profiling/profiling.c ****     {
  44:profiling/profiling.c ****       //retpoly[i] = 0; // TODO XXX get_random_bits25() % 4093;
  45:profiling/profiling.c **** 
  46:profiling/profiling.c ****       uint16_t x = 3;
  47:profiling/profiling.c ****       retpoly[i] = x;
 559               	.LM12:
 560 0008 43E0      		ldi r20,lo8(3)
 561 000a 50E0      		ldi r21,0
 562               	.L8:
 563               	.LBE11:
  42:profiling/profiling.c ****   for(int i = 0; i<n; i++)
 565               	.LM13:
 566 000c 8217      		cp r24,r18
 567 000e 9307      		cpc r25,r19
 568 0010 01F4      		brne .L9
 569               	/* epilogue start */
 570               	.LBE10:
  48:profiling/profiling.c ****       x = (x *193) % 4093;
  49:profiling/profiling.c ****     }  
  50:profiling/profiling.c **** }
 572               	.LM14:
 573 0012 0895      		ret
 574               	.L9:
 575               	.LBB13:
 576               	.LBB12:
  47:profiling/profiling.c ****       x = (x *193) % 4093;
 578               	.LM15:
 579 0014 4193      		st Z+,r20
 580 0016 5193      		st Z+,r21
 581               	.LBE12:
  42:profiling/profiling.c ****     {
 583               	.LM16:
 584 0018 0196      		adiw r24,1
 585 001a 00C0      		rjmp .L8
 586               	.LBE13:
 594               	.Lscope3:
 595               		.section	.text.generateRandomPolyTable_4096,"ax",@progbits
 596               	.global	generateRandomPolyTable_4096
 598               	generateRandomPolyTable_4096:
 599               	/* prologue: function */
 600               	/* frame size = 0 */
 601               	/* stack size = 0 */
 602               	.L__stack_usage = 0
 603 0000 0C94 0000 		jmp generateRandomPolyTable_4093
 605               		.section	.text.startTimer,"ax",@progbits
 608               	.global	startTimer
 610               	startTimer:
  51:profiling/profiling.c **** 
  52:profiling/profiling.c **** void generateRandomPolyTable_4096(uint16_t* retpoly, uint16_t n){
  53:profiling/profiling.c ****   for(int i = 0; i<n; i++)
  54:profiling/profiling.c ****     {
  55:profiling/profiling.c ****       //retpoly[i] = 0; // TODO XXX get_random_bits25() % 4093;
  56:profiling/profiling.c **** 
  57:profiling/profiling.c ****       uint16_t x = 3;
  58:profiling/profiling.c ****       retpoly[i] = x;
  59:profiling/profiling.c ****       x = (x *193) % 4096;
  60:profiling/profiling.c ****     }  
  61:profiling/profiling.c **** }
  62:profiling/profiling.c **** 
  63:profiling/profiling.c **** 
  64:profiling/profiling.c **** void startTimer(uint16_t prescaler)
  65:profiling/profiling.c **** {
 612               	.LM17:
 613               	.LFBB4:
 614               	/* prologue: function */
 615               	/* frame size = 0 */
 616               	/* stack size = 0 */
 617               	.L__stack_usage = 0
  66:profiling/profiling.c ****   //if(prescaler == 1024)
  67:profiling/profiling.c ****   //		TCC0.CTRLA = TC_CLKSEL_DIV1024_gc;
  68:profiling/profiling.c ****   //	else if(prescaler == 256)
  69:profiling/profiling.c ****   //		TCC0.CTRLA = TC_CLKSEL_DIV256_gc;
  70:profiling/profiling.c ****   //	else
  71:profiling/profiling.c ****   //		TCC0.CTRLA = TC_CLKSEL_DIV1_gc;	
  72:profiling/profiling.c ****   
  73:profiling/profiling.c ****   TCC0.CTRLA = TC_CLKSEL_DIV1_gc;
 619               	.LM18:
 620 0000 81E0      		ldi r24,lo8(1)
 621 0002 8093 0008 		sts 2048,r24
 622               	/* epilogue start */
  74:profiling/profiling.c ****   
  75:profiling/profiling.c **** 
  76:profiling/profiling.c **** }
 624               	.LM19:
 625 0006 0895      		ret
 627               	.Lscope4:
 628               		.section	.text.stopTimer,"ax",@progbits
 630               	.global	stopTimer
 632               	stopTimer:
  77:profiling/profiling.c **** 
  78:profiling/profiling.c **** void stopTimer(void)
  79:profiling/profiling.c **** {
 634               	.LM20:
 635               	.LFBB5:
 636               	/* prologue: function */
 637               	/* frame size = 0 */
 638               	/* stack size = 0 */
 639               	.L__stack_usage = 0
  80:profiling/profiling.c **** 	TCC0.CTRLA = TC_CLKSEL_OFF_gc;
 641               	.LM21:
 642 0000 1092 0008 		sts 2048,__zero_reg__
 643               	/* epilogue start */
  81:profiling/profiling.c **** }
 645               	.LM22:
 646 0004 0895      		ret
 648               	.Lscope5:
 649               		.section	.text.initMeasurement,"ax",@progbits
 651               	.global	initMeasurement
 653               	initMeasurement:
  82:profiling/profiling.c **** 
  83:profiling/profiling.c **** void initMeasurement(void)
  84:profiling/profiling.c **** {
 655               	.LM23:
 656               	.LFBB6:
 657               	/* prologue: function */
 658               	/* frame size = 0 */
 659               	/* stack size = 0 */
 660               	.L__stack_usage = 0
  85:profiling/profiling.c ****   
  86:profiling/profiling.c ****   EVSYS.CH1MUX = EVSYS_CHMUX_TCC0_OVF_gc;
 662               	.LM24:
 663 0000 80EC      		ldi r24,lo8(-64)
 664 0002 8093 8101 		sts 385,r24
  87:profiling/profiling.c ****  
  88:profiling/profiling.c ****   PORTE.DIR = 0xFF;
 666               	.LM25:
 667 0006 8FEF      		ldi r24,lo8(-1)
 668 0008 8093 8006 		sts 1664,r24
  89:profiling/profiling.c ****   TCC0.INTCTRLA = TC_OVFINTLVL_MED_gc;
 670               	.LM26:
 671 000c E0E0      		ldi r30,0
 672 000e F8E0      		ldi r31,lo8(8)
 673 0010 82E0      		ldi r24,lo8(2)
 674 0012 8683      		std Z+6,r24
  90:profiling/profiling.c ****   TCC0.PER = 0xFFFF;
 676               	.LM27:
 677 0014 2FEF      		ldi r18,lo8(-1)
 678 0016 3FEF      		ldi r19,lo8(-1)
 679 0018 26A3      		std Z+38,r18
 680 001a 37A3      		std Z+39,r19
  91:profiling/profiling.c ****   
  92:profiling/profiling.c ****   TCC1.CTRLA = TC_CLKSEL_EVCH1_gc;
 682               	.LM28:
 683 001c E0E4      		ldi r30,lo8(64)
 684 001e F8E0      		ldi r31,lo8(8)
 685 0020 99E0      		ldi r25,lo8(9)
 686 0022 9083      		st Z,r25
  93:profiling/profiling.c ****   TCC1.PER = 0xFFFF;
 688               	.LM29:
 689 0024 26A3      		std Z+38,r18
 690 0026 37A3      		std Z+39,r19
  94:profiling/profiling.c ****   
  95:profiling/profiling.c ****   PMIC.CTRL = PMIC_MEDLVLEN_bm;
 692               	.LM30:
 693 0028 8093 A200 		sts 162,r24
 694               	/* epilogue start */
  96:profiling/profiling.c **** }
 696               	.LM31:
 697 002c 0895      		ret
 699               	.Lscope6:
 700               		.section	.text.startMeasurement,"ax",@progbits
 702               	.global	startMeasurement
 704               	startMeasurement:
  97:profiling/profiling.c **** 
  98:profiling/profiling.c **** 
  99:profiling/profiling.c **** void startMeasurement(void)
 100:profiling/profiling.c **** {
 706               	.LM32:
 707               	.LFBB7:
 708               	/* prologue: function */
 709               	/* frame size = 0 */
 710               	/* stack size = 0 */
 711               	.L__stack_usage = 0
 101:profiling/profiling.c **** 	ovfs = 0;
 713               	.LM33:
 714 0000 1092 0000 		sts ovfs,__zero_reg__
 715 0004 1092 0000 		sts ovfs+1,__zero_reg__
 102:profiling/profiling.c **** 	TCC0.CNT = 0;
 717               	.LM34:
 718 0008 E0E0      		ldi r30,0
 719 000a F8E0      		ldi r31,lo8(8)
 720 000c 10A2      		std Z+32,__zero_reg__
 721 000e 11A2      		std Z+33,__zero_reg__
 103:profiling/profiling.c **** 	TCC1.CNT = 0;
 723               	.LM35:
 724 0010 1092 6008 		sts 2144,__zero_reg__
 725 0014 1092 6108 		sts 2144+1,__zero_reg__
 726               	.LBB14:
 727               	.LBB15:
  73:profiling/profiling.c ****   
 729               	.LM36:
 730 0018 81E0      		ldi r24,lo8(1)
 731 001a 8083      		st Z,r24
 732               	/* epilogue start */
 733               	.LBE15:
 734               	.LBE14:
 104:profiling/profiling.c **** 
 105:profiling/profiling.c **** 	//sei();
 106:profiling/profiling.c **** 	startTimer(PRESCAL);
 107:profiling/profiling.c **** }
 736               	.LM37:
 737 001c 0895      		ret
 739               	.Lscope7:
 740               		.section	.text.stopMeasurement,"ax",@progbits
 743               	.global	stopMeasurement
 745               	stopMeasurement:
 108:profiling/profiling.c **** 
 109:profiling/profiling.c **** void stopMeasurement(uint64_t * mean)
 110:profiling/profiling.c **** {
 747               	.LM38:
 748               	.LFBB8:
 749 0000 8F92      		push r8
 750 0002 9F92      		push r9
 751 0004 AF92      		push r10
 752 0006 BF92      		push r11
 753 0008 CF92      		push r12
 754 000a DF92      		push r13
 755 000c EF92      		push r14
 756 000e FF92      		push r15
 757 0010 0F93      		push r16
 758 0012 1F93      		push r17
 759               	/* prologue: function */
 760               	/* frame size = 0 */
 761               	/* stack size = 10 */
 762               	.L__stack_usage = 10
 763 0014 FC01      		movw r30,r24
 764               	.LBB16:
 765               	.LBB17:
  80:profiling/profiling.c **** }
 767               	.LM39:
 768 0016 A0E0      		ldi r26,0
 769 0018 B8E0      		ldi r27,lo8(8)
 770 001a 1C92      		st X,__zero_reg__
 771               	.LBE17:
 772               	.LBE16:
 111:profiling/profiling.c **** 	stopTimer();
 112:profiling/profiling.c **** 	//cli();
 113:profiling/profiling.c **** 	
 114:profiling/profiling.c **** 	(*mean) += TCC0.CNT | (uint32_t)TCC1.CNT << 16;
 774               	.LM40:
 775 001c 9096      		adiw r26,32
 776 001e 8D91      		ld r24,X+
 777 0020 9C91      		ld r25,X
 779               	.LM41:
 780 0022 8090 6008 		lds r8,2144
 781 0026 9090 6108 		lds r9,2144+1
 783               	.LM42:
 784 002a B12C      		mov r11,__zero_reg__
 785 002c A12C      		mov r10,__zero_reg__
 787               	.LM43:
 788 002e 5401      		movw r10,r8
 789 0030 9924      		clr r9
 790 0032 8824      		clr r8
 792               	.LM44:
 793 0034 B0E0      		ldi r27,0
 794 0036 A0E0      		ldi r26,0
 796               	.LM45:
 797 0038 8829      		or r24,r8
 798 003a 9929      		or r25,r9
 799 003c AA29      		or r26,r10
 800 003e BB29      		or r27,r11
 801 0040 4C01      		movw r8,r24
 802 0042 5D01      		movw r10,r26
 804               	.LM46:
 805 0044 9401      		movw r18,r8
 806 0046 A501      		movw r20,r10
 807 0048 60E0      		ldi r22,0
 808 004a 70E0      		ldi r23,0
 809 004c 80E0      		ldi r24,0
 810 004e 90E0      		ldi r25,0
 811 0050 A080      		ld r10,Z
 812 0052 B180      		ldd r11,Z+1
 813 0054 C280      		ldd r12,Z+2
 814 0056 D380      		ldd r13,Z+3
 815 0058 E480      		ldd r14,Z+4
 816 005a F580      		ldd r15,Z+5
 817 005c 0681      		ldd r16,Z+6
 818 005e 1781      		ldd r17,Z+7
 819 0060 0E94 0000 		call __adddi3
 820 0064 2083      		st Z,r18
 821 0066 3183      		std Z+1,r19
 822 0068 4283      		std Z+2,r20
 823 006a 5383      		std Z+3,r21
 824 006c 6483      		std Z+4,r22
 825 006e 7583      		std Z+5,r23
 826 0070 8683      		std Z+6,r24
 827 0072 9783      		std Z+7,r25
 828               	/* epilogue start */
 115:profiling/profiling.c **** }
 830               	.LM47:
 831 0074 1F91      		pop r17
 832 0076 0F91      		pop r16
 833 0078 FF90      		pop r15
 834 007a EF90      		pop r14
 835 007c DF90      		pop r13
 836 007e CF90      		pop r12
 837 0080 BF90      		pop r11
 838 0082 AF90      		pop r10
 839 0084 9F90      		pop r9
 840 0086 8F90      		pop r8
 841 0088 0895      		ret
 843               	.Lscope8:
 844               		.section	.rodata.printResult.str1.1,"aMS",@progbits,1
 845               	.LC0:
 846 0000 2573 00   		.string	"%s"
 847               	.global	__udivdi3
 848               	.LC1:
 849 0003 256C 6420 		.string	"%ld "
 849      00
 850               	.LC2:
 851 0008 4379 636C 		.string	"Cycles"
 851      6573 00
 852               		.section	.text.printResult,"ax",@progbits
 855               	.global	printResult
 857               	printResult:
 116:profiling/profiling.c **** 
 117:profiling/profiling.c **** void printResult(uint64_t * mean, const char * s)
 118:profiling/profiling.c **** {
 859               	.LM48:
 860               	.LFBB9:
 861 0000 AF92      		push r10
 862 0002 BF92      		push r11
 863 0004 CF92      		push r12
 864 0006 DF92      		push r13
 865 0008 EF92      		push r14
 866 000a FF92      		push r15
 867 000c 0F93      		push r16
 868 000e 1F93      		push r17
 869 0010 CF93      		push r28
 870 0012 DF93      		push r29
 871               	/* prologue: function */
 872               	/* frame size = 0 */
 873               	/* stack size = 10 */
 874               	.L__stack_usage = 10
 875 0014 EC01      		movw r28,r24
 119:profiling/profiling.c **** 	printf("%s", s);
 877               	.LM49:
 878 0016 7F93      		push r23
 879 0018 6F93      		push r22
 880 001a 80E0      		ldi r24,lo8(.LC0)
 881 001c 90E0      		ldi r25,hi8(.LC0)
 882 001e 9F93      		push r25
 883 0020 8F93      		push r24
 884 0022 0E94 0000 		call printf
 120:profiling/profiling.c **** 	(*mean) /= MAX_MEASUREMENT;
 886               	.LM50:
 887 0026 2881      		ld r18,Y
 888 0028 3981      		ldd r19,Y+1
 889 002a 4A81      		ldd r20,Y+2
 890 002c 5B81      		ldd r21,Y+3
 891 002e 6C81      		ldd r22,Y+4
 892 0030 7D81      		ldd r23,Y+5
 893 0032 84E6      		ldi r24,lo8(100)
 894 0034 A82E      		mov r10,r24
 895 0036 B12C      		mov r11,__zero_reg__
 896 0038 C12C      		mov r12,__zero_reg__
 897 003a D12C      		mov r13,__zero_reg__
 898 003c E12C      		mov r14,__zero_reg__
 899 003e F12C      		mov r15,__zero_reg__
 900 0040 00E0      		ldi r16,0
 901 0042 10E0      		ldi r17,0
 902 0044 8E81      		ldd r24,Y+6
 903 0046 9F81      		ldd r25,Y+7
 904 0048 0E94 0000 		call __udivdi3
 905 004c 2883      		st Y,r18
 906 004e 3983      		std Y+1,r19
 907 0050 4A83      		std Y+2,r20
 908 0052 5B83      		std Y+3,r21
 909 0054 6C83      		std Y+4,r22
 910 0056 7D83      		std Y+5,r23
 911 0058 8E83      		std Y+6,r24
 912 005a 9F83      		std Y+7,r25
 121:profiling/profiling.c **** 	
 122:profiling/profiling.c **** 	//USARTsendMeasurementResult((*mean), PRESCAL);
 123:profiling/profiling.c **** 	printf("%ld ",(uint32_t) (*mean) * (uint32_t) PRESCAL );
 914               	.LM51:
 915 005c 5F93      		push r21
 916 005e 4F93      		push r20
 917 0060 3F93      		push r19
 918 0062 2F93      		push r18
 919 0064 80E0      		ldi r24,lo8(.LC1)
 920 0066 90E0      		ldi r25,hi8(.LC1)
 921 0068 9F93      		push r25
 922 006a 8F93      		push r24
 923 006c 0E94 0000 		call printf
 124:profiling/profiling.c **** 	printf("Cycles\n");	
 925               	.LM52:
 926 0070 80E0      		ldi r24,lo8(.LC2)
 927 0072 90E0      		ldi r25,hi8(.LC2)
 928 0074 0E94 0000 		call puts
 125:profiling/profiling.c **** 	(*mean) = 0;
 930               	.LM53:
 931 0078 1882      		st Y,__zero_reg__
 932 007a 1982      		std Y+1,__zero_reg__
 933 007c 1A82      		std Y+2,__zero_reg__
 934 007e 1B82      		std Y+3,__zero_reg__
 935 0080 1C82      		std Y+4,__zero_reg__
 936 0082 1D82      		std Y+5,__zero_reg__
 937 0084 1E82      		std Y+6,__zero_reg__
 938 0086 1F82      		std Y+7,__zero_reg__
 126:profiling/profiling.c **** }
 940               	.LM54:
 941 0088 8DB7      		in r24,__SP_L__
 942 008a 9EB7      		in r25,__SP_H__
 943 008c 0A96      		adiw r24,10
 944 008e 8DBF      		out __SP_L__,r24
 945 0090 9EBF      		out __SP_H__,r25
 946               	/* epilogue start */
 947 0092 DF91      		pop r29
 948 0094 CF91      		pop r28
 949 0096 1F91      		pop r17
 950 0098 0F91      		pop r16
 951 009a FF90      		pop r15
 952 009c EF90      		pop r14
 953 009e DF90      		pop r13
 954 00a0 CF90      		pop r12
 955 00a2 BF90      		pop r11
 956 00a4 AF90      		pop r10
 957 00a6 0895      		ret
 959               	.Lscope9:
 960               		.section	.rodata.printResultRAM.str1.1,"aMS",@progbits,1
 961               	.LC3:
 962 0000 4379 636C 		.string	"Cycles %d bytes RAM\n"
 962      6573 2025 
 962      6420 6279 
 962      7465 7320 
 962      5241 4D0A 
 963               		.section	.text.printResultRAM,"ax",@progbits
 966               	.global	printResultRAM
 968               	printResultRAM:
 127:profiling/profiling.c **** 
 128:profiling/profiling.c **** void printResultRAM(uint64_t * mean, int16_t ram, const char * s)
 129:profiling/profiling.c **** {
 970               	.LM55:
 971               	.LFBB10:
 972 0000 8F92      		push r8
 973 0002 9F92      		push r9
 974 0004 AF92      		push r10
 975 0006 BF92      		push r11
 976 0008 CF92      		push r12
 977 000a DF92      		push r13
 978 000c EF92      		push r14
 979 000e FF92      		push r15
 980 0010 0F93      		push r16
 981 0012 1F93      		push r17
 982 0014 CF93      		push r28
 983 0016 DF93      		push r29
 984               	/* prologue: function */
 985               	/* frame size = 0 */
 986               	/* stack size = 12 */
 987               	.L__stack_usage = 12
 988 0018 EC01      		movw r28,r24
 989 001a 962E      		mov r9,r22
 990 001c 872E      		mov r8,r23
 130:profiling/profiling.c **** 	printf("%s", s);
 992               	.LM56:
 993 001e 5F93      		push r21
 994 0020 4F93      		push r20
 995 0022 80E0      		ldi r24,lo8(.LC0)
 996 0024 90E0      		ldi r25,hi8(.LC0)
 997 0026 9F93      		push r25
 998 0028 8F93      		push r24
 999 002a 0E94 0000 		call printf
 131:profiling/profiling.c **** 	(*mean) /= MAX_MEASUREMENT;
 1001               	.LM57:
 1002 002e 2881      		ld r18,Y
 1003 0030 3981      		ldd r19,Y+1
 1004 0032 4A81      		ldd r20,Y+2
 1005 0034 5B81      		ldd r21,Y+3
 1006 0036 6C81      		ldd r22,Y+4
 1007 0038 7D81      		ldd r23,Y+5
 1008 003a 84E6      		ldi r24,lo8(100)
 1009 003c A82E      		mov r10,r24
 1010 003e B12C      		mov r11,__zero_reg__
 1011 0040 C12C      		mov r12,__zero_reg__
 1012 0042 D12C      		mov r13,__zero_reg__
 1013 0044 E12C      		mov r14,__zero_reg__
 1014 0046 F12C      		mov r15,__zero_reg__
 1015 0048 00E0      		ldi r16,0
 1016 004a 10E0      		ldi r17,0
 1017 004c 8E81      		ldd r24,Y+6
 1018 004e 9F81      		ldd r25,Y+7
 1019 0050 0E94 0000 		call __udivdi3
 1020 0054 2883      		st Y,r18
 1021 0056 3983      		std Y+1,r19
 1022 0058 4A83      		std Y+2,r20
 1023 005a 5B83      		std Y+3,r21
 1024 005c 6C83      		std Y+4,r22
 1025 005e 7D83      		std Y+5,r23
 1026 0060 8E83      		std Y+6,r24
 1027 0062 9F83      		std Y+7,r25
 132:profiling/profiling.c **** 	
 133:profiling/profiling.c **** 	//USARTsendMeasurementResult((*mean), PRESCAL);
 134:profiling/profiling.c **** 	printf("%ld ",(uint32_t) (*mean) * (uint32_t) PRESCAL );
 1029               	.LM58:
 1030 0064 5F93      		push r21
 1031 0066 4F93      		push r20
 1032 0068 3F93      		push r19
 1033 006a 2F93      		push r18
 1034 006c 80E0      		ldi r24,lo8(.LC1)
 1035 006e 90E0      		ldi r25,hi8(.LC1)
 1036 0070 9F93      		push r25
 1037 0072 8F93      		push r24
 1038 0074 0E94 0000 		call printf
 135:profiling/profiling.c **** 	printf("Cycles %d bytes RAM\n", ram);
 1040               	.LM59:
 1041 0078 8F92      		push r8
 1042 007a 9F92      		push r9
 1043 007c 80E0      		ldi r24,lo8(.LC3)
 1044 007e 90E0      		ldi r25,hi8(.LC3)
 1045 0080 9F93      		push r25
 1046 0082 8F93      		push r24
 1047 0084 0E94 0000 		call printf
 136:profiling/profiling.c **** 
 137:profiling/profiling.c **** 	(*mean) = 0;
 1049               	.LM60:
 1050 0088 1882      		st Y,__zero_reg__
 1051 008a 1982      		std Y+1,__zero_reg__
 1052 008c 1A82      		std Y+2,__zero_reg__
 1053 008e 1B82      		std Y+3,__zero_reg__
 1054 0090 1C82      		std Y+4,__zero_reg__
 1055 0092 1D82      		std Y+5,__zero_reg__
 1056 0094 1E82      		std Y+6,__zero_reg__
 1057 0096 1F82      		std Y+7,__zero_reg__
 138:profiling/profiling.c **** }
 1059               	.LM61:
 1060 0098 8DB7      		in r24,__SP_L__
 1061 009a 9EB7      		in r25,__SP_H__
 1062 009c 0E96      		adiw r24,14
 1063 009e 8DBF      		out __SP_L__,r24
 1064 00a0 9EBF      		out __SP_H__,r25
 1065               	/* epilogue start */
 1066 00a2 DF91      		pop r29
 1067 00a4 CF91      		pop r28
 1068 00a6 1F91      		pop r17
 1069 00a8 0F91      		pop r16
 1070 00aa FF90      		pop r15
 1071 00ac EF90      		pop r14
 1072 00ae DF90      		pop r13
 1073 00b0 CF90      		pop r12
 1074 00b2 BF90      		pop r11
 1075 00b4 AF90      		pop r10
 1076 00b6 9F90      		pop r9
 1077 00b8 8F90      		pop r8
 1078 00ba 0895      		ret
 1080               	.Lscope10:
 1081               		.section	.rodata.__vector_20.str1.1,"aMS",@progbits,1
 1082               	.LC4:
 1083 0000 5761 726E 		.string	"Warning: Overflow! Should not happen"
 1083      696E 673A 
 1083      204F 7665 
 1083      7266 6C6F 
 1083      7721 2053 
 1084               		.section	.text.__vector_20,"ax",@progbits
 1086               	.global	__vector_20
 1088               	__vector_20:
 139:profiling/profiling.c **** 
 140:profiling/profiling.c **** 
 141:profiling/profiling.c **** ISR(TCC1_OVF_vect)
 142:profiling/profiling.c **** {
 1090               	.LM62:
 1091               	.LFBB11:
 1092 0000 1F92      		push r1
 1093 0002 0F92      		push r0
 1094 0004 0FB6      		in r0,__SREG__
 1095 0006 0F92      		push r0
 1096 0008 1124      		clr __zero_reg__
 1097 000a 08B6      		in r0,__RAMPD__
 1098 000c 0F92      		push r0
 1099 000e 18BE      		out __RAMPD__,__zero_reg__
 1100 0010 09B6      		in r0,__RAMPX__
 1101 0012 0F92      		push r0
 1102 0014 19BE      		out __RAMPX__,__zero_reg__
 1103 0016 0BB6      		in r0,__RAMPZ__
 1104 0018 0F92      		push r0
 1105 001a 1BBE      		out __RAMPZ__,__zero_reg__
 1106 001c 2F93      		push r18
 1107 001e 3F93      		push r19
 1108 0020 4F93      		push r20
 1109 0022 5F93      		push r21
 1110 0024 6F93      		push r22
 1111 0026 7F93      		push r23
 1112 0028 8F93      		push r24
 1113 002a 9F93      		push r25
 1114 002c AF93      		push r26
 1115 002e BF93      		push r27
 1116 0030 EF93      		push r30
 1117 0032 FF93      		push r31
 1118               	/* prologue: Signal */
 1119               	/* frame size = 0 */
 1120               	/* stack size = 18 */
 1121               	.L__stack_usage = 18
 143:profiling/profiling.c **** 	printf("Warning: Overflow! Should not happen");
 1123               	.LM63:
 1124 0034 80E0      		ldi r24,lo8(.LC4)
 1125 0036 90E0      		ldi r25,hi8(.LC4)
 1126 0038 9F93      		push r25
 1127 003a 8F93      		push r24
 1128 003c 0E94 0000 		call printf
 144:profiling/profiling.c **** 	ovfs++;
 1130               	.LM64:
 1131 0040 8091 0000 		lds r24,ovfs
 1132 0044 9091 0000 		lds r25,ovfs+1
 1133 0048 0196      		adiw r24,1
 1134 004a 8093 0000 		sts ovfs,r24
 1135 004e 9093 0000 		sts ovfs+1,r25
 145:profiling/profiling.c **** }
 1137               	.LM65:
 1138 0052 0F90      		pop __tmp_reg__
 1139 0054 0F90      		pop __tmp_reg__
 1140               	/* epilogue start */
 1141 0056 FF91      		pop r31
 1142 0058 EF91      		pop r30
 1143 005a BF91      		pop r27
 1144 005c AF91      		pop r26
 1145 005e 9F91      		pop r25
 1146 0060 8F91      		pop r24
 1147 0062 7F91      		pop r23
 1148 0064 6F91      		pop r22
 1149 0066 5F91      		pop r21
 1150 0068 4F91      		pop r20
 1151 006a 3F91      		pop r19
 1152 006c 2F91      		pop r18
 1153 006e 0F90      		pop r0
 1154 0070 0BBE      		out __RAMPZ__,r0
 1155 0072 0F90      		pop r0
 1156 0074 09BE      		out __RAMPX__,r0
 1157 0076 0F90      		pop r0
 1158 0078 08BE      		out __RAMPD__,r0
 1159 007a 0F90      		pop r0
 1160 007c 0FBE      		out __SREG__,r0
 1161 007e 0F90      		pop r0
 1162 0080 1F90      		pop r1
 1163 0082 1895      		reti
 1165               	.Lscope11:
 1166               		.comm	ovfs,2,1
 1168               		.text
 1170               	.Letext0:
 1171               		.ident	"GCC: (GNU) 9.1.0"
 1172               	.global __do_copy_data
 1173               	.global __do_clear_bss
DEFINED SYMBOLS
                            *ABS*:0000000000000000 profiling.c
/var/folders/mm/zr_rkfjd2qvbw_fkp36g3p0m0000gn/T//cczRC9ne.s:2      *ABS*:000000000000003e __SP_H__
/var/folders/mm/zr_rkfjd2qvbw_fkp36g3p0m0000gn/T//cczRC9ne.s:3      *ABS*:000000000000003d __SP_L__
/var/folders/mm/zr_rkfjd2qvbw_fkp36g3p0m0000gn/T//cczRC9ne.s:4      *ABS*:000000000000003f __SREG__
/var/folders/mm/zr_rkfjd2qvbw_fkp36g3p0m0000gn/T//cczRC9ne.s:5      *ABS*:000000000000003b __RAMPZ__
/var/folders/mm/zr_rkfjd2qvbw_fkp36g3p0m0000gn/T//cczRC9ne.s:6      *ABS*:000000000000003a __RAMPY__
/var/folders/mm/zr_rkfjd2qvbw_fkp36g3p0m0000gn/T//cczRC9ne.s:7      *ABS*:0000000000000039 __RAMPX__
/var/folders/mm/zr_rkfjd2qvbw_fkp36g3p0m0000gn/T//cczRC9ne.s:8      *ABS*:0000000000000038 __RAMPD__
/var/folders/mm/zr_rkfjd2qvbw_fkp36g3p0m0000gn/T//cczRC9ne.s:9      *ABS*:0000000000000034 __CCP__
/var/folders/mm/zr_rkfjd2qvbw_fkp36g3p0m0000gn/T//cczRC9ne.s:10     *ABS*:0000000000000000 __tmp_reg__
/var/folders/mm/zr_rkfjd2qvbw_fkp36g3p0m0000gn/T//cczRC9ne.s:11     *ABS*:0000000000000001 __zero_reg__
/var/folders/mm/zr_rkfjd2qvbw_fkp36g3p0m0000gn/T//cczRC9ne.s:463    .text.generateRandomPolyTable_12289_512:0000000000000000 generateRandomPolyTable_12289_512
/var/folders/mm/zr_rkfjd2qvbw_fkp36g3p0m0000gn/T//cczRC9ne.s:502    .text.generateRandomPolyTable_7681_256:0000000000000000 generateRandomPolyTable_7681_256
/var/folders/mm/zr_rkfjd2qvbw_fkp36g3p0m0000gn/T//cczRC9ne.s:542    .text.generateRandomPolyTable_4093:0000000000000000 generateRandomPolyTable_4093
/var/folders/mm/zr_rkfjd2qvbw_fkp36g3p0m0000gn/T//cczRC9ne.s:598    .text.generateRandomPolyTable_4096:0000000000000000 generateRandomPolyTable_4096
/var/folders/mm/zr_rkfjd2qvbw_fkp36g3p0m0000gn/T//cczRC9ne.s:610    .text.startTimer:0000000000000000 startTimer
/var/folders/mm/zr_rkfjd2qvbw_fkp36g3p0m0000gn/T//cczRC9ne.s:632    .text.stopTimer:0000000000000000 stopTimer
/var/folders/mm/zr_rkfjd2qvbw_fkp36g3p0m0000gn/T//cczRC9ne.s:653    .text.initMeasurement:0000000000000000 initMeasurement
/var/folders/mm/zr_rkfjd2qvbw_fkp36g3p0m0000gn/T//cczRC9ne.s:704    .text.startMeasurement:0000000000000000 startMeasurement
                            *COM*:0000000000000002 ovfs
/var/folders/mm/zr_rkfjd2qvbw_fkp36g3p0m0000gn/T//cczRC9ne.s:745    .text.stopMeasurement:0000000000000000 stopMeasurement
/var/folders/mm/zr_rkfjd2qvbw_fkp36g3p0m0000gn/T//cczRC9ne.s:857    .text.printResult:0000000000000000 printResult
/var/folders/mm/zr_rkfjd2qvbw_fkp36g3p0m0000gn/T//cczRC9ne.s:968    .text.printResultRAM:0000000000000000 printResultRAM
/var/folders/mm/zr_rkfjd2qvbw_fkp36g3p0m0000gn/T//cczRC9ne.s:1088   .text.__vector_20:0000000000000000 __vector_20

UNDEFINED SYMBOLS
__adddi3
__udivdi3
printf
puts
__do_copy_data
__do_clear_bss
