Archive member included to satisfy reference by file (symbol)

/usr/lib32/libc_nonshared.a(elf-init.oS)
                              /usr/lib/gcc/x86_64-linux-gnu/9/../../../../lib32/Scrt1.o (__libc_csu_init)
/usr/lib32/libc_nonshared.a(stack_chk_fail_local.oS)
                              /home/ubikvalis/Documents/Studium/DLP-IBE/RIOT/examples/bindist/bin/native/abc/abc.o (__stack_chk_fail_local)

Merging program properties

Removed property 0xc0000002 to merge /usr/lib/gcc/x86_64-linux-gnu/9/../../../../lib32/Scrt1.o (0x3) and /home/ubikvalis/Documents/Studium/DLP-IBE/RIOT/examples/bindist/bin/native/cpu/tramp.o (not found)
Removed property 0xc0000002 to merge /usr/lib/gcc/x86_64-linux-gnu/9/../../../../lib32/Scrt1.o (not found) and /home/ubikvalis/Documents/Studium/DLP-IBE/RIOT/examples/bindist/bin/native/native_drivers/native-led.o (0x3)
Removed property 0xc0000002 to merge /usr/lib/gcc/x86_64-linux-gnu/9/../../../../lib32/Scrt1.o (not found) and /home/ubikvalis/Documents/Studium/DLP-IBE/RIOT/examples/bindist/bin/native/native_drivers/native-qdec.o (0x3)
Removed property 0xc0000002 to merge /usr/lib/gcc/x86_64-linux-gnu/9/../../../../lib32/Scrt1.o (not found) and /home/ubikvalis/Documents/Studium/DLP-IBE/RIOT/examples/bindist/bin/native/periph_common/cpuid.o (0x3)
Removed property 0xc0000002 to merge /usr/lib/gcc/x86_64-linux-gnu/9/../../../../lib32/Scrt1.o (not found) and /home/ubikvalis/Documents/Studium/DLP-IBE/RIOT/examples/bindist/bin/native/periph_common/eeprom.o (0x3)
Removed property 0xc0000002 to merge /usr/lib/gcc/x86_64-linux-gnu/9/../../../../lib32/Scrt1.o (not found) and /home/ubikvalis/Documents/Studium/DLP-IBE/RIOT/examples/bindist/bin/native/periph_common/flashpage.o (0x3)
Removed property 0xc0000002 to merge /usr/lib/gcc/x86_64-linux-gnu/9/../../../../lib32/Scrt1.o (not found) and /home/ubikvalis/Documents/Studium/DLP-IBE/RIOT/examples/bindist/bin/native/periph_common/gpio_util.o (0x3)
Removed property 0xc0000002 to merge /usr/lib/gcc/x86_64-linux-gnu/9/../../../../lib32/Scrt1.o (not found) and /home/ubikvalis/Documents/Studium/DLP-IBE/RIOT/examples/bindist/bin/native/periph_common/i2c.o (0x3)
Removed property 0xc0000002 to merge /usr/lib/gcc/x86_64-linux-gnu/9/../../../../lib32/Scrt1.o (not found) and /home/ubikvalis/Documents/Studium/DLP-IBE/RIOT/examples/bindist/bin/native/periph_common/init.o (0x3)
Removed property 0xc0000002 to merge /usr/lib/gcc/x86_64-linux-gnu/9/../../../../lib32/Scrt1.o (not found) and /home/ubikvalis/Documents/Studium/DLP-IBE/RIOT/examples/bindist/bin/native/periph_common/pm.o (0x3)
Removed property 0xc0000002 to merge /usr/lib/gcc/x86_64-linux-gnu/9/../../../../lib32/Scrt1.o (not found) and /home/ubikvalis/Documents/Studium/DLP-IBE/RIOT/examples/bindist/bin/native/periph_common/ptp.o (0x3)
Removed property 0xc0000002 to merge /usr/lib/gcc/x86_64-linux-gnu/9/../../../../lib32/Scrt1.o (not found) and /home/ubikvalis/Documents/Studium/DLP-IBE/RIOT/examples/bindist/bin/native/periph_common/rtc.o (0x3)
Removed property 0xc0000002 to merge /usr/lib/gcc/x86_64-linux-gnu/9/../../../../lib32/Scrt1.o (not found) and /home/ubikvalis/Documents/Studium/DLP-IBE/RIOT/examples/bindist/bin/native/periph_common/spi.o (0x3)
Removed property 0xc0000002 to merge /usr/lib/gcc/x86_64-linux-gnu/9/../../../../lib32/Scrt1.o (not found) and /home/ubikvalis/Documents/Studium/DLP-IBE/RIOT/examples/bindist/bin/native/periph_common/timer.o (0x3)
Removed property 0xc0000002 to merge /usr/lib/gcc/x86_64-linux-gnu/9/../../../../lib32/Scrt1.o (not found) and /home/ubikvalis/Documents/Studium/DLP-IBE/RIOT/examples/bindist/bin/native/periph/gpio_linux.o (0x3)
Removed property 0xc0000002 to merge /usr/lib/gcc/x86_64-linux-gnu/9/../../../../lib32/Scrt1.o (not found) and /home/ubikvalis/Documents/Studium/DLP-IBE/RIOT/examples/bindist/bin/native/periph/pm.o (0x3)
Removed property 0xc0000002 to merge /usr/lib/gcc/x86_64-linux-gnu/9/../../../../lib32/Scrt1.o (not found) and /home/ubikvalis/Documents/Studium/DLP-IBE/RIOT/examples/bindist/bin/native/periph/uart.o (0x3)
Removed property 0xc0000002 to merge /usr/lib/gcc/x86_64-linux-gnu/9/../../../../lib32/Scrt1.o (not found) and /home/ubikvalis/Documents/Studium/DLP-IBE/RIOT/examples/bindist/bin/native/stdio_native/stdio_native.o (0x3)
Removed property 0xc0000002 to merge /usr/lib/gcc/x86_64-linux-gnu/9/../../../../lib32/Scrt1.o (not found) and /usr/lib32/libc_nonshared.a(elf-init.oS) (0x3)
Removed property 0xc0000002 to merge /usr/lib/gcc/x86_64-linux-gnu/9/../../../../lib32/Scrt1.o (not found) and /usr/lib32/libc_nonshared.a(stack_chk_fail_local.oS) (0x3)
Removed property 0xc0000002 to merge /usr/lib/gcc/x86_64-linux-gnu/9/../../../../lib32/Scrt1.o (not found) and /usr/lib/gcc/x86_64-linux-gnu/9/32/crtendS.o (0x3)
Removed property 0xc0000002 to merge /usr/lib/gcc/x86_64-linux-gnu/9/../../../../lib32/Scrt1.o (not found) and /usr/lib/gcc/x86_64-linux-gnu/9/../../../../lib32/crtn.o (0x3)

As-needed library included to satisfy reference by file (symbol)
[...]
Memory Configuration

Name             Origin             Length             Attributes
*default*        0x0000000000000000 0xffffffffffffffff

Linker script and memory map

                [!provide]                        PROVIDE (__executable_start = SEGMENT_START ("text-segment", 0x0))
                0x0000000000000194                . = (SEGMENT_START ("text-segment", 0x0) + SIZEOF_HEADERS)

.interp         0x0000000000000194       0x13
 *(.interp)
 .interp        0x0000000000000194       0x13 /usr/lib/gcc/x86_64-linux-gnu/9/../../../../lib32/Scrt1.o

.note.gnu.build-id
                0x00000000000001a8       0x24
 *(.note.gnu.build-id)
 .note.gnu.build-id
                0x00000000000001a8       0x24 /usr/lib/gcc/x86_64-linux-gnu/9/../../../../lib32/Scrt1.o

.note.ABI-tag   0x00000000000001cc       0x20
 .note.ABI-tag  0x00000000000001cc       0x20 /usr/lib/gcc/x86_64-linux-gnu/9/../../../../lib32/Scrt1.o

.hash
 *(.hash)

.gnu.hash       0x00000000000001ec       0xb4
 *(.gnu.hash)
 .gnu.hash      0x00000000000001ec       0xb4 /usr/lib/gcc/x86_64-linux-gnu/9/../../../../lib32/Scrt1.o

.dynsym         0x00000000000002a0      0x340
 *(.dynsym)
 .dynsym        0x00000000000002a0      0x340 /usr/lib/gcc/x86_64-linux-gnu/9/../../../../lib32/Scrt1.o

.dynstr         0x00000000000005e0      0x217
 *(.dynstr)
 .dynstr        0x00000000000005e0      0x217 /usr/lib/gcc/x86_64-linux-gnu/9/../../../../lib32/Scrt1.o

.gnu.version    0x00000000000007f8       0x68
 *(.gnu.version)
 .gnu.version   0x00000000000007f8       0x68 /usr/lib/gcc/x86_64-linux-gnu/9/../../../../lib32/Scrt1.o

.gnu.version_d  0x0000000000000860        0x0
 *(.gnu.version_d)
 .gnu.version_d
                0x0000000000000860        0x0 /usr/lib/gcc/x86_64-linux-gnu/9/../../../../lib32/Scrt1.o

.gnu.version_r  0x0000000000000860       0x80
 *(.gnu.version_r)
 .gnu.version_r
                0x0000000000000860       0x80 /usr/lib/gcc/x86_64-linux-gnu/9/../../../../lib32/Scrt1.o

.rel.dyn        0x00000000000008e0      0x100
 *(.rel.init)
 *(.rel.text .rel.text.* .rel.gnu.linkonce.t.*)
 .rel.text.core_panic
                0x00000000000008e0        0x0 /usr/lib/gcc/x86_64-linux-gnu/9/../../../../lib32/Scrt1.o
 .rel.text      0x00000000000008e0       0x38 /usr/lib/gcc/x86_64-linux-gnu/9/../../../../lib32/Scrt1.o
 *(.rel.fini)
 *(.rel.rodata .rel.rodata.* .rel.gnu.linkonce.r.*)
 *(.rel.data.rel.ro .rel.data.rel.ro.* .rel.gnu.linkonce.d.rel.ro.*)
 .rel.data.rel.ro
                0x0000000000000918        0x0 /usr/lib/gcc/x86_64-linux-gnu/9/../../../../lib32/Scrt1.o
 .rel.data.rel.ro.local.long_opts
                0x0000000000000918       0x48 /usr/lib/gcc/x86_64-linux-gnu/9/../../../../lib32/Scrt1.o
 *(.rel.data .rel.data.* .rel.gnu.linkonce.d.*)
 .rel.data.rel.local
                0x0000000000000960        0x8 /usr/lib/gcc/x86_64-linux-gnu/9/../../../../lib32/Scrt1.o
 *(.rel.tdata .rel.tdata.* .rel.gnu.linkonce.td.*)
 *(.rel.tbss .rel.tbss.* .rel.gnu.linkonce.tb.*)
 *(.rel.ctors)
 *(.rel.dtors)
 *(.rel.got)
 .rel.got       0x0000000000000968       0x60 /usr/lib/gcc/x86_64-linux-gnu/9/../../../../lib32/Scrt1.o
 *(.rel.bss .rel.bss.* .rel.gnu.linkonce.b.*)
 .rel.bss       0x00000000000009c8        0x0 /usr/lib/gcc/x86_64-linux-gnu/9/../../../../lib32/Scrt1.o
 *(.rel.ifunc)
 .rel.ifunc     0x00000000000009c8        0x0 /usr/lib/gcc/x86_64-linux-gnu/9/../../../../lib32/Scrt1.o
 .rel.fini_array
                0x00000000000009c8        0x8 /usr/lib/gcc/x86_64-linux-gnu/9/../../../../lib32/Scrt1.o
 .rel.init_array
                0x00000000000009d0       0x10 /usr/lib/gcc/x86_64-linux-gnu/9/../../../../lib32/Scrt1.o

.rel.plt        0x00000000000009e0       0xc0
 *(.rel.plt)
 .rel.plt       0x00000000000009e0       0xc0 /usr/lib/gcc/x86_64-linux-gnu/9/../../../../lib32/Scrt1.o
 *(.rel.iplt)
                0x0000000000001000                . = ALIGN (CONSTANT (MAXPAGESIZE))

.init           0x0000000000001000       0x24
 *(SORT_NONE(.init))
 .init          0x0000000000001000       0x1f /usr/lib/gcc/x86_64-linux-gnu/9/../../../../lib32/crti.o
                0x0000000000001000                _init
 .init          0x000000000000101f        0x5 /usr/lib/gcc/x86_64-linux-gnu/9/../../../../lib32/crtn.o

.plt            0x0000000000001030      0x190
 *(.plt)
 .plt           0x0000000000001030      0x190 /usr/lib/gcc/x86_64-linux-gnu/9/../../../../lib32/Scrt1.o
 *(.iplt)

.plt.got        0x00000000000011c0        0x8
 *(.plt.got)
 .plt.got       0x00000000000011c0        0x8 /usr/lib/gcc/x86_64-linux-gnu/9/../../../../lib32/Scrt1.o

.plt.sec
 *(.plt.sec)

.text           0x00000000000011d0     0x3448
 *(.text.unlikely .text.*_unlikely .text.unlikely.*)
 *(.text.exit .text.exit.*)
 *(.text.startup .text.startup.*)
 .text.startup  0x00000000000011d0      0x2ee /home/ubikvalis/Documents/Studium/DLP-IBE/RIOT/examples/bindist/bin/native/cpu/startup.o
 *(.text.hot .text.hot.*)
 *(SORT_BY_NAME(.text.sorted.*))
 *(.text .stub .text.* .gnu.linkonce.t.*)
 *fill*         0x00000000000014be        0x2 
 .text          0x00000000000014c0       0x3a /usr/lib/gcc/x86_64-linux-gnu/9/../../../../lib32/Scrt1.o
                0x00000000000014c0                _start
 *fill*         0x00000000000014fa        0x6 
 .text.__x86.get_pc_thunk.bx
                0x0000000000001500        0x4 /usr/lib/gcc/x86_64-linux-gnu/9/../../../../lib32/crti.o
                0x0000000000001500                __x86.get_pc_thunk.bx
 *fill*         0x0000000000001504        0xc 
 .text          0x0000000000001510       0xe9 /usr/lib/gcc/x86_64-linux-gnu/9/32/crtbeginS.o
 .text.__x86.get_pc_thunk.dx
                0x00000000000015f9        0x4 /usr/lib/gcc/x86_64-linux-gnu/9/32/crtbeginS.o
                0x00000000000015f9                __x86.get_pc_thunk.dx
 .text.abc      0x00000000000015fd       0x45 /home/ubikvalis/Documents/Studium/DLP-IBE/RIOT/examples/bindist/bin/native/abc/abc.o
                0x00000000000015fd                abc
 .text.main     0x0000000000001642       0x60 /home/ubikvalis/Documents/Studium/DLP-IBE/RIOT/examples/bindist/bin/native/application_bindist/main.o
                0x0000000000001642                main
 .text.auto_init
                0x00000000000016a2       0x27 /home/ubikvalis/Documents/Studium/DLP-IBE/RIOT/examples/bindist/bin/native/auto_init/auto_init.o
                0x00000000000016a2                auto_init
 .text.board_init
                0x00000000000016c9       0x52 /home/ubikvalis/Documents/Studium/DLP-IBE/RIOT/examples/bindist/bin/native/board/board_init.o
                0x00000000000016c9                board_init
 .text._assert_failure
                0x000000000000171b       0x43 /home/ubikvalis/Documents/Studium/DLP-IBE/RIOT/examples/bindist/bin/native/core/assert.o
                0x000000000000171b                _assert_failure
 .text.main_trampoline
                0x000000000000175e       0x57 /home/ubikvalis/Documents/Studium/DLP-IBE/RIOT/examples/bindist/bin/native/core/init.o
 .text.idle_thread
                0x00000000000017b5       0x26 /home/ubikvalis/Documents/Studium/DLP-IBE/RIOT/examples/bindist/bin/native/core/init.o
 .text.kernel_init
                0x00000000000017db       0x7c /home/ubikvalis/Documents/Studium/DLP-IBE/RIOT/examples/bindist/bin/native/core/init.o
                0x00000000000017db                kernel_init
 .text.__x86.get_pc_thunk.ax
                0x0000000000001857        0x4 /home/ubikvalis/Documents/Studium/DLP-IBE/RIOT/examples/bindist/bin/native/core/msg.o
                0x0000000000001857                __x86.get_pc_thunk.ax
 .text.__x86.get_pc_thunk.si
                0x000000000000185b        0x4 /home/ubikvalis/Documents/Studium/DLP-IBE/RIOT/examples/bindist/bin/native/core/msg.o
                0x000000000000185b                __x86.get_pc_thunk.si
 .text.panic_app
                0x000000000000185f       0x27 /home/ubikvalis/Documents/Studium/DLP-IBE/RIOT/examples/bindist/bin/native/core/panic.o
                0x000000000000185f                panic_app
 .text.core_panic
                0x0000000000001886       0x93 /home/ubikvalis/Documents/Studium/DLP-IBE/RIOT/examples/bindist/bin/native/core/panic.o
                0x0000000000001886                core_panic
 .text._unschedule
                0x0000000000001919       0x35 /home/ubikvalis/Documents/Studium/DLP-IBE/RIOT/examples/bindist/bin/native/core/sched.o
 .text.sched_run
                0x000000000000194e       0x93 /home/ubikvalis/Documents/Studium/DLP-IBE/RIOT/examples/bindist/bin/native/core/sched.o
                0x000000000000194e                sched_run
 .text.sched_set_status
                0x00000000000019e1       0xd9 /home/ubikvalis/Documents/Studium/DLP-IBE/RIOT/examples/bindist/bin/native/core/sched.o
                0x00000000000019e1                sched_set_status
 .text.sched_switch
                0x0000000000001aba       0x6f /home/ubikvalis/Documents/Studium/DLP-IBE/RIOT/examples/bindist/bin/native/core/sched.o
                0x0000000000001aba                sched_switch
 .text.sched_task_exit
                0x0000000000001b29       0x65 /home/ubikvalis/Documents/Studium/DLP-IBE/RIOT/examples/bindist/bin/native/core/sched.o
                0x0000000000001b29                sched_task_exit
 .text.thread_create
                0x0000000000001b8e      0x1ff /home/ubikvalis/Documents/Studium/DLP-IBE/RIOT/examples/bindist/bin/native/core/thread.o
                0x0000000000001b8e                thread_create
 .text.__x86.get_pc_thunk.cx
                0x0000000000001d8d        0x4 /home/ubikvalis/Documents/Studium/DLP-IBE/RIOT/examples/bindist/bin/native/core/thread.o
                0x0000000000001d8d                __x86.get_pc_thunk.cx
 .text.native_async_read_cleanup
                0x0000000000001d91       0x89 /home/ubikvalis/Documents/Studium/DLP-IBE/RIOT/examples/bindist/bin/native/cpu/async_read.o
                0x0000000000001d91                native_async_read_cleanup
 .text.native_shutdown
                0x0000000000001e1a       0x3b /home/ubikvalis/Documents/Studium/DLP-IBE/RIOT/examples/bindist/bin/native/cpu/irq_cpu.o
 .text.irq_disable
                0x0000000000001e55       0x86 /home/ubikvalis/Documents/Studium/DLP-IBE/RIOT/examples/bindist/bin/native/cpu/irq_cpu.o
                0x0000000000001e55                irq_disable
 .text.irq_enable
                0x0000000000001edb       0xa6 /home/ubikvalis/Documents/Studium/DLP-IBE/RIOT/examples/bindist/bin/native/cpu/irq_cpu.o
                0x0000000000001edb                irq_enable
 .text.irq_restore
                0x0000000000001f81       0x3c /home/ubikvalis/Documents/Studium/DLP-IBE/RIOT/examples/bindist/bin/native/cpu/irq_cpu.o
                0x0000000000001f81                irq_restore
 .text.irq_is_in
                0x0000000000001fbd       0x3a /home/ubikvalis/Documents/Studium/DLP-IBE/RIOT/examples/bindist/bin/native/cpu/irq_cpu.o
                0x0000000000001fbd                irq_is_in
 .text._native_popsig
                0x0000000000001ff7       0x92 /home/ubikvalis/Documents/Studium/DLP-IBE/RIOT/examples/bindist/bin/native/cpu/irq_cpu.o
                0x0000000000001ff7                _native_popsig
 .text.native_irq_handler
                0x0000000000002089       0x7c /home/ubikvalis/Documents/Studium/DLP-IBE/RIOT/examples/bindist/bin/native/cpu/irq_cpu.o
                0x0000000000002089                native_irq_handler
 .text.isr_set_sigmask
                0x0000000000002105       0x54 /home/ubikvalis/Documents/Studium/DLP-IBE/RIOT/examples/bindist/bin/native/cpu/irq_cpu.o
                0x0000000000002105                isr_set_sigmask
 .text.native_isr_entry
                0x0000000000002159      0x169 /home/ubikvalis/Documents/Studium/DLP-IBE/RIOT/examples/bindist/bin/native/cpu/irq_cpu.o
                0x0000000000002159                native_isr_entry
 .text.set_signal_handler
                0x00000000000022c2      0x14a /home/ubikvalis/Documents/Studium/DLP-IBE/RIOT/examples/bindist/bin/native/cpu/irq_cpu.o
                0x00000000000022c2                set_signal_handler
 .text.register_interrupt
                0x000000000000240c       0x71 /home/ubikvalis/Documents/Studium/DLP-IBE/RIOT/examples/bindist/bin/native/cpu/irq_cpu.o
                0x000000000000240c                register_interrupt
 .text.unregister_interrupt
                0x000000000000247d       0x6b /home/ubikvalis/Documents/Studium/DLP-IBE/RIOT/examples/bindist/bin/native/cpu/irq_cpu.o
                0x000000000000247d                unregister_interrupt
 .text.native_interrupt_init
                0x00000000000024e8      0x396 /home/ubikvalis/Documents/Studium/DLP-IBE/RIOT/examples/bindist/bin/native/cpu/irq_cpu.o
                0x00000000000024e8                native_interrupt_init
 .text.__x86.get_pc_thunk.di
                0x000000000000287e        0x4 /home/ubikvalis/Documents/Studium/DLP-IBE/RIOT/examples/bindist/bin/native/cpu/irq_cpu.o
                0x000000000000287e                __x86.get_pc_thunk.di
 .text.__x86.get_pc_thunk.bp
                0x0000000000002882        0x4 /home/ubikvalis/Documents/Studium/DLP-IBE/RIOT/examples/bindist/bin/native/cpu/irq_cpu.o
                0x0000000000002882                __x86.get_pc_thunk.bp
 .text._native_mod_ctx_leave_sigh
                0x0000000000002886       0x46 /home/ubikvalis/Documents/Studium/DLP-IBE/RIOT/examples/bindist/bin/native/cpu/native_cpu.o
 .text.isr_cpu_switch_context_exit
                0x00000000000028cc       0x8f /home/ubikvalis/Documents/Studium/DLP-IBE/RIOT/examples/bindist/bin/native/cpu/native_cpu.o
                0x00000000000028cc                isr_cpu_switch_context_exit
 .text.isr_thread_yield
                0x000000000000295b       0x8f /home/ubikvalis/Documents/Studium/DLP-IBE/RIOT/examples/bindist/bin/native/cpu/native_cpu.o
                0x000000000000295b                isr_thread_yield
 .text.thread_stack_init
                0x00000000000029ea       0xfb /home/ubikvalis/Documents/Studium/DLP-IBE/RIOT/examples/bindist/bin/native/cpu/native_cpu.o
                0x00000000000029ea                thread_stack_init
 .text.cpu_switch_context_exit
                0x0000000000002ae5       0xa3 /home/ubikvalis/Documents/Studium/DLP-IBE/RIOT/examples/bindist/bin/native/cpu/native_cpu.o
                0x0000000000002ae5                cpu_switch_context_exit
 .text.thread_yield_higher
                0x0000000000002b88       0xe8 /home/ubikvalis/Documents/Studium/DLP-IBE/RIOT/examples/bindist/bin/native/cpu/native_cpu.o
                0x0000000000002b88                thread_yield_higher
 .text.native_cpu_init
                0x0000000000002c70       0xa5 /home/ubikvalis/Documents/Studium/DLP-IBE/RIOT/examples/bindist/bin/native/cpu/native_cpu.o
                0x0000000000002c70                native_cpu_init
 .text.panic_arch
                0x0000000000002d15       0x48 /home/ubikvalis/Documents/Studium/DLP-IBE/RIOT/examples/bindist/bin/native/cpu/panic.o
                0x0000000000002d15                panic_arch
 .text._reset_handler
                0x0000000000002d5d       0x3b /home/ubikvalis/Documents/Studium/DLP-IBE/RIOT/examples/bindist/bin/native/cpu/startup.o
 .text.filter_daemonize_argv
                0x0000000000002d98       0x84 /home/ubikvalis/Documents/Studium/DLP-IBE/RIOT/examples/bindist/bin/native/cpu/startup.o
 .text._native_input
                0x0000000000002e1c       0x94 /home/ubikvalis/Documents/Studium/DLP-IBE/RIOT/examples/bindist/bin/native/cpu/startup.o
                0x0000000000002e1c                _native_input
 .text._native_log_output
                0x0000000000002eb0      0x15e /home/ubikvalis/Documents/Studium/DLP-IBE/RIOT/examples/bindist/bin/native/cpu/startup.o
                0x0000000000002eb0                _native_log_output
 .text.daemonize
                0x000000000000300e       0xe7 /home/ubikvalis/Documents/Studium/DLP-IBE/RIOT/examples/bindist/bin/native/cpu/startup.o
                0x000000000000300e                daemonize
 .text.usage_exit
                0x00000000000030f5       0x89 /home/ubikvalis/Documents/Studium/DLP-IBE/RIOT/examples/bindist/bin/native/cpu/startup.o
                0x00000000000030f5                usage_exit
 .text._native_syscall_enter
                0x000000000000317e       0x3e /home/ubikvalis/Documents/Studium/DLP-IBE/RIOT/examples/bindist/bin/native/cpu/syscalls.o
                0x000000000000317e                _native_syscall_enter
 .text.err      0x00000000000031bc       0x2a /home/ubikvalis/Documents/Studium/DLP-IBE/RIOT/examples/bindist/bin/native/cpu/syscalls.o
                0x00000000000031bc                err
 .text._native_syscall_leave
                0x00000000000031e6       0xfe /home/ubikvalis/Documents/Studium/DLP-IBE/RIOT/examples/bindist/bin/native/cpu/syscalls.o
                0x00000000000031e6                _native_syscall_leave
 .text.malloc   0x00000000000032e4       0xa0 /home/ubikvalis/Documents/Studium/DLP-IBE/RIOT/examples/bindist/bin/native/cpu/syscalls.o
                0x00000000000032e4                malloc
 .text.free     0x0000000000003384       0x53 /home/ubikvalis/Documents/Studium/DLP-IBE/RIOT/examples/bindist/bin/native/cpu/syscalls.o
                0x0000000000003384                free
 .text.calloc   0x00000000000033d7       0xa7 /home/ubikvalis/Documents/Studium/DLP-IBE/RIOT/examples/bindist/bin/native/cpu/syscalls.o
                0x00000000000033d7                calloc
 .text.realloc  0x000000000000347e       0x5e /home/ubikvalis/Documents/Studium/DLP-IBE/RIOT/examples/bindist/bin/native/cpu/syscalls.o
                0x000000000000347e                realloc
 .text.make_message
                0x00000000000034dc       0xb8 /home/ubikvalis/Documents/Studium/DLP-IBE/RIOT/examples/bindist/bin/native/cpu/syscalls.o
                0x00000000000034dc                make_message
 .text._native_write
                0x0000000000003594       0x6a /home/ubikvalis/Documents/Studium/DLP-IBE/RIOT/examples/bindist/bin/native/cpu/syscalls.o
                0x0000000000003594                _native_write
 .text.putchar  0x00000000000035fe       0x47 /home/ubikvalis/Documents/Studium/DLP-IBE/RIOT/examples/bindist/bin/native/cpu/syscalls.o
                0x00000000000035fe                putchar
 .text.puts     0x0000000000003645       0x5d /home/ubikvalis/Documents/Studium/DLP-IBE/RIOT/examples/bindist/bin/native/cpu/syscalls.o
                0x0000000000003645                puts
 .text.vwarn    0x00000000000036a2      0x138 /home/ubikvalis/Documents/Studium/DLP-IBE/RIOT/examples/bindist/bin/native/cpu/syscalls.o
                0x00000000000036a2                vwarn
 .text.verr     0x00000000000037da       0x3a /home/ubikvalis/Documents/Studium/DLP-IBE/RIOT/examples/bindist/bin/native/cpu/syscalls.o
                0x00000000000037da                verr
 .text.warn     0x0000000000003814       0x3d /home/ubikvalis/Documents/Studium/DLP-IBE/RIOT/examples/bindist/bin/native/cpu/syscalls.o
                0x0000000000003814                warn
 .text.vwarnx   0x0000000000003851       0xee /home/ubikvalis/Documents/Studium/DLP-IBE/RIOT/examples/bindist/bin/native/cpu/syscalls.o
                0x0000000000003851                vwarnx
 .text.verrx    0x000000000000393f       0x3a /home/ubikvalis/Documents/Studium/DLP-IBE/RIOT/examples/bindist/bin/native/cpu/syscalls.o
                0x000000000000393f                verrx
 .text.warnx    0x0000000000003979       0x3d /home/ubikvalis/Documents/Studium/DLP-IBE/RIOT/examples/bindist/bin/native/cpu/syscalls.o
                0x0000000000003979                warnx
 .text.vfprintf
                0x00000000000039b6       0x9d /home/ubikvalis/Documents/Studium/DLP-IBE/RIOT/examples/bindist/bin/native/cpu/syscalls.o
                0x00000000000039b6                vfprintf
 .text.vprintf  0x0000000000003a53       0x4b /home/ubikvalis/Documents/Studium/DLP-IBE/RIOT/examples/bindist/bin/native/cpu/syscalls.o
                0x0000000000003a53                vprintf
 .text.printf   0x0000000000003a9e       0x4f /home/ubikvalis/Documents/Studium/DLP-IBE/RIOT/examples/bindist/bin/native/cpu/syscalls.o
                0x0000000000003a9e                printf
 .text.fprintf  0x0000000000003aed       0x41 /home/ubikvalis/Documents/Studium/DLP-IBE/RIOT/examples/bindist/bin/native/cpu/syscalls.o
                0x0000000000003aed                fprintf
 .text.errx     0x0000000000003b2e       0x2a /home/ubikvalis/Documents/Studium/DLP-IBE/RIOT/examples/bindist/bin/native/cpu/syscalls.o
                0x0000000000003b2e                errx
 .text.getpid   0x0000000000003b58       0x47 /home/ubikvalis/Documents/Studium/DLP-IBE/RIOT/examples/bindist/bin/native/cpu/syscalls.o
                0x0000000000003b58                getpid
 .text._native_init_syscalls
                0x0000000000003b9f      0x4cb /home/ubikvalis/Documents/Studium/DLP-IBE/RIOT/examples/bindist/bin/native/cpu/syscalls.o
                0x0000000000003b9f                _native_init_syscalls
 .text          0x000000000000406a       0x3f /home/ubikvalis/Documents/Studium/DLP-IBE/RIOT/examples/bindist/bin/native/cpu/tramp.o
                0x000000000000406a                _native_sig_leave_tramp
                0x0000000000004098                _native_sig_leave_handler
 .text._native_LED_GREEN_ON
                0x00000000000040a9       0x45 /home/ubikvalis/Documents/Studium/DLP-IBE/RIOT/examples/bindist/bin/native/native_drivers/native-led.o
                0x00000000000040a9                _native_LED_GREEN_ON
 .text._native_LED_RED_OFF
                0x00000000000040ee       0x45 /home/ubikvalis/Documents/Studium/DLP-IBE/RIOT/examples/bindist/bin/native/native_drivers/native-led.o
                0x00000000000040ee                _native_LED_RED_OFF
 .text.periph_init
                0x0000000000004133       0x27 /home/ubikvalis/Documents/Studium/DLP-IBE/RIOT/examples/bindist/bin/native/periph_common/init.o
                0x0000000000004133                periph_init
 .text.gpio_linux_setup
                0x000000000000415a      0x15d /home/ubikvalis/Documents/Studium/DLP-IBE/RIOT/examples/bindist/bin/native/periph/gpio_linux.o
                0x000000000000415a                gpio_linux_setup
 .text.gpio_linux_teardown
                0x00000000000042b7       0xe9 /home/ubikvalis/Documents/Studium/DLP-IBE/RIOT/examples/bindist/bin/native/periph/gpio_linux.o
                0x00000000000042b7                gpio_linux_teardown
 .text._native_sleep
                0x00000000000043a0       0x72 /home/ubikvalis/Documents/Studium/DLP-IBE/RIOT/examples/bindist/bin/native/periph/pm.o
 .text.pm_set_lowest
                0x0000000000004412       0x2e /home/ubikvalis/Documents/Studium/DLP-IBE/RIOT/examples/bindist/bin/native/periph/pm.o
                0x0000000000004412                pm_set_lowest
 .text.pm_off   0x0000000000004440       0x3f /home/ubikvalis/Documents/Studium/DLP-IBE/RIOT/examples/bindist/bin/native/periph/pm.o
                0x0000000000004440                pm_off
 .text.pm_reboot
                0x000000000000447f       0x77 /home/ubikvalis/Documents/Studium/DLP-IBE/RIOT/examples/bindist/bin/native/periph/pm.o
                0x000000000000447f                pm_reboot
 .text.tty_uart_setup
                0x00000000000044f6       0x54 /home/ubikvalis/Documents/Studium/DLP-IBE/RIOT/examples/bindist/bin/native/periph/uart.o
                0x00000000000044f6                tty_uart_setup
 .text.stdio_init
                0x000000000000454a       0x27 /home/ubikvalis/Documents/Studium/DLP-IBE/RIOT/examples/bindist/bin/native/stdio_native/stdio_native.o
                0x000000000000454a                stdio_init
 *fill*         0x0000000000004571        0xf 
 .text          0x0000000000004580       0x75 /usr/lib32/libc_nonshared.a(elf-init.oS)
                0x0000000000004580                __libc_csu_init
                0x00000000000045f0                __libc_csu_fini
 *fill*         0x00000000000045f5        0xb 
 .text          0x0000000000004600       0x18 /usr/lib32/libc_nonshared.a(stack_chk_fail_local.oS)
                0x0000000000004600                __stack_chk_fail_local
 *(.gnu.warning)
LOAD /usr/lib/gcc/x86_64-linux-gnu/9/../../../../lib32/Scrt1.o
LOAD /usr/lib/gcc/x86_64-linux-gnu/9/../../../../lib32/crti.o
LOAD /usr/lib/gcc/x86_64-linux-gnu/9/32/crtbeginS.o
LOAD /home/ubikvalis/Documents/Studium/DLP-IBE/RIOT/examples/bindist/bin/native/abc/abc.o
LOAD /home/ubikvalis/Documents/Studium/DLP-IBE/RIOT/examples/bindist/bin/native/application_bindist/main.o
LOAD /home/ubikvalis/Documents/Studium/DLP-IBE/RIOT/examples/bindist/bin/native/auto_init/auto_init.o
LOAD /home/ubikvalis/Documents/Studium/DLP-IBE/RIOT/examples/bindist/bin/native/board/board_init.o
LOAD /home/ubikvalis/Documents/Studium/DLP-IBE/RIOT/examples/bindist/bin/native/core/assert.o
LOAD /home/ubikvalis/Documents/Studium/DLP-IBE/RIOT/examples/bindist/bin/native/core/atomic_c11.o
LOAD /home/ubikvalis/Documents/Studium/DLP-IBE/RIOT/examples/bindist/bin/native/core/atomic_sync.o
LOAD /home/ubikvalis/Documents/Studium/DLP-IBE/RIOT/examples/bindist/bin/native/core/bitarithm.o
LOAD /home/ubikvalis/Documents/Studium/DLP-IBE/RIOT/examples/bindist/bin/native/core/clist.o
LOAD /home/ubikvalis/Documents/Studium/DLP-IBE/RIOT/examples/bindist/bin/native/core/cond.o
LOAD /home/ubikvalis/Documents/Studium/DLP-IBE/RIOT/examples/bindist/bin/native/core/init.o
LOAD /home/ubikvalis/Documents/Studium/DLP-IBE/RIOT/examples/bindist/bin/native/core/msg.o
LOAD /home/ubikvalis/Documents/Studium/DLP-IBE/RIOT/examples/bindist/bin/native/core/mutex.o
LOAD /home/ubikvalis/Documents/Studium/DLP-IBE/RIOT/examples/bindist/bin/native/core/panic.o
LOAD /home/ubikvalis/Documents/Studium/DLP-IBE/RIOT/examples/bindist/bin/native/core/priority_queue.o
LOAD /home/ubikvalis/Documents/Studium/DLP-IBE/RIOT/examples/bindist/bin/native/core/ringbuffer.o
LOAD /home/ubikvalis/Documents/Studium/DLP-IBE/RIOT/examples/bindist/bin/native/core/rmutex.o
LOAD /home/ubikvalis/Documents/Studium/DLP-IBE/RIOT/examples/bindist/bin/native/core/sched.o
LOAD /home/ubikvalis/Documents/Studium/DLP-IBE/RIOT/examples/bindist/bin/native/core/thread.o
LOAD /home/ubikvalis/Documents/Studium/DLP-IBE/RIOT/examples/bindist/bin/native/cpu/async_read.o
LOAD /home/ubikvalis/Documents/Studium/DLP-IBE/RIOT/examples/bindist/bin/native/cpu/irq_cpu.o
LOAD /home/ubikvalis/Documents/Studium/DLP-IBE/RIOT/examples/bindist/bin/native/cpu/native_cpu.o
LOAD /home/ubikvalis/Documents/Studium/DLP-IBE/RIOT/examples/bindist/bin/native/cpu/panic.o
LOAD /home/ubikvalis/Documents/Studium/DLP-IBE/RIOT/examples/bindist/bin/native/cpu/startup.o
LOAD /home/ubikvalis/Documents/Studium/DLP-IBE/RIOT/examples/bindist/bin/native/cpu/syscalls.o
LOAD /home/ubikvalis/Documents/Studium/DLP-IBE/RIOT/examples/bindist/bin/native/cpu/tramp.o
LOAD /home/ubikvalis/Documents/Studium/DLP-IBE/RIOT/examples/bindist/bin/native/native_drivers/native-led.o
LOAD /home/ubikvalis/Documents/Studium/DLP-IBE/RIOT/examples/bindist/bin/native/native_drivers/native-qdec.o
LOAD /home/ubikvalis/Documents/Studium/DLP-IBE/RIOT/examples/bindist/bin/native/periph_common/cpuid.o
LOAD /home/ubikvalis/Documents/Studium/DLP-IBE/RIOT/examples/bindist/bin/native/periph_common/eeprom.o
LOAD /home/ubikvalis/Documents/Studium/DLP-IBE/RIOT/examples/bindist/bin/native/periph_common/flashpage.o
LOAD /home/ubikvalis/Documents/Studium/DLP-IBE/RIOT/examples/bindist/bin/native/periph_common/gpio_util.o
LOAD /home/ubikvalis/Documents/Studium/DLP-IBE/RIOT/examples/bindist/bin/native/periph_common/i2c.o
LOAD /home/ubikvalis/Documents/Studium/DLP-IBE/RIOT/examples/bindist/bin/native/periph_common/init.o
LOAD /home/ubikvalis/Documents/Studium/DLP-IBE/RIOT/examples/bindist/bin/native/periph_common/pm.o
LOAD /home/ubikvalis/Documents/Studium/DLP-IBE/RIOT/examples/bindist/bin/native/periph_common/ptp.o
LOAD /home/ubikvalis/Documents/Studium/DLP-IBE/RIOT/examples/bindist/bin/native/periph_common/rtc.o
LOAD /home/ubikvalis/Documents/Studium/DLP-IBE/RIOT/examples/bindist/bin/native/periph_common/spi.o
LOAD /home/ubikvalis/Documents/Studium/DLP-IBE/RIOT/examples/bindist/bin/native/periph_common/timer.o
LOAD /home/ubikvalis/Documents/Studium/DLP-IBE/RIOT/examples/bindist/bin/native/periph/gpio_linux.o
LOAD /home/ubikvalis/Documents/Studium/DLP-IBE/RIOT/examples/bindist/bin/native/periph/pm.o
LOAD /home/ubikvalis/Documents/Studium/DLP-IBE/RIOT/examples/bindist/bin/native/periph/uart.o
LOAD /home/ubikvalis/Documents/Studium/DLP-IBE/RIOT/examples/bindist/bin/native/stdio_native/stdio_native.o
LOAD /usr/lib/gcc/x86_64-linux-gnu/9/../../../../lib32/libm.so
LOAD /usr/lib/gcc/x86_64-linux-gnu/9/../../../../lib32/libdl.so
LOAD /usr/lib/gcc/x86_64-linux-gnu/9/32/libgcc.a
LOAD /usr/lib/gcc/x86_64-linux-gnu/9/32/libgcc_s.so
START GROUP
LOAD /usr/lib/gcc/x86_64-linux-gnu/9/../../../i386-linux-gnu/libgcc_s.so.1
LOAD /usr/lib/gcc/x86_64-linux-gnu/9/32/libgcc.a
END GROUP
LOAD /usr/lib/gcc/x86_64-linux-gnu/9/../../../../lib32/libc.so
START GROUP
LOAD /lib32/libc.so.6
LOAD /usr/lib32/libc_nonshared.a
LOAD /lib32/ld-linux.so.2
END GROUP
LOAD /usr/lib/gcc/x86_64-linux-gnu/9/32/libgcc.a
LOAD /usr/lib/gcc/x86_64-linux-gnu/9/32/libgcc_s.so
START GROUP
LOAD /usr/lib/gcc/x86_64-linux-gnu/9/../../../i386-linux-gnu/libgcc_s.so.1
LOAD /usr/lib/gcc/x86_64-linux-gnu/9/32/libgcc.a
END GROUP
LOAD /usr/lib/gcc/x86_64-linux-gnu/9/32/crtendS.o
LOAD /usr/lib/gcc/x86_64-linux-gnu/9/../../../../lib32/crtn.o

.rodata         0x0000000000004618      0xda2
 *(SORT_BY_NAME(.roxfa.*))
 *(.rodata .rodata.* .gnu.linkonce.r.*)
 .rodata.cst4   0x0000000000004618        0x4 /usr/lib/gcc/x86_64-linux-gnu/9/../../../../lib32/Scrt1.o
                0x0000000000004618                _IO_stdin_used
 .rodata.abc.str1.1
                0x000000000000461c        0x5 /home/ubikvalis/Documents/Studium/DLP-IBE/RIOT/examples/bindist/bin/native/abc/abc.o
 .rodata.main.str1.1
                0x0000000000004621       0x15 /home/ubikvalis/Documents/Studium/DLP-IBE/RIOT/examples/bindist/bin/native/application_bindist/main.o
 *fill*         0x0000000000004636        0x2 
 .rodata.board_init.str1.4
                0x0000000000004638       0x1f /home/ubikvalis/Documents/Studium/DLP-IBE/RIOT/examples/bindist/bin/native/board/board_init.o
 .rodata._assert_failure.str1.1
                0x0000000000004657        0xa /home/ubikvalis/Documents/Studium/DLP-IBE/RIOT/examples/bindist/bin/native/core/assert.o
 *fill*         0x0000000000004661        0x3 
 .rodata.main_trampoline.str1.4
                0x0000000000004664       0x3b /home/ubikvalis/Documents/Studium/DLP-IBE/RIOT/examples/bindist/bin/native/core/init.o
 .rodata.kernel_init.str1.1
                0x000000000000469f        0xa /home/ubikvalis/Documents/Studium/DLP-IBE/RIOT/examples/bindist/bin/native/core/init.o
 .rodata.core_panic.str1.1
                0x00000000000046a9       0x2d /home/ubikvalis/Documents/Studium/DLP-IBE/RIOT/examples/bindist/bin/native/core/panic.o
 *fill*         0x00000000000046d6        0x2 
 .rodata.assert_crash_message
                0x00000000000046d8       0x12 /home/ubikvalis/Documents/Studium/DLP-IBE/RIOT/examples/bindist/bin/native/core/panic.o
                0x00000000000046d8                assert_crash_message
 .rodata.irq_disable.str1.1
                0x00000000000046ea       0x19 /home/ubikvalis/Documents/Studium/DLP-IBE/RIOT/examples/bindist/bin/native/cpu/irq_cpu.o
 .rodata.irq_enable.str1.1
                0x0000000000004703       0x35 /home/ubikvalis/Documents/Studium/DLP-IBE/RIOT/examples/bindist/bin/native/cpu/irq_cpu.o
 .rodata._native_popsig.str1.1
                0x0000000000004738       0x1a /home/ubikvalis/Documents/Studium/DLP-IBE/RIOT/examples/bindist/bin/native/cpu/irq_cpu.o
 *fill*         0x0000000000004752        0x2 
 .rodata.native_irq_handler.str1.4
                0x0000000000004754       0x6b /home/ubikvalis/Documents/Studium/DLP-IBE/RIOT/examples/bindist/bin/native/cpu/irq_cpu.o
 *fill*         0x00000000000047bf        0x1 
 .rodata.native_isr_entry.str1.4
                0x00000000000047c0       0x8a /home/ubikvalis/Documents/Studium/DLP-IBE/RIOT/examples/bindist/bin/native/cpu/irq_cpu.o
 .rodata.set_signal_handler.str1.1
                0x000000000000484a       0x3c /home/ubikvalis/Documents/Studium/DLP-IBE/RIOT/examples/bindist/bin/native/cpu/irq_cpu.o
 *fill*         0x0000000000004886        0x2 
 .rodata.native_interrupt_init.str1.4
                0x0000000000004888      0x104 /home/ubikvalis/Documents/Studium/DLP-IBE/RIOT/examples/bindist/bin/native/cpu/irq_cpu.o
 .rodata.native_interrupt_init.str1.1
                0x000000000000498c       0x1c /home/ubikvalis/Documents/Studium/DLP-IBE/RIOT/examples/bindist/bin/native/cpu/irq_cpu.o
 .rodata.isr_cpu_switch_context_exit.str1.4
                0x00000000000049a8       0x50 /home/ubikvalis/Documents/Studium/DLP-IBE/RIOT/examples/bindist/bin/native/cpu/native_cpu.o
 .rodata.isr_thread_yield.str1.1
                0x00000000000049f8       0x1d /home/ubikvalis/Documents/Studium/DLP-IBE/RIOT/examples/bindist/bin/native/cpu/native_cpu.o
 .rodata.thread_stack_init.str1.1
                0x0000000000004a15       0x1e /home/ubikvalis/Documents/Studium/DLP-IBE/RIOT/examples/bindist/bin/native/cpu/native_cpu.o
 *fill*         0x0000000000004a33        0x1 
 .rodata.thread_stack_init.str1.4
                0x0000000000004a34       0x1f /home/ubikvalis/Documents/Studium/DLP-IBE/RIOT/examples/bindist/bin/native/cpu/native_cpu.o
 *fill*         0x0000000000004a53        0x1 
 .rodata.cpu_switch_context_exit.str1.4
                0x0000000000004a54       0x28 /home/ubikvalis/Documents/Studium/DLP-IBE/RIOT/examples/bindist/bin/native/cpu/native_cpu.o
                                         0x4c (size before relaxing)
 .rodata.thread_yield_higher.str1.4
                0x0000000000004a7c       0x65 /home/ubikvalis/Documents/Studium/DLP-IBE/RIOT/examples/bindist/bin/native/cpu/native_cpu.o
 .rodata.native_cpu_init.str1.1
                0x0000000000004ae1       0x1c /home/ubikvalis/Documents/Studium/DLP-IBE/RIOT/examples/bindist/bin/native/cpu/native_cpu.o
 .rodata.filter_daemonize_argv.str1.1
                0x0000000000004afd        0x3 /home/ubikvalis/Documents/Studium/DLP-IBE/RIOT/examples/bindist/bin/native/cpu/startup.o
 .rodata._native_input.str1.1
                0x0000000000004b00       0x1a /home/ubikvalis/Documents/Studium/DLP-IBE/RIOT/examples/bindist/bin/native/cpu/startup.o
 *fill*         0x0000000000004b1a        0x2 
 .rodata._native_input.str1.4
                0x0000000000004b1c       0x24 /home/ubikvalis/Documents/Studium/DLP-IBE/RIOT/examples/bindist/bin/native/cpu/startup.o
 .rodata._native_log_output.str1.1
                0x0000000000004b40       0x4f /home/ubikvalis/Documents/Studium/DLP-IBE/RIOT/examples/bindist/bin/native/cpu/startup.o
                                         0x53 (size before relaxing)
 *fill*         0x0000000000004b8f        0x1 
 .rodata._native_log_output.str1.4
                0x0000000000004b90       0x49 /home/ubikvalis/Documents/Studium/DLP-IBE/RIOT/examples/bindist/bin/native/cpu/startup.o
 .rodata.daemonize.str1.1
                0x0000000000004bd9       0x43 /home/ubikvalis/Documents/Studium/DLP-IBE/RIOT/examples/bindist/bin/native/cpu/startup.o
 .rodata.usage_exit.str1.1
                0x0000000000004c1c       0x28 /home/ubikvalis/Documents/Studium/DLP-IBE/RIOT/examples/bindist/bin/native/cpu/startup.o
                                         0x2b (size before relaxing)
 .rodata.usage_exit.str1.4
                0x0000000000004c44      0x3d4 /home/ubikvalis/Documents/Studium/DLP-IBE/RIOT/examples/bindist/bin/native/cpu/startup.o
 .rodata.startup.str1.4
                0x0000000000005018       0x2f /home/ubikvalis/Documents/Studium/DLP-IBE/RIOT/examples/bindist/bin/native/cpu/startup.o
 *fill*         0x0000000000005047        0x1 
 .rodata.startup
                0x0000000000005048       0xbc /home/ubikvalis/Documents/Studium/DLP-IBE/RIOT/examples/bindist/bin/native/cpu/startup.o
 .rodata.str1.1
                0x0000000000005104       0x4c /home/ubikvalis/Documents/Studium/DLP-IBE/RIOT/examples/bindist/bin/native/cpu/startup.o
                                         0x4f (size before relaxing)
 .rodata.short_opts
                0x0000000000005150        0xf /home/ubikvalis/Documents/Studium/DLP-IBE/RIOT/examples/bindist/bin/native/cpu/startup.o
 *fill*         0x000000000000515f        0x1 
 .rodata._native_syscall_leave.str1.4
                0x0000000000005160       0x23 /home/ubikvalis/Documents/Studium/DLP-IBE/RIOT/examples/bindist/bin/native/cpu/syscalls.o
 .rodata.malloc.str1.1
                0x0000000000005183        0x7 /home/ubikvalis/Documents/Studium/DLP-IBE/RIOT/examples/bindist/bin/native/cpu/syscalls.o
 .rodata.calloc.str1.1
                0x000000000000518a        0x7 /home/ubikvalis/Documents/Studium/DLP-IBE/RIOT/examples/bindist/bin/native/cpu/syscalls.o
 .rodata.vwarn.str1.1
                0x0000000000005191        0xb /home/ubikvalis/Documents/Studium/DLP-IBE/RIOT/examples/bindist/bin/native/cpu/syscalls.o
                                          0xd (size before relaxing)
 .rodata.getpid.str1.1
                0x000000000000519c       0x10 /home/ubikvalis/Documents/Studium/DLP-IBE/RIOT/examples/bindist/bin/native/cpu/syscalls.o
 .rodata._native_init_syscalls.str1.1
                0x00000000000051ac      0x134 /home/ubikvalis/Documents/Studium/DLP-IBE/RIOT/examples/bindist/bin/native/cpu/syscalls.o
                                        0x169 (size before relaxing)
 .rodata._native_LED_GREEN_ON.str1.1
                0x00000000000052e0        0xd /home/ubikvalis/Documents/Studium/DLP-IBE/RIOT/examples/bindist/bin/native/native_drivers/native-led.o
 .rodata._native_LED_RED_OFF.str1.1
                0x00000000000052ed        0xc /home/ubikvalis/Documents/Studium/DLP-IBE/RIOT/examples/bindist/bin/native/native_drivers/native-led.o
 .rodata.gpio_linux_setup.str1.1
                0x00000000000052f9       0x43 /home/ubikvalis/Documents/Studium/DLP-IBE/RIOT/examples/bindist/bin/native/periph/gpio_linux.o
 .rodata.gpio_linux_setup.str1.4
                0x000000000000533c       0x20 /home/ubikvalis/Documents/Studium/DLP-IBE/RIOT/examples/bindist/bin/native/periph/gpio_linux.o
 .rodata.pm_off.str1.1
                0x000000000000535c       0x11 /home/ubikvalis/Documents/Studium/DLP-IBE/RIOT/examples/bindist/bin/native/periph/pm.o
 .rodata.pm_reboot.str1.1
                0x000000000000536d       0x21 /home/ubikvalis/Documents/Studium/DLP-IBE/RIOT/examples/bindist/bin/native/periph/pm.o
 *fill*         0x000000000000538e        0x2 
 .rodata.pm_reboot.str1.4
                0x0000000000005390       0x2a /home/ubikvalis/Documents/Studium/DLP-IBE/RIOT/examples/bindist/bin/native/periph/pm.o

.data           0x00000000000053c0       0xc0
 *(SORT_BY_NAME(.xfa.*))
 *(.data .data.* .gnu.linkonce.d.*)
 .data.rel.ro   0x00000000000053c0        0x0 /usr/lib/gcc/x86_64-linux-gnu/9/../../../../lib32/Scrt1.o
 .data.rel.local
                0x00000000000053c0        0x4 /usr/lib/gcc/x86_64-linux-gnu/9/32/crtbeginS.o
                0x00000000000053c0                __dso_handle
 *fill*         0x00000000000053c4       0x1c 
 .data.rel.ro.local.long_opts
                0x00000000000053e0       0xa0 /home/ubikvalis/Documents/Studium/DLP-IBE/RIOT/examples/bindist/bin/native/cpu/startup.o

.tm_clone_table
                0x0000000000005480        0x0
 .tm_clone_table
                0x0000000000005480        0x0 /usr/lib/gcc/x86_64-linux-gnu/9/32/crtbeginS.o
 .tm_clone_table
                0x0000000000005480        0x0 /usr/lib/gcc/x86_64-linux-gnu/9/32/crtendS.o

.fini           0x0000000000005480       0x18
 *(SORT_NONE(.fini))
 .fini          0x0000000000005480       0x13 /usr/lib/gcc/x86_64-linux-gnu/9/../../../../lib32/crti.o
                0x0000000000005480                _fini
 .fini          0x0000000000005493        0x5 /usr/lib/gcc/x86_64-linux-gnu/9/../../../../lib32/crtn.o
                [!provide]                        PROVIDE (__etext = .)
                [!provide]                        PROVIDE (_etext = .)
                [!provide]                        PROVIDE (etext = .)
                0x0000000000006000                . = ALIGN (CONSTANT (MAXPAGESIZE))
                0x0000000000006000                . = SEGMENT_START ("rodata-segment", (ALIGN (CONSTANT (MAXPAGESIZE)) + (. & (CONSTANT (MAXPAGESIZE) - 0x1))))

.rodata1
 *(.rodata1)

.eh_frame_hdr   0x0000000000006000      0x2e4
 *(.eh_frame_hdr)
 .eh_frame_hdr  0x0000000000006000      0x2e4 /usr/lib/gcc/x86_64-linux-gnu/9/../../../../lib32/Scrt1.o
                0x0000000000006000                __GNU_EH_FRAME_HDR
 *(.eh_frame_entry .eh_frame_entry.*)

.eh_frame       0x00000000000062e4     0x19c0
 *(.eh_frame)
 .eh_frame      0x00000000000062e4       0x2c /usr/lib/gcc/x86_64-linux-gnu/9/../../../../lib32/Scrt1.o
 .eh_frame      0x0000000000006310       0x24 /usr/lib/gcc/x86_64-linux-gnu/9/../../../../lib32/Scrt1.o
                                         0x40 (size before relaxing)
 .eh_frame      0x0000000000006334       0x14 /usr/lib/gcc/x86_64-linux-gnu/9/../../../../lib32/Scrt1.o
                                         0x2c (size before relaxing)
 .eh_frame      0x0000000000006348       0x34 /home/ubikvalis/Documents/Studium/DLP-IBE/RIOT/examples/bindist/bin/native/abc/abc.o
                                         0x60 (size before relaxing)
 .eh_frame      0x000000000000637c       0x40 /home/ubikvalis/Documents/Studium/DLP-IBE/RIOT/examples/bindist/bin/native/application_bindist/main.o
                                         0x6c (size before relaxing)
 .eh_frame      0x00000000000063bc       0x1c /home/ubikvalis/Documents/Studium/DLP-IBE/RIOT/examples/bindist/bin/native/auto_init/auto_init.o
                                         0x34 (size before relaxing)
 .eh_frame      0x00000000000063d8       0x38 /home/ubikvalis/Documents/Studium/DLP-IBE/RIOT/examples/bindist/bin/native/board/board_init.o
                                         0x64 (size before relaxing)
 .eh_frame      0x0000000000006410       0x2c /home/ubikvalis/Documents/Studium/DLP-IBE/RIOT/examples/bindist/bin/native/core/assert.o
                                         0x58 (size before relaxing)
 .eh_frame      0x000000000000643c        0x0 /home/ubikvalis/Documents/Studium/DLP-IBE/RIOT/examples/bindist/bin/native/core/atomic_c11.o
                                       0x13d0 (size before relaxing)
 .eh_frame      0x000000000000643c        0x0 /home/ubikvalis/Documents/Studium/DLP-IBE/RIOT/examples/bindist/bin/native/core/bitarithm.o
                                         0x50 (size before relaxing)
 .eh_frame      0x000000000000643c        0x0 /home/ubikvalis/Documents/Studium/DLP-IBE/RIOT/examples/bindist/bin/native/core/clist.o
                                         0x64 (size before relaxing)
 .eh_frame      0x000000000000643c        0x0 /home/ubikvalis/Documents/Studium/DLP-IBE/RIOT/examples/bindist/bin/native/core/cond.o
                                        0x150 (size before relaxing)
 .eh_frame      0x000000000000643c       0xa0 /home/ubikvalis/Documents/Studium/DLP-IBE/RIOT/examples/bindist/bin/native/core/init.o
                                         0xcc (size before relaxing)
 .eh_frame      0x00000000000064dc       0x28 /home/ubikvalis/Documents/Studium/DLP-IBE/RIOT/examples/bindist/bin/native/core/msg.o
                                        0x558 (size before relaxing)
 .eh_frame      0x0000000000006504        0x0 /home/ubikvalis/Documents/Studium/DLP-IBE/RIOT/examples/bindist/bin/native/core/mutex.o
                                        0x270 (size before relaxing)
 .eh_frame      0x0000000000006504       0x60 /home/ubikvalis/Documents/Studium/DLP-IBE/RIOT/examples/bindist/bin/native/core/panic.o
                                         0xa8 (size before relaxing)
 .eh_frame      0x0000000000006564        0x0 /home/ubikvalis/Documents/Studium/DLP-IBE/RIOT/examples/bindist/bin/native/core/priority_queue.o
                                         0x9c (size before relaxing)
 .eh_frame      0x0000000000006564        0x0 /home/ubikvalis/Documents/Studium/DLP-IBE/RIOT/examples/bindist/bin/native/core/ringbuffer.o
                                        0x1f4 (size before relaxing)
 .eh_frame      0x0000000000006564        0x0 /home/ubikvalis/Documents/Studium/DLP-IBE/RIOT/examples/bindist/bin/native/core/rmutex.o
                                        0x10c (size before relaxing)
 .eh_frame      0x0000000000006564       0xcc /home/ubikvalis/Documents/Studium/DLP-IBE/RIOT/examples/bindist/bin/native/core/sched.o
                                        0x10c (size before relaxing)
 .eh_frame      0x0000000000006630       0x98 /home/ubikvalis/Documents/Studium/DLP-IBE/RIOT/examples/bindist/bin/native/core/thread.o
                                        0x2d0 (size before relaxing)
 .eh_frame      0x00000000000066c8       0x48 /home/ubikvalis/Documents/Studium/DLP-IBE/RIOT/examples/bindist/bin/native/cpu/async_read.o
                                        0x2e8 (size before relaxing)
 .eh_frame      0x0000000000006710      0x520 /home/ubikvalis/Documents/Studium/DLP-IBE/RIOT/examples/bindist/bin/native/cpu/irq_cpu.o
                                        0x784 (size before relaxing)
 .eh_frame      0x0000000000006c30      0x1fc /home/ubikvalis/Documents/Studium/DLP-IBE/RIOT/examples/bindist/bin/native/cpu/native_cpu.o
                                        0x274 (size before relaxing)
 .eh_frame      0x0000000000006e2c       0x38 /home/ubikvalis/Documents/Studium/DLP-IBE/RIOT/examples/bindist/bin/native/cpu/panic.o
                                         0x64 (size before relaxing)
 .eh_frame      0x0000000000006e64      0x2f8 /home/ubikvalis/Documents/Studium/DLP-IBE/RIOT/examples/bindist/bin/native/cpu/startup.o
                                        0x338 (size before relaxing)
 .eh_frame      0x000000000000715c      0x824 /home/ubikvalis/Documents/Studium/DLP-IBE/RIOT/examples/bindist/bin/native/cpu/syscalls.o
                                        0x918 (size before relaxing)
 .eh_frame      0x0000000000007980       0x68 /home/ubikvalis/Documents/Studium/DLP-IBE/RIOT/examples/bindist/bin/native/native_drivers/native-led.o
                                        0x164 (size before relaxing)
 .eh_frame      0x00000000000079e8        0x0 /home/ubikvalis/Documents/Studium/DLP-IBE/RIOT/examples/bindist/bin/native/periph_common/eeprom.o
                                        0x150 (size before relaxing)
 .eh_frame      0x00000000000079e8        0x0 /home/ubikvalis/Documents/Studium/DLP-IBE/RIOT/examples/bindist/bin/native/periph_common/gpio_util.o
                                         0x7c (size before relaxing)
 .eh_frame      0x00000000000079e8       0x1c /home/ubikvalis/Documents/Studium/DLP-IBE/RIOT/examples/bindist/bin/native/periph_common/init.o
                                         0x34 (size before relaxing)
 .eh_frame      0x0000000000007a04        0x0 /home/ubikvalis/Documents/Studium/DLP-IBE/RIOT/examples/bindist/bin/native/periph_common/rtc.o
                                        0x264 (size before relaxing)
 .eh_frame      0x0000000000007a04      0x114 /home/ubikvalis/Documents/Studium/DLP-IBE/RIOT/examples/bindist/bin/native/periph/gpio_linux.o
                                        0x2d0 (size before relaxing)
 .eh_frame      0x0000000000007b18       0xb0 /home/ubikvalis/Documents/Studium/DLP-IBE/RIOT/examples/bindist/bin/native/periph/pm.o
                                        0x10c (size before relaxing)
 .eh_frame      0x0000000000007bc8       0x40 /home/ubikvalis/Documents/Studium/DLP-IBE/RIOT/examples/bindist/bin/native/periph/uart.o
                                        0x1c0 (size before relaxing)
 .eh_frame      0x0000000000007c08       0x1c /home/ubikvalis/Documents/Studium/DLP-IBE/RIOT/examples/bindist/bin/native/stdio_native/stdio_native.o
                                         0xa8 (size before relaxing)
 .eh_frame      0x0000000000007c24       0x60 /usr/lib32/libc_nonshared.a(elf-init.oS)
                                         0x8c (size before relaxing)
 .eh_frame      0x0000000000007c84       0x1c /usr/lib32/libc_nonshared.a(stack_chk_fail_local.oS)
                                         0x48 (size before relaxing)
 .eh_frame      0x0000000000007ca0        0x4 /usr/lib/gcc/x86_64-linux-gnu/9/32/crtendS.o
 *(.eh_frame.*)

.gcc_except_table
 *(.gcc_except_table .gcc_except_table.*)

.gnu_extab
 *(.gnu_extab*)

.exception_ranges
 *(.exception_ranges*)
                0x0000000000008e50                . = DATA_SEGMENT_ALIGN (CONSTANT (MAXPAGESIZE), CONSTANT (COMMONPAGESIZE))

.eh_frame
 *(.eh_frame)
 *(.eh_frame.*)

.gnu_extab
 *(.gnu_extab)

.gcc_except_table
 *(.gcc_except_table .gcc_except_table.*)

.exception_ranges
 *(.exception_ranges*)

.tdata          0x0000000000008e50        0x0
                [!provide]                        PROVIDE (__tdata_start = .)
 *(.tdata .tdata.* .gnu.linkonce.td.*)

.tbss
 *(.tbss .tbss.* .gnu.linkonce.tb.*)
 *(.tcommon)

.preinit_array  0x0000000000008e50        0x0
                [!provide]                        PROVIDE (__preinit_array_start = .)
 *(.preinit_array)
                [!provide]                        PROVIDE (__preinit_array_end = .)

.init_array     0x0000000000008e50        0x8
                0x0000000000008e50                PROVIDE (__init_array_start = .)
 *(SORT_BY_INIT_PRIORITY(.init_array.*) SORT_BY_INIT_PRIORITY(.ctors.*))
 *(.init_array EXCLUDE_FILE(*crtend?.o *crtend.o *crtbegin?.o *crtbegin.o) .ctors)
 .init_array    0x0000000000008e50        0x4 /usr/lib/gcc/x86_64-linux-gnu/9/32/crtbeginS.o
 .init_array    0x0000000000008e54        0x4 /home/ubikvalis/Documents/Studium/DLP-IBE/RIOT/examples/bindist/bin/native/cpu/startup.o
                0x0000000000008e58                PROVIDE (__init_array_end = .)

.fini_array     0x0000000000008e58        0x4
                [!provide]                        PROVIDE (__fini_array_start = .)
 *(SORT_BY_INIT_PRIORITY(.fini_array.*) SORT_BY_INIT_PRIORITY(.dtors.*))
 *(.fini_array EXCLUDE_FILE(*crtend?.o *crtend.o *crtbegin?.o *crtbegin.o) .dtors)
 .fini_array    0x0000000000008e58        0x4 /usr/lib/gcc/x86_64-linux-gnu/9/32/crtbeginS.o
                [!provide]                        PROVIDE (__fini_array_end = .)

.ctors
 *crtbegin.o(.ctors)
 *crtbegin?.o(.ctors)
 *(EXCLUDE_FILE(*crtend?.o *crtend.o) .ctors)
 *(SORT_BY_NAME(.ctors.*))
 *(.ctors)

.dtors
 *crtbegin.o(.dtors)
 *crtbegin?.o(.dtors)
 *(EXCLUDE_FILE(*crtend?.o *crtend.o) .dtors)
 *(SORT_BY_NAME(.dtors.*))
 *(.dtors)

.jcr
 *(.jcr)

.data.rel.ro
 *(.data.rel.ro.local* .gnu.linkonce.d.rel.ro.local.*)
 *(.data.rel.ro .data.rel.ro.* .gnu.linkonce.d.rel.ro.*)

.dynamic        0x0000000000008e5c      0x108
 *(.dynamic)
 .dynamic       0x0000000000008e5c      0x108 /usr/lib/gcc/x86_64-linux-gnu/9/../../../../lib32/Scrt1.o
                0x0000000000008e5c                _DYNAMIC

.got            0x0000000000008f64       0x9c
 *(.got.plt)
 .got.plt       0x0000000000008f64       0x6c /usr/lib/gcc/x86_64-linux-gnu/9/../../../../lib32/Scrt1.o
                0x0000000000008f64                _GLOBAL_OFFSET_TABLE_
 *(.igot.plt)
 *(.got)
 .got           0x0000000000008fd0       0x30 /usr/lib/gcc/x86_64-linux-gnu/9/../../../../lib32/Scrt1.o
 *(.igot)
                0x0000000000009000                . = DATA_SEGMENT_RELRO_END (., 0x0)

.data1
 *(.data1)
                0x0000000000009000                _edata = .
                [!provide]                        PROVIDE (edata = .)
                0x0000000000009000                . = .
                0x0000000000009000                __bss_start = .

.bss            0x0000000000009000     0xbab0
 *(.dynbss)
 .dynbss        0x0000000000009000        0x0 /usr/lib/gcc/x86_64-linux-gnu/9/../../../../lib32/Scrt1.o
 *(.bss .bss.* .gnu.linkonce.b.*)
 .bss           0x0000000000009000        0x1 /usr/lib/gcc/x86_64-linux-gnu/9/32/crtbeginS.o
 *fill*         0x0000000000009001       0x1f 
 .bss.idle_stack
                0x0000000000009020     0x2000 /home/ubikvalis/Documents/Studium/DLP-IBE/RIOT/examples/bindist/bin/native/core/init.o
 .bss.main_stack
                0x000000000000b020     0x3000 /home/ubikvalis/Documents/Studium/DLP-IBE/RIOT/examples/bindist/bin/native/core/init.o
 .bss.crashed   0x000000000000e020        0x4 /home/ubikvalis/Documents/Studium/DLP-IBE/RIOT/examples/bindist/bin/native/core/panic.o
 .bss.runqueue_bitcache
                0x000000000000e024        0x4 /home/ubikvalis/Documents/Studium/DLP-IBE/RIOT/examples/bindist/bin/native/core/sched.o
 *fill*         0x000000000000e028       0x18 
 .bss.sched_runqueues
                0x000000000000e040       0x40 /home/ubikvalis/Documents/Studium/DLP-IBE/RIOT/examples/bindist/bin/native/core/sched.o
                0x000000000000e040                sched_runqueues
 .bss.sched_context_switch_request
                0x000000000000e080        0x4 /home/ubikvalis/Documents/Studium/DLP-IBE/RIOT/examples/bindist/bin/native/core/sched.o
                0x000000000000e080                sched_context_switch_request
 .bss.sched_active_thread
                0x000000000000e084        0x4 /home/ubikvalis/Documents/Studium/DLP-IBE/RIOT/examples/bindist/bin/native/core/sched.o
                0x000000000000e084                sched_active_thread
 .bss.sched_num_threads
                0x000000000000e088        0x4 /home/ubikvalis/Documents/Studium/DLP-IBE/RIOT/examples/bindist/bin/native/core/sched.o
                0x000000000000e088                sched_num_threads
 *fill*         0x000000000000e08c       0x14 
 .bss.sched_threads
                0x000000000000e0a0       0x84 /home/ubikvalis/Documents/Studium/DLP-IBE/RIOT/examples/bindist/bin/native/core/sched.o
                0x000000000000e0a0                sched_threads
 .bss.sched_active_pid
                0x000000000000e124        0x2 /home/ubikvalis/Documents/Studium/DLP-IBE/RIOT/examples/bindist/bin/native/core/sched.o
                0x000000000000e124                sched_active_pid
 *fill*         0x000000000000e126       0x1a 
 .bss.pollers   0x000000000000e140       0x20 /home/ubikvalis/Documents/Studium/DLP-IBE/RIOT/examples/bindist/bin/native/cpu/async_read.o
 .bss._fds      0x000000000000e160       0x10 /home/ubikvalis/Documents/Studium/DLP-IBE/RIOT/examples/bindist/bin/native/cpu/async_read.o
 .bss._next_index
                0x000000000000e170        0x4 /home/ubikvalis/Documents/Studium/DLP-IBE/RIOT/examples/bindist/bin/native/cpu/async_read.o
 .bss.sigstk.5442
                0x000000000000e174        0xc /home/ubikvalis/Documents/Studium/DLP-IBE/RIOT/examples/bindist/bin/native/cpu/irq_cpu.o
 .bss.sigalt_stk
                0x000000000000e180     0x2000 /home/ubikvalis/Documents/Studium/DLP-IBE/RIOT/examples/bindist/bin/native/cpu/irq_cpu.o
                0x000000000000e180                sigalt_stk
 .bss.native_irq_handlers
                0x0000000000010180      0x3fc /home/ubikvalis/Documents/Studium/DLP-IBE/RIOT/examples/bindist/bin/native/cpu/irq_cpu.o
 .bss._sig_pipefd
                0x000000000001057c        0x8 /home/ubikvalis/Documents/Studium/DLP-IBE/RIOT/examples/bindist/bin/native/cpu/irq_cpu.o
                0x000000000001057c                _sig_pipefd
 .bss._native_sigpend
                0x0000000000010584        0x4 /home/ubikvalis/Documents/Studium/DLP-IBE/RIOT/examples/bindist/bin/native/cpu/irq_cpu.o
                0x0000000000010584                _native_sigpend
 .bss._native_saved_eip
                0x0000000000010588        0x4 /home/ubikvalis/Documents/Studium/DLP-IBE/RIOT/examples/bindist/bin/native/cpu/irq_cpu.o
                0x0000000000010588                _native_saved_eip
 .bss._native_isr_ctx
                0x000000000001058c        0x4 /home/ubikvalis/Documents/Studium/DLP-IBE/RIOT/examples/bindist/bin/native/cpu/irq_cpu.o
                0x000000000001058c                _native_isr_ctx
 .bss._native_cur_ctx
                0x0000000000010590        0x4 /home/ubikvalis/Documents/Studium/DLP-IBE/RIOT/examples/bindist/bin/native/cpu/irq_cpu.o
                0x0000000000010590                _native_cur_ctx
 *fill*         0x0000000000010594        0xc 
 .bss.native_isr_context
                0x00000000000105a0      0x16c /home/ubikvalis/Documents/Studium/DLP-IBE/RIOT/examples/bindist/bin/native/cpu/irq_cpu.o
                0x00000000000105a0                native_isr_context
 *fill*         0x000000000001070c       0x14 
 .bss.__isr_stack
                0x0000000000010720     0x2000 /home/ubikvalis/Documents/Studium/DLP-IBE/RIOT/examples/bindist/bin/native/cpu/irq_cpu.o
                0x0000000000010720                __isr_stack
 .bss._native_sig_set_dint
                0x0000000000012720       0x80 /home/ubikvalis/Documents/Studium/DLP-IBE/RIOT/examples/bindist/bin/native/cpu/irq_cpu.o
 .bss._native_sig_set
                0x00000000000127a0       0x80 /home/ubikvalis/Documents/Studium/DLP-IBE/RIOT/examples/bindist/bin/native/cpu/irq_cpu.o
 .bss._native_in_syscall
                0x0000000000012820        0x4 /home/ubikvalis/Documents/Studium/DLP-IBE/RIOT/examples/bindist/bin/native/cpu/irq_cpu.o
                0x0000000000012820                _native_in_syscall
 .bss._native_in_isr
                0x0000000000012824        0x4 /home/ubikvalis/Documents/Studium/DLP-IBE/RIOT/examples/bindist/bin/native/cpu/irq_cpu.o
                0x0000000000012824                _native_in_isr
 .bss.native_interrupts_enabled
                0x0000000000012828        0x4 /home/ubikvalis/Documents/Studium/DLP-IBE/RIOT/examples/bindist/bin/native/cpu/irq_cpu.o
                0x0000000000012828                native_interrupts_enabled
 *fill*         0x000000000001282c       0x14 
 .bss.__end_stack
                0x0000000000012840     0x2000 /home/ubikvalis/Documents/Studium/DLP-IBE/RIOT/examples/bindist/bin/native/cpu/native_cpu.o
                0x0000000000012840                __end_stack
 .bss.end_context
                0x0000000000014840      0x16c /home/ubikvalis/Documents/Studium/DLP-IBE/RIOT/examples/bindist/bin/native/cpu/native_cpu.o
                0x0000000000014840                end_context
 .bss._native_rng_mode
                0x00000000000149ac        0x4 /home/ubikvalis/Documents/Studium/DLP-IBE/RIOT/examples/bindist/bin/native/cpu/startup.o
                0x00000000000149ac                _native_rng_mode
 .bss._native_rng_seed
                0x00000000000149b0        0x4 /home/ubikvalis/Documents/Studium/DLP-IBE/RIOT/examples/bindist/bin/native/cpu/startup.o
                0x00000000000149b0                _native_rng_seed
 .bss._native_id
                0x00000000000149b4        0x4 /home/ubikvalis/Documents/Studium/DLP-IBE/RIOT/examples/bindist/bin/native/cpu/startup.o
                0x00000000000149b4                _native_id
 .bss._native_pid
                0x00000000000149b8        0x4 /home/ubikvalis/Documents/Studium/DLP-IBE/RIOT/examples/bindist/bin/native/cpu/startup.o
                0x00000000000149b8                _native_pid
 .bss._native_argv
                0x00000000000149bc        0x4 /home/ubikvalis/Documents/Studium/DLP-IBE/RIOT/examples/bindist/bin/native/cpu/startup.o
                0x00000000000149bc                _native_argv
 .bss._progname
                0x00000000000149c0        0x4 /home/ubikvalis/Documents/Studium/DLP-IBE/RIOT/examples/bindist/bin/native/cpu/startup.o
                0x00000000000149c0                _progname
 .bss._native_null_out_file
                0x00000000000149c4        0x4 /home/ubikvalis/Documents/Studium/DLP-IBE/RIOT/examples/bindist/bin/native/cpu/startup.o
                0x00000000000149c4                _native_null_out_file
 .bss._native_null_in_pipe
                0x00000000000149c8        0x8 /home/ubikvalis/Documents/Studium/DLP-IBE/RIOT/examples/bindist/bin/native/cpu/startup.o
                0x00000000000149c8                _native_null_in_pipe
 .bss._native_in_calloc
                0x00000000000149d0        0x4 /home/ubikvalis/Documents/Studium/DLP-IBE/RIOT/examples/bindist/bin/native/cpu/syscalls.o
                0x00000000000149d0                _native_in_calloc
 .bss._native_in_malloc
                0x00000000000149d4        0x4 /home/ubikvalis/Documents/Studium/DLP-IBE/RIOT/examples/bindist/bin/native/cpu/syscalls.o
                0x00000000000149d4                _native_in_malloc
 .bss.real_clock_gettime
                0x00000000000149d8        0x4 /home/ubikvalis/Documents/Studium/DLP-IBE/RIOT/examples/bindist/bin/native/cpu/syscalls.o
                0x00000000000149d8                real_clock_gettime
 .bss.real_writev
                0x00000000000149dc        0x4 /home/ubikvalis/Documents/Studium/DLP-IBE/RIOT/examples/bindist/bin/native/cpu/syscalls.o
                0x00000000000149dc                real_writev
 .bss.real_umask
                0x00000000000149e0        0x4 /home/ubikvalis/Documents/Studium/DLP-IBE/RIOT/examples/bindist/bin/native/cpu/syscalls.o
                0x00000000000149e0                real_umask
 .bss.real_fgetc
                0x00000000000149e4        0x4 /home/ubikvalis/Documents/Studium/DLP-IBE/RIOT/examples/bindist/bin/native/cpu/syscalls.o
                0x00000000000149e4                real_fgetc
 .bss.real_fputc
                0x00000000000149e8        0x4 /home/ubikvalis/Documents/Studium/DLP-IBE/RIOT/examples/bindist/bin/native/cpu/syscalls.o
                0x00000000000149e8                real_fputc
 .bss.real_fseek
                0x00000000000149ec        0x4 /home/ubikvalis/Documents/Studium/DLP-IBE/RIOT/examples/bindist/bin/native/cpu/syscalls.o
                0x00000000000149ec                real_fseek
 .bss.real_fclose
                0x00000000000149f0        0x4 /home/ubikvalis/Documents/Studium/DLP-IBE/RIOT/examples/bindist/bin/native/cpu/syscalls.o
                0x00000000000149f0                real_fclose
 .bss.real_fopen
                0x00000000000149f4        0x4 /home/ubikvalis/Documents/Studium/DLP-IBE/RIOT/examples/bindist/bin/native/cpu/syscalls.o
                0x00000000000149f4                real_fopen
 .bss.real_gai_strerror
                0x00000000000149f8        0x4 /home/ubikvalis/Documents/Studium/DLP-IBE/RIOT/examples/bindist/bin/native/cpu/syscalls.o
                0x00000000000149f8                real_gai_strerror
 .bss.real_random
                0x00000000000149fc        0x4 /home/ubikvalis/Documents/Studium/DLP-IBE/RIOT/examples/bindist/bin/native/cpu/syscalls.o
                0x00000000000149fc                real_random
 .bss.real_unlink
                0x0000000000014a00        0x4 /home/ubikvalis/Documents/Studium/DLP-IBE/RIOT/examples/bindist/bin/native/cpu/syscalls.o
                0x0000000000014a00                real_unlink
 .bss.real_socket
                0x0000000000014a04        0x4 /home/ubikvalis/Documents/Studium/DLP-IBE/RIOT/examples/bindist/bin/native/cpu/syscalls.o
                0x0000000000014a04                real_socket
 .bss.real_setsockopt
                0x0000000000014a08        0x4 /home/ubikvalis/Documents/Studium/DLP-IBE/RIOT/examples/bindist/bin/native/cpu/syscalls.o
                0x0000000000014a08                real_setsockopt
 .bss.real_setsid
                0x0000000000014a0c        0x4 /home/ubikvalis/Documents/Studium/DLP-IBE/RIOT/examples/bindist/bin/native/cpu/syscalls.o
                0x0000000000014a0c                real_setsid
 .bss.real_setitimer
                0x0000000000014a10        0x4 /home/ubikvalis/Documents/Studium/DLP-IBE/RIOT/examples/bindist/bin/native/cpu/syscalls.o
                0x0000000000014a10                real_setitimer
 .bss.real_poll
                0x0000000000014a14        0x4 /home/ubikvalis/Documents/Studium/DLP-IBE/RIOT/examples/bindist/bin/native/cpu/syscalls.o
                0x0000000000014a14                real_poll
 .bss.real_select
                0x0000000000014a18        0x4 /home/ubikvalis/Documents/Studium/DLP-IBE/RIOT/examples/bindist/bin/native/cpu/syscalls.o
                0x0000000000014a18                real_select
 .bss.real_pipe
                0x0000000000014a1c        0x4 /home/ubikvalis/Documents/Studium/DLP-IBE/RIOT/examples/bindist/bin/native/cpu/syscalls.o
                0x0000000000014a1c                real_pipe
 .bss.real_pause
                0x0000000000014a20        0x4 /home/ubikvalis/Documents/Studium/DLP-IBE/RIOT/examples/bindist/bin/native/cpu/syscalls.o
                0x0000000000014a20                real_pause
 .bss.real_open
                0x0000000000014a24        0x4 /home/ubikvalis/Documents/Studium/DLP-IBE/RIOT/examples/bindist/bin/native/cpu/syscalls.o
                0x0000000000014a24                real_open
 .bss.real_ioctl
                0x0000000000014a28        0x4 /home/ubikvalis/Documents/Studium/DLP-IBE/RIOT/examples/bindist/bin/native/cpu/syscalls.o
                0x0000000000014a28                real_ioctl
 .bss.real_listen
                0x0000000000014a2c        0x4 /home/ubikvalis/Documents/Studium/DLP-IBE/RIOT/examples/bindist/bin/native/cpu/syscalls.o
                0x0000000000014a2c                real_listen
 .bss.real_ferror
                0x0000000000014a30        0x4 /home/ubikvalis/Documents/Studium/DLP-IBE/RIOT/examples/bindist/bin/native/cpu/syscalls.o
                0x0000000000014a30                real_ferror
 .bss.real_feof
                0x0000000000014a34        0x4 /home/ubikvalis/Documents/Studium/DLP-IBE/RIOT/examples/bindist/bin/native/cpu/syscalls.o
                0x0000000000014a34                real_feof
 .bss.real_fork
                0x0000000000014a38        0x4 /home/ubikvalis/Documents/Studium/DLP-IBE/RIOT/examples/bindist/bin/native/cpu/syscalls.o
                0x0000000000014a38                real_fork
 .bss.real_execve
                0x0000000000014a3c        0x4 /home/ubikvalis/Documents/Studium/DLP-IBE/RIOT/examples/bindist/bin/native/cpu/syscalls.o
                0x0000000000014a3c                real_execve
 .bss.real_dup2
                0x0000000000014a40        0x4 /home/ubikvalis/Documents/Studium/DLP-IBE/RIOT/examples/bindist/bin/native/cpu/syscalls.o
                0x0000000000014a40                real_dup2
 .bss.real_creat
                0x0000000000014a44        0x4 /home/ubikvalis/Documents/Studium/DLP-IBE/RIOT/examples/bindist/bin/native/cpu/syscalls.o
                0x0000000000014a44                real_creat
 .bss.real_fcntl
                0x0000000000014a48        0x4 /home/ubikvalis/Documents/Studium/DLP-IBE/RIOT/examples/bindist/bin/native/cpu/syscalls.o
                0x0000000000014a48                real_fcntl
 .bss.real_close
                0x0000000000014a4c        0x4 /home/ubikvalis/Documents/Studium/DLP-IBE/RIOT/examples/bindist/bin/native/cpu/syscalls.o
                0x0000000000014a4c                real_close
 .bss.real_chdir
                0x0000000000014a50        0x4 /home/ubikvalis/Documents/Studium/DLP-IBE/RIOT/examples/bindist/bin/native/cpu/syscalls.o
                0x0000000000014a50                real_chdir
 .bss.real_getpid
                0x0000000000014a54        0x4 /home/ubikvalis/Documents/Studium/DLP-IBE/RIOT/examples/bindist/bin/native/cpu/syscalls.o
                0x0000000000014a54                real_getpid
 .bss.real_gettimeofday
                0x0000000000014a58        0x4 /home/ubikvalis/Documents/Studium/DLP-IBE/RIOT/examples/bindist/bin/native/cpu/syscalls.o
                0x0000000000014a58                real_gettimeofday
 .bss.real_getifaddrs
                0x0000000000014a5c        0x4 /home/ubikvalis/Documents/Studium/DLP-IBE/RIOT/examples/bindist/bin/native/cpu/syscalls.o
                0x0000000000014a5c                real_getifaddrs
 .bss.real_getaddrinfo
                0x0000000000014a60        0x4 /home/ubikvalis/Documents/Studium/DLP-IBE/RIOT/examples/bindist/bin/native/cpu/syscalls.o
                0x0000000000014a60                real_getaddrinfo
 .bss.real_printf
                0x0000000000014a64        0x4 /home/ubikvalis/Documents/Studium/DLP-IBE/RIOT/examples/bindist/bin/native/cpu/syscalls.o
                0x0000000000014a64                real_printf
 .bss.real_connect
                0x0000000000014a68        0x4 /home/ubikvalis/Documents/Studium/DLP-IBE/RIOT/examples/bindist/bin/native/cpu/syscalls.o
                0x0000000000014a68                real_connect
 .bss.real_bind
                0x0000000000014a6c        0x4 /home/ubikvalis/Documents/Studium/DLP-IBE/RIOT/examples/bindist/bin/native/cpu/syscalls.o
                0x0000000000014a6c                real_bind
 .bss.real_accept
                0x0000000000014a70        0x4 /home/ubikvalis/Documents/Studium/DLP-IBE/RIOT/examples/bindist/bin/native/cpu/syscalls.o
                0x0000000000014a70                real_accept
 .bss.real_srandom
                0x0000000000014a74        0x4 /home/ubikvalis/Documents/Studium/DLP-IBE/RIOT/examples/bindist/bin/native/cpu/syscalls.o
                0x0000000000014a74                real_srandom
 .bss.real_freeifaddrs
                0x0000000000014a78        0x4 /home/ubikvalis/Documents/Studium/DLP-IBE/RIOT/examples/bindist/bin/native/cpu/syscalls.o
                0x0000000000014a78                real_freeifaddrs
 .bss.real_freeaddrinfo
                0x0000000000014a7c        0x4 /home/ubikvalis/Documents/Studium/DLP-IBE/RIOT/examples/bindist/bin/native/cpu/syscalls.o
                0x0000000000014a7c                real_freeaddrinfo
 .bss.real_realloc
                0x0000000000014a80        0x4 /home/ubikvalis/Documents/Studium/DLP-IBE/RIOT/examples/bindist/bin/native/cpu/syscalls.o
                0x0000000000014a80                real_realloc
 .bss.real_calloc
                0x0000000000014a84        0x4 /home/ubikvalis/Documents/Studium/DLP-IBE/RIOT/examples/bindist/bin/native/cpu/syscalls.o
                0x0000000000014a84                real_calloc
 .bss.real_malloc
                0x0000000000014a88        0x4 /home/ubikvalis/Documents/Studium/DLP-IBE/RIOT/examples/bindist/bin/native/cpu/syscalls.o
                0x0000000000014a88                real_malloc
 .bss.real_free
                0x0000000000014a8c        0x4 /home/ubikvalis/Documents/Studium/DLP-IBE/RIOT/examples/bindist/bin/native/cpu/syscalls.o
                0x0000000000014a8c                real_free
 .bss.real_exit
                0x0000000000014a90        0x4 /home/ubikvalis/Documents/Studium/DLP-IBE/RIOT/examples/bindist/bin/native/cpu/syscalls.o
                0x0000000000014a90                real_exit
 .bss.real_clearerr
                0x0000000000014a94        0x4 /home/ubikvalis/Documents/Studium/DLP-IBE/RIOT/examples/bindist/bin/native/cpu/syscalls.o
                0x0000000000014a94                real_clearerr
 .bss.real_fread
                0x0000000000014a98        0x4 /home/ubikvalis/Documents/Studium/DLP-IBE/RIOT/examples/bindist/bin/native/cpu/syscalls.o
                0x0000000000014a98                real_fread
 .bss.real_write
                0x0000000000014a9c        0x4 /home/ubikvalis/Documents/Studium/DLP-IBE/RIOT/examples/bindist/bin/native/cpu/syscalls.o
                0x0000000000014a9c                real_write
 .bss.real_read
                0x0000000000014aa0        0x4 /home/ubikvalis/Documents/Studium/DLP-IBE/RIOT/examples/bindist/bin/native/cpu/syscalls.o
                0x0000000000014aa0                real_read
 .bss.port_numof
                0x0000000000014aa4        0x4 /home/ubikvalis/Documents/Studium/DLP-IBE/RIOT/examples/bindist/bin/native/periph/gpio_linux.o
 .bss.ports     0x0000000000014aa8        0x4 /home/ubikvalis/Documents/Studium/DLP-IBE/RIOT/examples/bindist/bin/native/periph/gpio_linux.o
 .bss.tty_device_filenames
                0x0000000000014aac        0x4 /home/ubikvalis/Documents/Studium/DLP-IBE/RIOT/examples/bindist/bin/native/periph/uart.o
 *(COMMON)
                0x0000000000014ab0                . = ALIGN ((. != 0x0)?0x4:0x1)
                0x0000000000014ab0                . = ALIGN (0x4)
                0x0000000000014ab0                . = SEGMENT_START ("ldata-segment", .)
                0x0000000000014ab0                . = ALIGN (0x4)
                0x0000000000014ab0                _end = .
                [!provide]                        PROVIDE (end = .)
                0x0000000000014ab0                . = DATA_SEGMENT_END (.)

.stab
 *(.stab)

.stabstr
 *(.stabstr)

.stab.excl
 *(.stab.excl)

.stab.exclstr
 *(.stab.exclstr)

.stab.index
 *(.stab.index)

.stab.indexstr
 *(.stab.indexstr)

.comment        0x0000000000000000       0x2a
 *(.comment)
 .comment       0x0000000000000000       0x2a /usr/lib/gcc/x86_64-linux-gnu/9/32/crtbeginS.o
                                         0x2b (size before relaxing)
 .comment       0x000000000000002a       0x2b /home/ubikvalis/Documents/Studium/DLP-IBE/RIOT/examples/bindist/bin/native/abc/abc.o
 .comment       0x000000000000002a       0x2b /home/ubikvalis/Documents/Studium/DLP-IBE/RIOT/examples/bindist/bin/native/application_bindist/main.o
 .comment       0x000000000000002a       0x2b /home/ubikvalis/Documents/Studium/DLP-IBE/RIOT/examples/bindist/bin/native/auto_init/auto_init.o
 .comment       0x000000000000002a       0x2b /home/ubikvalis/Documents/Studium/DLP-IBE/RIOT/examples/bindist/bin/native/board/board_init.o
 .comment       0x000000000000002a       0x2b /home/ubikvalis/Documents/Studium/DLP-IBE/RIOT/examples/bindist/bin/native/core/assert.o
 .comment       0x000000000000002a       0x2b /home/ubikvalis/Documents/Studium/DLP-IBE/RIOT/examples/bindist/bin/native/core/atomic_c11.o
 .comment       0x000000000000002a       0x2b /home/ubikvalis/Documents/Studium/DLP-IBE/RIOT/examples/bindist/bin/native/core/bitarithm.o
 .comment       0x000000000000002a       0x2b /home/ubikvalis/Documents/Studium/DLP-IBE/RIOT/examples/bindist/bin/native/core/clist.o
 .comment       0x000000000000002a       0x2b /home/ubikvalis/Documents/Studium/DLP-IBE/RIOT/examples/bindist/bin/native/core/cond.o
 .comment       0x000000000000002a       0x2b /home/ubikvalis/Documents/Studium/DLP-IBE/RIOT/examples/bindist/bin/native/core/init.o
 .comment       0x000000000000002a       0x2b /home/ubikvalis/Documents/Studium/DLP-IBE/RIOT/examples/bindist/bin/native/core/msg.o
 .comment       0x000000000000002a       0x2b /home/ubikvalis/Documents/Studium/DLP-IBE/RIOT/examples/bindist/bin/native/core/mutex.o
 .comment       0x000000000000002a       0x2b /home/ubikvalis/Documents/Studium/DLP-IBE/RIOT/examples/bindist/bin/native/core/panic.o
 .comment       0x000000000000002a       0x2b /home/ubikvalis/Documents/Studium/DLP-IBE/RIOT/examples/bindist/bin/native/core/priority_queue.o
 .comment       0x000000000000002a       0x2b /home/ubikvalis/Documents/Studium/DLP-IBE/RIOT/examples/bindist/bin/native/core/ringbuffer.o
 .comment       0x000000000000002a       0x2b /home/ubikvalis/Documents/Studium/DLP-IBE/RIOT/examples/bindist/bin/native/core/rmutex.o
 .comment       0x000000000000002a       0x2b /home/ubikvalis/Documents/Studium/DLP-IBE/RIOT/examples/bindist/bin/native/core/sched.o
 .comment       0x000000000000002a       0x2b /home/ubikvalis/Documents/Studium/DLP-IBE/RIOT/examples/bindist/bin/native/core/thread.o
 .comment       0x000000000000002a       0x2b /home/ubikvalis/Documents/Studium/DLP-IBE/RIOT/examples/bindist/bin/native/cpu/async_read.o
 .comment       0x000000000000002a       0x2b /home/ubikvalis/Documents/Studium/DLP-IBE/RIOT/examples/bindist/bin/native/cpu/irq_cpu.o
 .comment       0x000000000000002a       0x2b /home/ubikvalis/Documents/Studium/DLP-IBE/RIOT/examples/bindist/bin/native/cpu/native_cpu.o
 .comment       0x000000000000002a       0x2b /home/ubikvalis/Documents/Studium/DLP-IBE/RIOT/examples/bindist/bin/native/cpu/panic.o
 .comment       0x000000000000002a       0x2b /home/ubikvalis/Documents/Studium/DLP-IBE/RIOT/examples/bindist/bin/native/cpu/startup.o
 .comment       0x000000000000002a       0x2b /home/ubikvalis/Documents/Studium/DLP-IBE/RIOT/examples/bindist/bin/native/cpu/syscalls.o
 .comment       0x000000000000002a       0x2b /home/ubikvalis/Documents/Studium/DLP-IBE/RIOT/examples/bindist/bin/native/native_drivers/native-led.o
 .comment       0x000000000000002a       0x2b /home/ubikvalis/Documents/Studium/DLP-IBE/RIOT/examples/bindist/bin/native/periph_common/eeprom.o
 .comment       0x000000000000002a       0x2b /home/ubikvalis/Documents/Studium/DLP-IBE/RIOT/examples/bindist/bin/native/periph_common/gpio_util.o
 .comment       0x000000000000002a       0x2b /home/ubikvalis/Documents/Studium/DLP-IBE/RIOT/examples/bindist/bin/native/periph_common/init.o
 .comment       0x000000000000002a       0x2b /home/ubikvalis/Documents/Studium/DLP-IBE/RIOT/examples/bindist/bin/native/periph_common/rtc.o
 .comment       0x000000000000002a       0x2b /home/ubikvalis/Documents/Studium/DLP-IBE/RIOT/examples/bindist/bin/native/periph/gpio_linux.o
 .comment       0x000000000000002a       0x2b /home/ubikvalis/Documents/Studium/DLP-IBE/RIOT/examples/bindist/bin/native/periph/pm.o
 .comment       0x000000000000002a       0x2b /home/ubikvalis/Documents/Studium/DLP-IBE/RIOT/examples/bindist/bin/native/periph/uart.o
 .comment       0x000000000000002a       0x2b /home/ubikvalis/Documents/Studium/DLP-IBE/RIOT/examples/bindist/bin/native/stdio_native/stdio_native.o
 .comment       0x000000000000002a       0x2b /usr/lib/gcc/x86_64-linux-gnu/9/32/crtendS.o

.gnu.build.attributes
 *(.gnu.build.attributes .gnu.build.attributes.*)

.debug
 *(.debug)

.line
 *(.line)

.debug_srcinfo
 *(.debug_srcinfo)

.debug_sfnames
 *(.debug_sfnames)

.debug_aranges  0x0000000000000000      0xb48
 *(.debug_aranges)
 .debug_aranges
                0x0000000000000000       0x20 /home/ubikvalis/Documents/Studium/DLP-IBE/RIOT/examples/bindist/bin/native/abc/abc.o
 .debug_aranges
                0x0000000000000020       0x20 /home/ubikvalis/Documents/Studium/DLP-IBE/RIOT/examples/bindist/bin/native/application_bindist/main.o
 .debug_aranges
                0x0000000000000040       0x20 /home/ubikvalis/Documents/Studium/DLP-IBE/RIOT/examples/bindist/bin/native/auto_init/auto_init.o
 .debug_aranges
                0x0000000000000060       0x20 /home/ubikvalis/Documents/Studium/DLP-IBE/RIOT/examples/bindist/bin/native/board/board_init.o
 .debug_aranges
                0x0000000000000080       0x20 /home/ubikvalis/Documents/Studium/DLP-IBE/RIOT/examples/bindist/bin/native/core/assert.o
 .debug_aranges
                0x00000000000000a0      0x240 /home/ubikvalis/Documents/Studium/DLP-IBE/RIOT/examples/bindist/bin/native/core/atomic_c11.o
 .debug_aranges
                0x00000000000002e0       0x28 /home/ubikvalis/Documents/Studium/DLP-IBE/RIOT/examples/bindist/bin/native/core/bitarithm.o
 .debug_aranges
                0x0000000000000308       0x20 /home/ubikvalis/Documents/Studium/DLP-IBE/RIOT/examples/bindist/bin/native/core/clist.o
 .debug_aranges
                0x0000000000000328       0x40 /home/ubikvalis/Documents/Studium/DLP-IBE/RIOT/examples/bindist/bin/native/core/cond.o
 .debug_aranges
                0x0000000000000368       0x30 /home/ubikvalis/Documents/Studium/DLP-IBE/RIOT/examples/bindist/bin/native/core/init.o
 .debug_aranges
                0x0000000000000398       0xa0 /home/ubikvalis/Documents/Studium/DLP-IBE/RIOT/examples/bindist/bin/native/core/msg.o
 .debug_aranges
                0x0000000000000438       0x48 /home/ubikvalis/Documents/Studium/DLP-IBE/RIOT/examples/bindist/bin/native/core/mutex.o
 .debug_aranges
                0x0000000000000480       0x30 /home/ubikvalis/Documents/Studium/DLP-IBE/RIOT/examples/bindist/bin/native/core/panic.o
 .debug_aranges
                0x00000000000004b0       0x30 /home/ubikvalis/Documents/Studium/DLP-IBE/RIOT/examples/bindist/bin/native/core/priority_queue.o
 .debug_aranges
                0x00000000000004e0       0x60 /home/ubikvalis/Documents/Studium/DLP-IBE/RIOT/examples/bindist/bin/native/core/ringbuffer.o
 .debug_aranges
                0x0000000000000540       0x38 /home/ubikvalis/Documents/Studium/DLP-IBE/RIOT/examples/bindist/bin/native/core/rmutex.o
 .debug_aranges
                0x0000000000000578       0x40 /home/ubikvalis/Documents/Studium/DLP-IBE/RIOT/examples/bindist/bin/native/core/sched.o
 .debug_aranges
                0x00000000000005b8       0x70 /home/ubikvalis/Documents/Studium/DLP-IBE/RIOT/examples/bindist/bin/native/core/thread.o
 .debug_aranges
                0x0000000000000628       0x58 /home/ubikvalis/Documents/Studium/DLP-IBE/RIOT/examples/bindist/bin/native/cpu/async_read.o
 .debug_aranges
                0x0000000000000680       0xa8 /home/ubikvalis/Documents/Studium/DLP-IBE/RIOT/examples/bindist/bin/native/cpu/irq_cpu.o
 .debug_aranges
                0x0000000000000728       0x60 /home/ubikvalis/Documents/Studium/DLP-IBE/RIOT/examples/bindist/bin/native/cpu/native_cpu.o
 .debug_aranges
                0x0000000000000788       0x20 /home/ubikvalis/Documents/Studium/DLP-IBE/RIOT/examples/bindist/bin/native/cpu/panic.o
 .debug_aranges
                0x00000000000007a8       0x50 /home/ubikvalis/Documents/Studium/DLP-IBE/RIOT/examples/bindist/bin/native/cpu/startup.o
 .debug_aranges
                0x00000000000007f8       0xe8 /home/ubikvalis/Documents/Studium/DLP-IBE/RIOT/examples/bindist/bin/native/cpu/syscalls.o
 .debug_aranges
                0x00000000000008e0       0x20 /home/ubikvalis/Documents/Studium/DLP-IBE/RIOT/examples/bindist/bin/native/cpu/tramp.o
 .debug_aranges
                0x0000000000000900       0x48 /home/ubikvalis/Documents/Studium/DLP-IBE/RIOT/examples/bindist/bin/native/native_drivers/native-led.o
 .debug_aranges
                0x0000000000000948       0x40 /home/ubikvalis/Documents/Studium/DLP-IBE/RIOT/examples/bindist/bin/native/periph_common/eeprom.o
 .debug_aranges
                0x0000000000000988       0x20 /home/ubikvalis/Documents/Studium/DLP-IBE/RIOT/examples/bindist/bin/native/periph_common/gpio_util.o
 .debug_aranges
                0x00000000000009a8       0x20 /home/ubikvalis/Documents/Studium/DLP-IBE/RIOT/examples/bindist/bin/native/periph_common/init.o
 .debug_aranges
                0x00000000000009c8       0x68 /home/ubikvalis/Documents/Studium/DLP-IBE/RIOT/examples/bindist/bin/native/periph_common/rtc.o
 .debug_aranges
                0x0000000000000a30       0x60 /home/ubikvalis/Documents/Studium/DLP-IBE/RIOT/examples/bindist/bin/native/periph/gpio_linux.o
 .debug_aranges
                0x0000000000000a90       0x40 /home/ubikvalis/Documents/Studium/DLP-IBE/RIOT/examples/bindist/bin/native/periph/pm.o
 .debug_aranges
                0x0000000000000ad0       0x48 /home/ubikvalis/Documents/Studium/DLP-IBE/RIOT/examples/bindist/bin/native/periph/uart.o
 .debug_aranges
                0x0000000000000b18       0x30 /home/ubikvalis/Documents/Studium/DLP-IBE/RIOT/examples/bindist/bin/native/stdio_native/stdio_native.o

.debug_pubnames
 *(.debug_pubnames)

.debug_info     0x0000000000000000    0x1be2f
 *(.debug_info .gnu.linkonce.wi.*)
 .debug_info    0x0000000000000000      0x336 /home/ubikvalis/Documents/Studium/DLP-IBE/RIOT/examples/bindist/bin/native/abc/abc.o
 .debug_info    0x0000000000000336      0x351 /home/ubikvalis/Documents/Studium/DLP-IBE/RIOT/examples/bindist/bin/native/application_bindist/main.o
 .debug_info    0x0000000000000687      0x5cf /home/ubikvalis/Documents/Studium/DLP-IBE/RIOT/examples/bindist/bin/native/auto_init/auto_init.o
 .debug_info    0x0000000000000c56      0x38a /home/ubikvalis/Documents/Studium/DLP-IBE/RIOT/examples/bindist/bin/native/board/board_init.o
 .debug_info    0x0000000000000fe0      0x3bc /home/ubikvalis/Documents/Studium/DLP-IBE/RIOT/examples/bindist/bin/native/core/assert.o
 .debug_info    0x000000000000139c     0x2760 /home/ubikvalis/Documents/Studium/DLP-IBE/RIOT/examples/bindist/bin/native/core/atomic_c11.o
 .debug_info    0x0000000000003afc      0x407 /home/ubikvalis/Documents/Studium/DLP-IBE/RIOT/examples/bindist/bin/native/core/bitarithm.o
 .debug_info    0x0000000000003f03      0x1e1 /home/ubikvalis/Documents/Studium/DLP-IBE/RIOT/examples/bindist/bin/native/core/clist.o
 .debug_info    0x00000000000040e4      0x9c9 /home/ubikvalis/Documents/Studium/DLP-IBE/RIOT/examples/bindist/bin/native/core/cond.o
 .debug_info    0x0000000000004aad      0x7a2 /home/ubikvalis/Documents/Studium/DLP-IBE/RIOT/examples/bindist/bin/native/core/init.o
 .debug_info    0x000000000000524f     0x17fa /home/ubikvalis/Documents/Studium/DLP-IBE/RIOT/examples/bindist/bin/native/core/msg.o
 .debug_info    0x0000000000006a49      0xd4d /home/ubikvalis/Documents/Studium/DLP-IBE/RIOT/examples/bindist/bin/native/core/mutex.o
 .debug_info    0x0000000000007796      0x506 /home/ubikvalis/Documents/Studium/DLP-IBE/RIOT/examples/bindist/bin/native/core/panic.o
 .debug_info    0x0000000000007c9c      0x78f /home/ubikvalis/Documents/Studium/DLP-IBE/RIOT/examples/bindist/bin/native/core/priority_queue.o
 .debug_info    0x000000000000842b      0x4e7 /home/ubikvalis/Documents/Studium/DLP-IBE/RIOT/examples/bindist/bin/native/core/ringbuffer.o
 .debug_info    0x0000000000008912      0xa3c /home/ubikvalis/Documents/Studium/DLP-IBE/RIOT/examples/bindist/bin/native/core/rmutex.o
 .debug_info    0x000000000000934e      0xb16 /home/ubikvalis/Documents/Studium/DLP-IBE/RIOT/examples/bindist/bin/native/core/sched.o
 .debug_info    0x0000000000009e64      0xfd3 /home/ubikvalis/Documents/Studium/DLP-IBE/RIOT/examples/bindist/bin/native/core/thread.o
 .debug_info    0x000000000000ae37     0x1659 /home/ubikvalis/Documents/Studium/DLP-IBE/RIOT/examples/bindist/bin/native/cpu/async_read.o
 .debug_info    0x000000000000c490     0x2218 /home/ubikvalis/Documents/Studium/DLP-IBE/RIOT/examples/bindist/bin/native/cpu/irq_cpu.o
 .debug_info    0x000000000000e6a8     0x18a2 /home/ubikvalis/Documents/Studium/DLP-IBE/RIOT/examples/bindist/bin/native/cpu/native_cpu.o
 .debug_info    0x000000000000ff4a     0x11da /home/ubikvalis/Documents/Studium/DLP-IBE/RIOT/examples/bindist/bin/native/cpu/panic.o
 .debug_info    0x0000000000011124     0x1d4d /home/ubikvalis/Documents/Studium/DLP-IBE/RIOT/examples/bindist/bin/native/cpu/startup.o
 .debug_info    0x0000000000012e71     0x2612 /home/ubikvalis/Documents/Studium/DLP-IBE/RIOT/examples/bindist/bin/native/cpu/syscalls.o
 .debug_info    0x0000000000015483       0x26 /home/ubikvalis/Documents/Studium/DLP-IBE/RIOT/examples/bindist/bin/native/cpu/tramp.o
 .debug_info    0x00000000000154a9      0x403 /home/ubikvalis/Documents/Studium/DLP-IBE/RIOT/examples/bindist/bin/native/native_drivers/native-led.o
 .debug_info    0x00000000000158ac      0x2ac /home/ubikvalis/Documents/Studium/DLP-IBE/RIOT/examples/bindist/bin/native/periph_common/eeprom.o
 .debug_info    0x0000000000015b58      0x155 /home/ubikvalis/Documents/Studium/DLP-IBE/RIOT/examples/bindist/bin/native/periph_common/gpio_util.o
 .debug_info    0x0000000000015cad       0xa0 /home/ubikvalis/Documents/Studium/DLP-IBE/RIOT/examples/bindist/bin/native/periph_common/init.o
 .debug_info    0x0000000000015d4d      0x654 /home/ubikvalis/Documents/Studium/DLP-IBE/RIOT/examples/bindist/bin/native/periph_common/rtc.o
 .debug_info    0x00000000000163a1     0x1939 /home/ubikvalis/Documents/Studium/DLP-IBE/RIOT/examples/bindist/bin/native/periph/gpio_linux.o
 .debug_info    0x0000000000017cda     0x14c3 /home/ubikvalis/Documents/Studium/DLP-IBE/RIOT/examples/bindist/bin/native/periph/pm.o
 .debug_info    0x000000000001919d     0x17f8 /home/ubikvalis/Documents/Studium/DLP-IBE/RIOT/examples/bindist/bin/native/periph/uart.o
 .debug_info    0x000000000001a995     0x149a /home/ubikvalis/Documents/Studium/DLP-IBE/RIOT/examples/bindist/bin/native/stdio_native/stdio_native.o

.debug_abbrev   0x0000000000000000     0x496b
 *(.debug_abbrev)
 .debug_abbrev  0x0000000000000000       0xfa /home/ubikvalis/Documents/Studium/DLP-IBE/RIOT/examples/bindist/bin/native/abc/abc.o
 .debug_abbrev  0x00000000000000fa      0x111 /home/ubikvalis/Documents/Studium/DLP-IBE/RIOT/examples/bindist/bin/native/application_bindist/main.o
 .debug_abbrev  0x000000000000020b      0x132 /home/ubikvalis/Documents/Studium/DLP-IBE/RIOT/examples/bindist/bin/native/auto_init/auto_init.o
 .debug_abbrev  0x000000000000033d      0x10f /home/ubikvalis/Documents/Studium/DLP-IBE/RIOT/examples/bindist/bin/native/board/board_init.o
 .debug_abbrev  0x000000000000044c      0x132 /home/ubikvalis/Documents/Studium/DLP-IBE/RIOT/examples/bindist/bin/native/core/assert.o
 .debug_abbrev  0x000000000000057e      0x1e6 /home/ubikvalis/Documents/Studium/DLP-IBE/RIOT/examples/bindist/bin/native/core/atomic_c11.o
 .debug_abbrev  0x0000000000000764      0x143 /home/ubikvalis/Documents/Studium/DLP-IBE/RIOT/examples/bindist/bin/native/core/bitarithm.o
 .debug_abbrev  0x00000000000008a7      0x122 /home/ubikvalis/Documents/Studium/DLP-IBE/RIOT/examples/bindist/bin/native/core/clist.o
 .debug_abbrev  0x00000000000009c9      0x2a5 /home/ubikvalis/Documents/Studium/DLP-IBE/RIOT/examples/bindist/bin/native/core/cond.o
 .debug_abbrev  0x0000000000000c6e      0x1d7 /home/ubikvalis/Documents/Studium/DLP-IBE/RIOT/examples/bindist/bin/native/core/init.o
 .debug_abbrev  0x0000000000000e45      0x46a /home/ubikvalis/Documents/Studium/DLP-IBE/RIOT/examples/bindist/bin/native/core/msg.o
 .debug_abbrev  0x00000000000012af      0x2c9 /home/ubikvalis/Documents/Studium/DLP-IBE/RIOT/examples/bindist/bin/native/core/mutex.o
 .debug_abbrev  0x0000000000001578      0x1be /home/ubikvalis/Documents/Studium/DLP-IBE/RIOT/examples/bindist/bin/native/core/panic.o
 .debug_abbrev  0x0000000000001736      0x1b8 /home/ubikvalis/Documents/Studium/DLP-IBE/RIOT/examples/bindist/bin/native/core/priority_queue.o
 .debug_abbrev  0x00000000000018ee      0x1cb /home/ubikvalis/Documents/Studium/DLP-IBE/RIOT/examples/bindist/bin/native/core/ringbuffer.o
 .debug_abbrev  0x0000000000001ab9      0x2e6 /home/ubikvalis/Documents/Studium/DLP-IBE/RIOT/examples/bindist/bin/native/core/rmutex.o
 .debug_abbrev  0x0000000000001d9f      0x375 /home/ubikvalis/Documents/Studium/DLP-IBE/RIOT/examples/bindist/bin/native/core/sched.o
 .debug_abbrev  0x0000000000002114      0x3a8 /home/ubikvalis/Documents/Studium/DLP-IBE/RIOT/examples/bindist/bin/native/core/thread.o
 .debug_abbrev  0x00000000000024bc      0x309 /home/ubikvalis/Documents/Studium/DLP-IBE/RIOT/examples/bindist/bin/native/cpu/async_read.o
 .debug_abbrev  0x00000000000027c5      0x47a /home/ubikvalis/Documents/Studium/DLP-IBE/RIOT/examples/bindist/bin/native/cpu/irq_cpu.o
 .debug_abbrev  0x0000000000002c3f      0x33f /home/ubikvalis/Documents/Studium/DLP-IBE/RIOT/examples/bindist/bin/native/cpu/native_cpu.o
 .debug_abbrev  0x0000000000002f7e      0x1e5 /home/ubikvalis/Documents/Studium/DLP-IBE/RIOT/examples/bindist/bin/native/cpu/panic.o
 .debug_abbrev  0x0000000000003163      0x3e5 /home/ubikvalis/Documents/Studium/DLP-IBE/RIOT/examples/bindist/bin/native/cpu/startup.o
 .debug_abbrev  0x0000000000003548      0x460 /home/ubikvalis/Documents/Studium/DLP-IBE/RIOT/examples/bindist/bin/native/cpu/syscalls.o
 .debug_abbrev  0x00000000000039a8       0x14 /home/ubikvalis/Documents/Studium/DLP-IBE/RIOT/examples/bindist/bin/native/cpu/tramp.o
 .debug_abbrev  0x00000000000039bc       0xfa /home/ubikvalis/Documents/Studium/DLP-IBE/RIOT/examples/bindist/bin/native/native_drivers/native-led.o
 .debug_abbrev  0x0000000000003ab6      0x130 /home/ubikvalis/Documents/Studium/DLP-IBE/RIOT/examples/bindist/bin/native/periph_common/eeprom.o
 .debug_abbrev  0x0000000000003be6       0xc7 /home/ubikvalis/Documents/Studium/DLP-IBE/RIOT/examples/bindist/bin/native/periph_common/gpio_util.o
 .debug_abbrev  0x0000000000003cad       0x61 /home/ubikvalis/Documents/Studium/DLP-IBE/RIOT/examples/bindist/bin/native/periph_common/init.o
 .debug_abbrev  0x0000000000003d0e      0x1e4 /home/ubikvalis/Documents/Studium/DLP-IBE/RIOT/examples/bindist/bin/native/periph_common/rtc.o
 .debug_abbrev  0x0000000000003ef2      0x311 /home/ubikvalis/Documents/Studium/DLP-IBE/RIOT/examples/bindist/bin/native/periph/gpio_linux.o
 .debug_abbrev  0x0000000000004203      0x28e /home/ubikvalis/Documents/Studium/DLP-IBE/RIOT/examples/bindist/bin/native/periph/pm.o
 .debug_abbrev  0x0000000000004491      0x2c8 /home/ubikvalis/Documents/Studium/DLP-IBE/RIOT/examples/bindist/bin/native/periph/uart.o
 .debug_abbrev  0x0000000000004759      0x212 /home/ubikvalis/Documents/Studium/DLP-IBE/RIOT/examples/bindist/bin/native/stdio_native/stdio_native.o

.debug_line     0x0000000000000000    0x12c61
 *(.debug_line .debug_line.* .debug_line_end)
 .debug_line    0x0000000000000000      0x2ca /home/ubikvalis/Documents/Studium/DLP-IBE/RIOT/examples/bindist/bin/native/abc/abc.o
 .debug_line    0x00000000000002ca      0x2bc /home/ubikvalis/Documents/Studium/DLP-IBE/RIOT/examples/bindist/bin/native/application_bindist/main.o
 .debug_line    0x0000000000000586      0x3d0 /home/ubikvalis/Documents/Studium/DLP-IBE/RIOT/examples/bindist/bin/native/auto_init/auto_init.o
 .debug_line    0x0000000000000956      0x5f2 /home/ubikvalis/Documents/Studium/DLP-IBE/RIOT/examples/bindist/bin/native/board/board_init.o
 .debug_line    0x0000000000000f48      0x35b /home/ubikvalis/Documents/Studium/DLP-IBE/RIOT/examples/bindist/bin/native/core/assert.o
 .debug_line    0x00000000000012a3      0xf08 /home/ubikvalis/Documents/Studium/DLP-IBE/RIOT/examples/bindist/bin/native/core/atomic_c11.o
 .debug_line    0x00000000000021ab      0x4c9 /home/ubikvalis/Documents/Studium/DLP-IBE/RIOT/examples/bindist/bin/native/core/bitarithm.o
 .debug_line    0x0000000000002674      0x349 /home/ubikvalis/Documents/Studium/DLP-IBE/RIOT/examples/bindist/bin/native/core/clist.o
 .debug_line    0x00000000000029bd      0x586 /home/ubikvalis/Documents/Studium/DLP-IBE/RIOT/examples/bindist/bin/native/core/cond.o
 .debug_line    0x0000000000002f43      0x6f6 /home/ubikvalis/Documents/Studium/DLP-IBE/RIOT/examples/bindist/bin/native/core/init.o
 .debug_line    0x0000000000003639     0x10b9 /home/ubikvalis/Documents/Studium/DLP-IBE/RIOT/examples/bindist/bin/native/core/msg.o
 .debug_line    0x00000000000046f2      0x913 /home/ubikvalis/Documents/Studium/DLP-IBE/RIOT/examples/bindist/bin/native/core/mutex.o
 .debug_line    0x0000000000005005      0x624 /home/ubikvalis/Documents/Studium/DLP-IBE/RIOT/examples/bindist/bin/native/core/panic.o
 .debug_line    0x0000000000005629      0x522 /home/ubikvalis/Documents/Studium/DLP-IBE/RIOT/examples/bindist/bin/native/core/priority_queue.o