Archive member included to satisfy reference by file (symbol)

/opt/local/lib/gcc/avr/9.1.0/avrxmega7/libgcc.a(_udivmodsi4.o)
                              ./profiling/measureNTT_7681_256.o (__udivmodsi4)
/opt/local/lib/gcc/avr/9.1.0/avrxmega7/libgcc.a(_exit.o)
                              /opt/local/lib/gcc/avr/9.1.0/../../../../avr/lib/avrxmega7/crtatxmega128a1.o (exit)
/opt/local/lib/gcc/avr/9.1.0/avrxmega7/libgcc.a(_copy_data.o)
                              ./crypto/rng/avr_trng.o (__do_copy_data)
/opt/local/lib/gcc/avr/9.1.0/avrxmega7/libgcc.a(_clear_bss.o)
                              ./crypto/rng/aes_prng.o (__do_clear_bss)
/opt/local/lib/gcc/avr/9.1.0/avrxmega7/libgcc.a(_umulhisi3.o)
                              ./profiling/measureNTT_7681_256.o (__umulhisi3)
/opt/local/lib/gcc/avr/9.1.0/avrxmega7/libgcc.a(_udivdi3.o)
                              ./profiling/profiling.o (__udivdi3)
/opt/local/lib/gcc/avr/9.1.0/avrxmega7/libgcc.a(_udivmod64.o)
                              /opt/local/lib/gcc/avr/9.1.0/avrxmega7/libgcc.a(_udivdi3.o) (__udivmod64)
/opt/local/lib/gcc/avr/9.1.0/avrxmega7/libgcc.a(_ashrdi3.o)
                              ./crypto/keccak/Keccak-avr8.o (__lshrdi3)
/opt/local/lib/gcc/avr/9.1.0/avrxmega7/libgcc.a(_adddi3.o)
                              ./profiling/profiling.o (__adddi3)
/opt/local/lib/gcc/avr/9.1.0/avrxmega7/libgcc.a(_subdi3.o)
                              ./crypto/keccak/Keccak-avr8.o (__subdi3)
/opt/local/lib/gcc/avr/9.1.0/avrxmega7/libgcc.a(_cmpdi2.o)
                              ./crypto/keccak/Keccak-avr8.o (__cmpdi2)
/opt/local/lib/gcc/avr/9.1.0/avrxmega7/libgcc.a(_cmpdi2_s8.o)
                              ./crypto/keccak/Keccak-avr8.o (__cmpdi2_s8)
/opt/local/lib/gcc/avr/9.1.0/../../../../avr/lib/avrxmega7/libc.a(malloc.o)
                              ./profiling/measureKaratsuba4093.o (__malloc_heap_start)
/opt/local/lib/gcc/avr/9.1.0/../../../../avr/lib/avrxmega7/libc.a(memcpy.o)
                              ./crypto/keccak/Keccak-avr8.o (memcpy)
/opt/local/lib/gcc/avr/9.1.0/../../../../avr/lib/avrxmega7/libc.a(strcpy.o)
                              ./profiling/measureKaratsuba4093.o (strcpy)
/opt/local/lib/gcc/avr/9.1.0/../../../../avr/lib/avrxmega7/libc.a(iob.o)
                              ./device/usart_driver.o (__iob)
/opt/local/lib/gcc/avr/9.1.0/../../../../avr/lib/avrxmega7/libc.a(printf.o)
                              ./profiling/measureKaratsuba4093.o (printf)
/opt/local/lib/gcc/avr/9.1.0/../../../../avr/lib/avrxmega7/libc.a(putchar.o)
                              ./profiling/measureNTT_12289_512.o (putchar)
/opt/local/lib/gcc/avr/9.1.0/../../../../avr/lib/avrxmega7/libc.a(puts.o)
                              ./profiling/LWEProfiling.o (puts)
/opt/local/lib/gcc/avr/9.1.0/../../../../avr/lib/avrxmega7/libc.a(vfprintf_std.o)
                              /opt/local/lib/gcc/avr/9.1.0/../../../../avr/lib/avrxmega7/libc.a(printf.o) (vfprintf)
/opt/local/lib/gcc/avr/9.1.0/../../../../avr/lib/avrxmega7/libc.a(strnlen_P.o)
                              /opt/local/lib/gcc/avr/9.1.0/../../../../avr/lib/avrxmega7/libc.a(vfprintf_std.o) (strnlen_P)
/opt/local/lib/gcc/avr/9.1.0/../../../../avr/lib/avrxmega7/libc.a(strnlen.o)
                              /opt/local/lib/gcc/avr/9.1.0/../../../../avr/lib/avrxmega7/libc.a(vfprintf_std.o) (strnlen)
/opt/local/lib/gcc/avr/9.1.0/../../../../avr/lib/avrxmega7/libc.a(fputc.o)
                              /opt/local/lib/gcc/avr/9.1.0/../../../../avr/lib/avrxmega7/libc.a(putchar.o) (fputc)
/opt/local/lib/gcc/avr/9.1.0/../../../../avr/lib/avrxmega7/libc.a(ultoa_invert.o)
                              /opt/local/lib/gcc/avr/9.1.0/../../../../avr/lib/avrxmega7/libc.a(vfprintf_std.o) (__ultoa_invert)

Allocating common symbols
Common symbol       size              file

__brkval            0x2               /opt/local/lib/gcc/avr/9.1.0/../../../../avr/lib/avrxmega7/libc.a(malloc.o)
__flp               0x2               /opt/local/lib/gcc/avr/9.1.0/../../../../avr/lib/avrxmega7/libc.a(malloc.o)
__iob               0x6               /opt/local/lib/gcc/avr/9.1.0/../../../../avr/lib/avrxmega7/libc.a(iob.o)
ovfs                0x2               ./profiling/profiling.o

Discarded input sections

 .data          0x0000000000000000        0x0 /opt/local/lib/gcc/avr/9.1.0/../../../../avr/lib/avrxmega7/crtatxmega128a1.o
 .bss           0x0000000000000000        0x0 /opt/local/lib/gcc/avr/9.1.0/../../../../avr/lib/avrxmega7/crtatxmega128a1.o
 .text          0x0000000000000000        0x0 ./crypto/rng/avr_trng.o
 .data          0x0000000000000000        0x0 ./crypto/rng/avr_trng.o
 .bss           0x0000000000000000        0x0 ./crypto/rng/avr_trng.o
 .rodata        0x0000000000000000        0x4 ./crypto/rng/avr_trng.o
 .text.get_trnd_adc
                0x0000000000000000       0x9a ./crypto/rng/avr_trng.o
 .text          0x0000000000000000        0x0 ./crypto/rng/aes_prng.o
[...]
Memory Configuration

Name             Origin             Length             Attributes
text             0x0000000000000000 0x0000000000100000 xr
data             0x0000000000802000 0x000000000000ffa0 rw !x
eeprom           0x0000000000810000 0x0000000000010000 rw !x
fuse             0x0000000000820000 0x0000000000000400 rw !x
lock             0x0000000000830000 0x0000000000000400 rw !x
signature        0x0000000000840000 0x0000000000000400 rw !x
user_signatures  0x0000000000850000 0x0000000000000400 rw !x
*default*        0x0000000000000000 0xffffffffffffffff

Linker script and memory map

LOAD /opt/local/lib/gcc/avr/9.1.0/../../../../avr/lib/avrxmega7/crtatxmega128a1.o
LOAD ./crypto/rng/avr_trng.o
LOAD ./crypto/rng/aes_prng.o
LOAD ./crypto/rng/AES_driver.o
LOAD ./crypto/sampler/cdf_sampler.o
LOAD ./crypto/p4093/sampler_4093.o
LOAD ./crypto/p4096/sampler_4096.o
LOAD ./crypto/p4093/ksuba_4093.o
LOAD ./crypto/p4096/ksuba_4096.o
LOAD ./crypto/p4093/school_4093.o
LOAD ./crypto/p7681/ntt_7681_256.o
LOAD ./crypto/p12289/ntt_12289_512.o
LOAD ./crypto/keccak/Keccak-avr8.o
LOAD ./crypto/keccak/KeccakF-1600-avr8.o
LOAD ./device/usart_driver.o
LOAD ./device/clksys_driver.o
LOAD ./profiling/LWEProfiling.o
LOAD ./profiling/measureKaratsuba4093.o
LOAD ./profiling/measureKaratsuba4096.o
LOAD ./profiling/measureNTT_12289_512.o
LOAD ./profiling/measureNTT_7681_256.o
LOAD ./profiling/measure_reduction.o
LOAD ./profiling/measureSchoolbook_4093.o
LOAD ./profiling/profiling.o
LOAD ./crypto/p7681/mm7681.o
LOAD ./crypto/p12289/mm12289.o
LOAD ./crypto/p4093/math_asm_4093.o
LOAD ./crypto/p4096/math_asm_4096.o
LOAD ./device/measureRAM.o
LOAD ./crypto/keccak/AVR8-rotate64.o
LOAD ./crypto/keccak/Keccak-avr8-util.o
LOAD ./profiling/mm24578.o
LOAD /opt/local/lib/gcc/avr/9.1.0/../../../../avr/lib/avrxmega7/libm.a
START GROUP
LOAD /opt/local/lib/gcc/avr/9.1.0/avrxmega7/libgcc.a
LOAD /opt/local/lib/gcc/avr/9.1.0/../../../../avr/lib/avrxmega7/libm.a
LOAD /opt/local/lib/gcc/avr/9.1.0/../../../../avr/lib/avrxmega7/libc.a
LOAD /opt/local/lib/gcc/avr/9.1.0/../../../../avr/lib/avrxmega7/libatxmega128a1.a
END GROUP
                0x0000000000100000                __TEXT_REGION_LENGTH__ = DEFINED (__TEXT_REGION_LENGTH__)?__TEXT_REGION_LENGTH__:0x100000
                0x000000000000ffa0                __DATA_REGION_LENGTH__ = DEFINED (__DATA_REGION_LENGTH__)?__DATA_REGION_LENGTH__:0xffa0
                0x0000000000010000                __EEPROM_REGION_LENGTH__ = DEFINED (__EEPROM_REGION_LENGTH__)?__EEPROM_REGION_LENGTH__:0x10000
                0x0000000000000400                __FUSE_REGION_LENGTH__ = DEFINED (__FUSE_REGION_LENGTH__)?__FUSE_REGION_LENGTH__:0x400
                0x0000000000000400                __LOCK_REGION_LENGTH__ = DEFINED (__LOCK_REGION_LENGTH__)?__LOCK_REGION_LENGTH__:0x400
                0x0000000000000400                __SIGNATURE_REGION_LENGTH__ = DEFINED (__SIGNATURE_REGION_LENGTH__)?__SIGNATURE_REGION_LENGTH__:0x400
                0x0000000000000400                __USER_SIGNATURE_REGION_LENGTH__ = DEFINED (__USER_SIGNATURE_REGION_LENGTH__)?__USER_SIGNATURE_REGION_LENGTH__:0x400

.hash
 *(.hash)

.dynsym
 *(.dynsym)

.dynstr
 *(.dynstr)

.gnu.version
 *(.gnu.version)

.gnu.version_d
 *(.gnu.version_d)

.gnu.version_r
 *(.gnu.version_r)

.rel.init
 *(.rel.init)

.rela.init
 *(.rela.init)

.rel.text
 *(.rel.text)
 *(.rel.text.*)
 *(.rel.gnu.linkonce.t*)

.rela.text
 *(.rela.text)
 *(.rela.text.*)
 *(.rela.gnu.linkonce.t*)

.rel.fini
 *(.rel.fini)

.rela.fini
 *(.rela.fini)

.rel.rodata
 *(.rel.rodata)
 *(.rel.rodata.*)
 *(.rel.gnu.linkonce.r*)

.rela.rodata
 *(.rela.rodata)
 *(.rela.rodata.*)
 *(.rela.gnu.linkonce.r*)

.rel.data
 *(.rel.data)
 *(.rel.data.*)
 *(.rel.gnu.linkonce.d*)

.rela.data
 *(.rela.data)
 *(.rela.data.*)
 *(.rela.gnu.linkonce.d*)

.rel.ctors
 *(.rel.ctors)

.rela.ctors
 *(.rela.ctors)

.rel.dtors
 *(.rel.dtors)

.rela.dtors
 *(.rela.dtors)

.rel.got
 *(.rel.got)

.rela.got
 *(.rela.got)

.rel.bss
 *(.rel.bss)

.rela.bss
 *(.rela.bss)

.rel.plt
 *(.rel.plt)

.rela.plt
 *(.rela.plt)

.text           0x0000000000000000     0xa80c
 *(.vectors)
 .vectors       0x0000000000000000      0x1f4 /opt/local/lib/gcc/avr/9.1.0/../../../../avr/lib/avrxmega7/crtatxmega128a1.o
                0x0000000000000000                __vectors
                0x0000000000000000                __vector_default
 *(.vectors)
 *(.progmem.gcc*)
                0x00000000000001f4                . = ALIGN (0x2)
                0x00000000000001f4                __trampolines_start = .
 *(.trampolines)
 .trampolines   0x00000000000001f4        0x4 linker stubs
 *(.trampolines*)
                0x00000000000001f8                __trampolines_end = .
 *libprintf_flt.a:*(.progmem.data)
 *libc.a:*(.progmem.data)
 *(.progmem.*)
 .progmem.data.cdf_table_4093_8000
                0x00000000000001f8      0x1bc ./crypto/p4093/sampler_4093.o
 .progmem.data.cdf_table_4096_8000
                0x00000000000003b4      0x1bc ./crypto/p4096/sampler_4096.o
 .progmem.data.cdf_table_7681_1132
                0x0000000000000570      0x270 ./crypto/p7681/ntt_7681_256.o
 .progmem.data.omegamultiples_7681_256
                0x00000000000007e0       0x20 ./crypto/p7681/ntt_7681_256.o
 .progmem.data.omegainvbitrev_7681_256
                0x0000000000000800      0x200 ./crypto/p7681/ntt_7681_256.o
 .progmem.data.psibitrev_7681_256
                0x0000000000000a00      0x200 ./crypto/p7681/ntt_7681_256.o
 .progmem.data.cdf_table_12289_1218
                0x0000000000000c00      0x294 ./crypto/p12289/ntt_12289_512.o
 .progmem.data.omegamultiples_12289_512
                0x0000000000000e94       0x20 ./crypto/p12289/ntt_12289_512.o
 .progmem.data.omegainvbitrev_12289_512
                0x0000000000000eb4      0x400 ./crypto/p12289/ntt_12289_512.o
 .progmem.data.psibitrev_12289_512
                0x00000000000012b4      0x400 ./crypto/p12289/ntt_12289_512.o
 .progmem.data.pubKeyA_4096_320
                0x00000000000016b4      0x280 ./profiling/LWEProfiling.o
 .progmem.data.pubKeyP_4096_320
                0x0000000000001934      0x280 ./profiling/LWEProfiling.o
 .progmem.data.prvKeyR2_4096_320
                0x0000000000001bb4      0x280 ./profiling/LWEProfiling.o
 .progmem.data.pubKeyA_4096_256
                0x0000000000001e34      0x200 ./profiling/LWEProfiling.o
 .progmem.data.pubKeyP_4096_256
                0x0000000000002034      0x200 ./profiling/LWEProfiling.o
 .progmem.data.prvKeyR2_4096_256
                0x0000000000002234      0x200 ./profiling/LWEProfiling.o
 .progmem.data.pubKeyA_4096_192
                0x0000000000002434      0x180 ./profiling/LWEProfiling.o
 .progmem.data.pubKeyP_4096_192
                0x00000000000025b4      0x180 ./profiling/LWEProfiling.o
 .progmem.data.prvKeyR2_4096_192
                0x0000000000002734      0x180 ./profiling/LWEProfiling.o
 .progmem.data.pubKeyA_4093_320
                0x00000000000028b4      0x280 ./profiling/LWEProfiling.o
 .progmem.data.pubKeyP_4093_320
                0x0000000000002b34      0x280 ./profiling/LWEProfiling.o
 .progmem.data.prvKeyR2_4093_320
                0x0000000000002db4      0x280 ./profiling/LWEProfiling.o
 .progmem.data.pubKeyA_4093_256
                0x0000000000003034      0x200 ./profiling/LWEProfiling.o
 .progmem.data.pubKeyP_4093_256
                0x0000000000003234      0x200 ./profiling/LWEProfiling.o
 .progmem.data.prvKeyR2_4093_256
                0x0000000000003434      0x200 ./profiling/LWEProfiling.o
 .progmem.data.pubKeyA_4093_192
                0x0000000000003634      0x180 ./profiling/LWEProfiling.o
 .progmem.data.pubKeyP_4093_192
                0x00000000000037b4      0x180 ./profiling/LWEProfiling.o
 .progmem.data.prvKeyR2_4093_192
                0x0000000000003934      0x180 ./profiling/LWEProfiling.o
 .progmem.data.pubKeyA_12289_512
                0x0000000000003ab4      0x400 ./profiling/measureNTT_12289_512.o
 .progmem.data.pubKeyP_12289_512
                0x0000000000003eb4      0x400 ./profiling/measureNTT_12289_512.o
 .progmem.data.prvKeyR2_12289_512
                0x00000000000042b4      0x400 ./profiling/measureNTT_12289_512.o
 .progmem.data.omegainvbitrev_12289_512
                0x00000000000046b4      0x400 ./profiling/measureNTT_12289_512.o
 .progmem.data.psibitrev_12289_512
                0x0000000000004ab4      0x400 ./profiling/measureNTT_12289_512.o
 .progmem.data.pubKeyA_7681_256
                0x0000000000004eb4      0x200 ./profiling/measureNTT_7681_256.o
 .progmem.data.pubKeyP_7681_256
                0x00000000000050b4      0x200 ./profiling/measureNTT_7681_256.o
 .progmem.data.prvKeyR2_7681_256
                0x00000000000052b4      0x200 ./profiling/measureNTT_7681_256.o
 .progmem.data.omegainvbitrev_7681_256
                0x00000000000054b4      0x200 ./profiling/measureNTT_7681_256.o
 .progmem.data.psibitrev_7681_256
                0x00000000000056b4      0x200 ./profiling/measureNTT_7681_256.o
                0x00000000000058b4                . = ALIGN (0x2)
 *(.lowtext)
 *(.lowtext*)
                0x00000000000058b4                __ctors_start = .
 *(.ctors)
                0x00000000000058b4                __ctors_end = .
                0x00000000000058b4                __dtors_start = .
 *(.dtors)
                0x00000000000058b4                __dtors_end = .
 SORT_BY_NAME(*)(.ctors)
 SORT_BY_NAME(*)(.dtors)
 *(.init0)
 .init0         0x00000000000058b4        0x0 /opt/local/lib/gcc/avr/9.1.0/../../../../avr/lib/avrxmega7/crtatxmega128a1.o
                0x00000000000058b4                __init
 *(.init0)
 *(.init1)
 *(.init1)
 *(.init2)
 .init2         0x00000000000058b4       0x18 /opt/local/lib/gcc/avr/9.1.0/../../../../avr/lib/avrxmega7/crtatxmega128a1.o
 *(.init2)
 *(.init3)
 *(.init3)
 *(.init4)
 .init4         0x00000000000058cc       0x1c /opt/local/lib/gcc/avr/9.1.0/avrxmega7/libgcc.a(_copy_data.o)
                0x00000000000058cc                __do_copy_data
 .init4         0x00000000000058e8       0x10 /opt/local/lib/gcc/avr/9.1.0/avrxmega7/libgcc.a(_clear_bss.o)
                0x00000000000058e8                __do_clear_bss
 *(.init4)
 *(.init5)
 *(.init5)
 *(.init6)
 *(.init6)
 *(.init7)
 *(.init7)
 *(.init8)
 *(.init8)
 *(.init9)
 .init9         0x00000000000058f8        0x8 /opt/local/lib/gcc/avr/9.1.0/../../../../avr/lib/avrxmega7/crtatxmega128a1.o
 *(.init9)
 *(.text)
 .text          0x0000000000005900        0x4 /opt/local/lib/gcc/avr/9.1.0/../../../../avr/lib/avrxmega7/crtatxmega128a1.o
                0x0000000000005900                __vector_120
                0x0000000000005900                __vector_104
                0x0000000000005900                __vector_22
                0x0000000000005900                __vector_63
                0x0000000000005900                __vector_28
                0x0000000000005900                __vector_67
                0x0000000000005900                __vector_1
                0x0000000000005900                __vector_119
                0x0000000000005900                __vector_32
                0x0000000000005900                __vector_75
                0x0000000000005900                __vector_71
                0x0000000000005900                __vector_91
                0x0000000000005900                __vector_34
                0x0000000000005900                __vector_62
                0x0000000000005900                __vector_77
                0x0000000000005900                __vector_102
                0x0000000000005900                __vector_24
                0x0000000000005900                __vector_12
                0x0000000000005900                __vector_55
                0x0000000000005900                __vector_69
                0x0000000000005900                __vector_81
                0x0000000000005900                __vector_90
                0x0000000000005900                __vector_46
                0x0000000000005900                __bad_interrupt
                0x0000000000005900                __vector_122
                0x0000000000005900                __vector_72
                0x0000000000005900                __vector_114
                0x0000000000005900                __vector_6
                0x0000000000005900                __vector_110
                0x0000000000005900                __vector_31
                0x0000000000005900                __vector_92
                0x0000000000005900                __vector_35
                0x0000000000005900                __vector_78
                0x0000000000005900                __vector_74
                0x0000000000005900                __vector_117
                0x0000000000005900                __vector_39
                0x0000000000005900                __vector_107
                0x0000000000005900                __vector_3
                0x0000000000005900                __vector_105
                0x0000000000005900                __vector_98
                0x0000000000005900                __vector_23
                0x0000000000005900                __vector_68
                0x0000000000005900                __vector_30
                0x0000000000005900                __vector_73
                0x0000000000005900                __vector_45
                0x0000000000005900                __vector_25
                0x0000000000005900                __vector_93
                0x0000000000005900                __vector_61
                0x0000000000005900                __vector_11
                0x0000000000005900                __vector_54
                0x0000000000005900                __vector_99
                0x0000000000005900                __vector_13
                0x0000000000005900                __vector_17
                0x0000000000005900                __vector_19
                0x0000000000005900                __vector_56
                0x0000000000005900                __vector_7
                0x0000000000005900                __vector_49
                0x0000000000005900                __vector_123
                0x0000000000005900                __vector_41
                0x0000000000005900                __vector_86
                0x0000000000005900                __vector_100
                0x0000000000005900                __vector_101
                0x0000000000005900                __vector_64
                0x0000000000005900                __vector_88
                0x0000000000005900                __vector_109
                0x0000000000005900                __vector_43
                0x0000000000005900                __vector_27
                0x0000000000005900                __vector_5
                0x0000000000005900                __vector_113
                0x0000000000005900                __vector_33
                0x0000000000005900                __vector_76
                0x0000000000005900                __vector_115
                0x0000000000005900                __vector_47
                0x0000000000005900                __vector_52
                0x0000000000005900                __vector_37
                0x0000000000005900                __vector_95
                0x0000000000005900                __vector_103
                0x0000000000005900                __vector_96
                0x0000000000005900                __vector_89
                0x0000000000005900                __vector_108
                0x0000000000005900                __vector_4
                0x0000000000005900                __vector_44
                0x0000000000005900                __vector_82
                0x0000000000005900                __vector_106
                0x0000000000005900                __vector_118
                0x0000000000005900                __vector_51
                0x0000000000005900                __vector_9
                0x0000000000005900                __vector_2
                0x0000000000005900                __vector_21
                0x0000000000005900                __vector_15
                0x0000000000005900                __vector_66
                0x0000000000005900                __vector_36
                0x0000000000005900                __vector_79
                0x0000000000005900                __vector_58
                0x0000000000005900                __vector_70
                0x0000000000005900                __vector_83
                0x0000000000005900                __vector_29
                0x0000000000005900                __vector_60
                0x0000000000005900                __vector_121
                0x0000000000005900                __vector_40
                0x0000000000005900                __vector_85
                0x0000000000005900                __vector_94
                0x0000000000005900                __vector_8
                0x0000000000005900                __vector_26
                0x0000000000005900                __vector_48
                0x0000000000005900                __vector_124
                0x0000000000005900                __vector_116
                0x0000000000005900                __vector_112
                0x0000000000005900                __vector_111
                0x0000000000005900                __vector_80
                0x0000000000005900                __vector_14
                0x0000000000005900                __vector_84
                0x0000000000005900                __vector_57
                0x0000000000005900                __vector_53
                0x0000000000005900                __vector_10
                0x0000000000005900                __vector_50
                0x0000000000005900                __vector_16
                0x0000000000005900                __vector_59
                0x0000000000005900                __vector_18
                0x0000000000005900                __vector_97
                0x0000000000005900                __vector_42
                0x0000000000005900                __vector_87
                0x0000000000005900                __vector_65
                0x0000000000005900                __vector_38
 .text          0x0000000000005904       0x7e ./crypto/p7681/mm7681.o
                0x0000000000005904                mod7681
                0x000000000000591c                mm7681_check
                0x0000000000005920                mm7681
 .text          0x0000000000005982       0xa2 ./crypto/p12289/mm12289.o
                0x0000000000005982                mm12289
                0x0000000000005a0c                mod12289
 .text          0x0000000000005a24      0x356 ./crypto/p4093/math_asm_4093.o
                0x0000000000005a24                mulRed_asm_4093
                0x0000000000005a74                polyMul_asm_4093_256
                0x0000000000005b42                polyMul_asm_4093_192
                0x0000000000005c24                polyMul_asm_4093_320
                0x0000000000005d3a                call_mulRed_asm_4093
 .text          0x0000000000005d7a       0x16 ./crypto/p4096/math_asm_4096.o
                0x0000000000005d7a                call_mulRed_asm_4096
 .text          0x0000000000005d90       0x66 ./device/measureRAM.o
                0x0000000000005d90                startRAM
                0x0000000000005db6                endRAM
 .text          0x0000000000005df6      0x152 ./profiling/mm24578.o
                0x0000000000005df6                mm24578
                0x0000000000005f48                . = ALIGN (0x2)
 *(.text.*)
 .text.avr_trng_init
                0x0000000000005f48       0x22 ./crypto/rng/avr_trng.o
                0x0000000000005f48                avr_trng_init
 .text.next_block_ptr
                0x0000000000005f6a       0x2a ./crypto/rng/aes_prng.o
                0x0000000000005f6a                next_block_ptr
 .text.AES_encrypt
                0x0000000000005f94       0x6e ./crypto/rng/AES_driver.o
                0x0000000000005f94                AES_encrypt
 .text.sample_gauss
                0x0000000000006002       0x88 ./crypto/sampler/cdf_sampler.o
                0x0000000000006002                sample_gauss
 .text.get_gauss_poly_4093
                0x000000000000608a       0xe4 ./crypto/p4093/sampler_4093.o
                0x000000000000608a                get_gauss_poly_4093
 .text.get_gauss_poly_4093_posneg
                0x000000000000616e       0xd8 ./crypto/p4093/sampler_4093.o
                0x000000000000616e                get_gauss_poly_4093_posneg
 .text.get_gauss_poly_4096
                0x0000000000006246       0xd6 ./crypto/p4096/sampler_4096.o
                0x0000000000006246                get_gauss_poly_4096
 .text.get_gauss_poly_4096_posneg
                0x000000000000631c       0xd4 ./crypto/p4096/sampler_4096.o
                0x000000000000631c                get_gauss_poly_4096_posneg
 .text.set_max_recursion_stages
                0x00000000000063f0        0x6 ./crypto/p4093/ksuba_4093.o
                0x00000000000063f0                set_max_recursion_stages
 .text.reduce   0x00000000000063f6       0x58 ./crypto/p4093/ksuba_4093.o
                0x00000000000063f6                reduce
 .text.karatsuba_recursive
                0x000000000000644e      0x352 ./crypto/p4093/ksuba_4093.o
                0x000000000000644e                karatsuba_recursive
 .text.karatsuba_4093_192
                0x00000000000067a0       0xa0 ./crypto/p4093/ksuba_4093.o
                0x00000000000067a0                karatsuba_4093_192
 .text.karatsuba_4093_256
                0x0000000000006840       0x9c ./crypto/p4093/ksuba_4093.o
                0x0000000000006840                karatsuba_4093_256
 .text.karatsuba_4093_320
                0x00000000000068dc       0xa0 ./crypto/p4093/ksuba_4093.o
                0x00000000000068dc                karatsuba_4093_320
 .text.add_encode_ksuba_4093
                0x000000000000697c       0x6a ./crypto/p4093/ksuba_4093.o
                0x000000000000697c                add_encode_ksuba_4093
 .text.encrypt_ksuba_4093
                0x00000000000069e6       0xfa ./crypto/p4093/ksuba_4093.o
                0x00000000000069e6                encrypt_ksuba_4093
 .text.decode_ksuba_4093
                0x0000000000006ae0       0x60 ./crypto/p4093/ksuba_4093.o
                0x0000000000006ae0                decode_ksuba_4093
 .text.decrypt_ksuba_4093
                0x0000000000006b40       0xba ./crypto/p4093/ksuba_4093.o
                0x0000000000006b40                decrypt_ksuba_4093
 .text.set_max_recursion_stages4096
                0x0000000000006bfa        0x6 ./crypto/p4096/ksuba_4096.o
                0x0000000000006bfa                set_max_recursion_stages4096
 .text.reduce4096
                0x0000000000006c00       0x56 ./crypto/p4096/ksuba_4096.o
                0x0000000000006c00                reduce4096
 .text.karatsuba_recursive4096
                0x0000000000006c56      0x318 ./crypto/p4096/ksuba_4096.o
                0x0000000000006c56                karatsuba_recursive4096
 .text.karatsuba_4096_192
                0x0000000000006f6e       0xa0 ./crypto/p4096/ksuba_4096.o
                0x0000000000006f6e                karatsuba_4096_192
 .text.karatsuba_4096_256
                0x000000000000700e       0x9c ./crypto/p4096/ksuba_4096.o
                0x000000000000700e                karatsuba_4096_256
 .text.karatsuba_4096_320
                0x00000000000070aa       0xa0 ./crypto/p4096/ksuba_4096.o
                0x00000000000070aa                karatsuba_4096_320
 .text.add_encode_ksuba_4096
                0x000000000000714a       0x66 ./crypto/p4096/ksuba_4096.o
                0x000000000000714a                add_encode_ksuba_4096
 .text.encrypt_ksuba_4096
                0x00000000000071b0       0xfa ./crypto/p4096/ksuba_4096.o
                0x00000000000071b0                encrypt_ksuba_4096
 .text.decode_ksuba_4096
                0x00000000000072aa       0x5e ./crypto/p4096/ksuba_4096.o
                0x00000000000072aa                decode_ksuba_4096
 .text.decrypt_ksuba_4096
                0x0000000000007308       0xb8 ./crypto/p4096/ksuba_4096.o
                0x0000000000007308                decrypt_ksuba_4096
 .text.get_gauss_poly_7681_256
                0x00000000000073c0       0xc6 ./crypto/p7681/ntt_7681_256.o
                0x00000000000073c0                get_gauss_poly_7681_256
 .text.first_stage_GS
                0x0000000000007486       0x6c ./crypto/p7681/ntt_7681_256.o
                0x0000000000007486                first_stage_GS
 .text.last_stage_GS
                0x00000000000074f2       0x86 ./crypto/p7681/ntt_7681_256.o
                0x00000000000074f2                last_stage_GS
 .text.ntt_GS_bo_to_no_incl_invpsi_7681_256
                0x0000000000007578      0x164 ./crypto/p7681/ntt_7681_256.o
                0x0000000000007578                ntt_GS_bo_to_no_incl_invpsi_7681_256
 .text.print_counter
                0x00000000000076dc        0x2 ./crypto/p7681/ntt_7681_256.o
                0x00000000000076dc                print_counter
 .text.first_stage_CT
                0x00000000000076de       0xec ./crypto/p7681/ntt_7681_256.o
                0x00000000000076de                first_stage_CT
 .text.last_stage_CT
                0x00000000000077ca       0x70 ./crypto/p7681/ntt_7681_256.o
                0x00000000000077ca                last_stage_CT
 .text.ntt_CT_no_to_bo_incl_psi_7681_256_nolookup
                0x000000000000783a      0x17a ./crypto/p7681/ntt_7681_256.o
                0x000000000000783a                ntt_CT_no_to_bo_incl_psi_7681_256_nolookup
 .text.ntt_CT_no_to_bo_incl_psi_7681_256
                0x00000000000079b4      0x184 ./crypto/p7681/ntt_7681_256.o
                0x00000000000079b4                ntt_CT_no_to_bo_incl_psi_7681_256
 .text.pw_psi_7681
                0x0000000000007b38       0x50 ./crypto/p7681/ntt_7681_256.o
                0x0000000000007b38                pw_psi_7681
 .text.pw_mul_flash_7681_256
                0x0000000000007b88       0x44 ./crypto/p7681/ntt_7681_256.o
                0x0000000000007b88                pw_mul_flash_7681_256
 .text.add_7681
                0x0000000000007bcc       0x58 ./crypto/p7681/ntt_7681_256.o
                0x0000000000007bcc                add_7681
 .text.enc_7681_256_core
                0x0000000000007c24       0xea ./crypto/p7681/ntt_7681_256.o
                0x0000000000007c24                enc_7681_256_core
 .text.dec_7681_256_core
                0x0000000000007d0e       0x3a ./crypto/p7681/ntt_7681_256.o
                0x0000000000007d0e                dec_7681_256_core
 .text.add_encode_7681_256
                0x0000000000007d48       0x5c ./crypto/p7681/ntt_7681_256.o
                0x0000000000007d48                add_encode_7681_256
 .text.encrypt_7681_256
                0x0000000000007da4       0x2c ./crypto/p7681/ntt_7681_256.o
                0x0000000000007da4                encrypt_7681_256
 .text.decode_7681_256
                0x0000000000007dd0       0x54 ./crypto/p7681/ntt_7681_256.o
                0x0000000000007dd0                decode_7681_256
 .text.decrypt_7681_256
                0x0000000000007e24       0x24 ./crypto/p7681/ntt_7681_256.o
                0x0000000000007e24                decrypt_7681_256
 .text.get_gauss_poly_12289_512
                0x0000000000007e48       0xc6 ./crypto/p12289/ntt_12289_512.o
                0x0000000000007e48                get_gauss_poly_12289_512
 .text.first_stage_GS_12289_512
                0x0000000000007f0e       0x6c ./crypto/p12289/ntt_12289_512.o
                0x0000000000007f0e                first_stage_GS_12289_512
 .text.last_stage_GS_12289_512
                0x0000000000007f7a       0x86 ./crypto/p12289/ntt_12289_512.o
                0x0000000000007f7a                last_stage_GS_12289_512
 .text.ntt_GS_bo_to_no_incl_invpsi_12289_512
                0x0000000000008000      0x164 ./crypto/p12289/ntt_12289_512.o
                0x0000000000008000                ntt_GS_bo_to_no_incl_invpsi_12289_512
 .text.first_stage_CT_12289_512
                0x0000000000008164       0xec ./crypto/p12289/ntt_12289_512.o
                0x0000000000008164                first_stage_CT_12289_512
 .text.last_stage_CT_12289_512
                0x0000000000008250       0x70 ./crypto/p12289/ntt_12289_512.o
                0x0000000000008250                last_stage_CT_12289_512
 .text.ntt_CT_no_to_bo_incl_psi_12289_512_nolookup
                0x00000000000082c0      0x17a ./crypto/p12289/ntt_12289_512.o
                0x00000000000082c0                ntt_CT_no_to_bo_incl_psi_12289_512_nolookup
 .text.ntt_CT_no_to_bo_incl_psi_12289_512
                0x000000000000843a      0x184 ./crypto/p12289/ntt_12289_512.o
                0x000000000000843a                ntt_CT_no_to_bo_incl_psi_12289_512
 .text.pw_psi_12289
                0x00000000000085be       0x50 ./crypto/p12289/ntt_12289_512.o
                0x00000000000085be                pw_psi_12289
 .text.pw_mul_flash_12289_512
                0x000000000000860e       0x44 ./crypto/p12289/ntt_12289_512.o
                0x000000000000860e                pw_mul_flash_12289_512
 .text.add_12289
                0x0000000000008652       0x58 ./crypto/p12289/ntt_12289_512.o
                0x0000000000008652                add_12289
 .text.add_encode_12289_512
                0x00000000000086aa       0x5e ./crypto/p12289/ntt_12289_512.o
                0x00000000000086aa                add_encode_12289_512
 .text.encrypt_12289_512
                0x0000000000008708       0xfc ./crypto/p12289/ntt_12289_512.o
                0x0000000000008708                encrypt_12289_512
 .text.decode_12289_512
                0x0000000000008804       0x54 ./crypto/p12289/ntt_12289_512.o
                0x0000000000008804                decode_12289_512
 .text.decrypt_12289_512
                0x0000000000008858       0x4e ./crypto/p12289/ntt_12289_512.o
                0x0000000000008858                decrypt_12289_512
 .text.uart_putchar
                0x00000000000088a6        0xe ./device/usart_driver.o
                0x00000000000088a6                uart_putchar
 .text.USARTinit
                0x00000000000088b4       0x34 ./device/usart_driver.o
                0x00000000000088b4                USARTinit
 .text.CCPWrite
                0x00000000000088e8       0x2c ./device/clksys_driver.o
                0x00000000000088e8                CCPWrite
 .text.CLKSYS_Disable
                0x0000000000008914       0x14 ./device/clksys_driver.o
                0x0000000000008914                CLKSYS_Disable
 .text.CLKSYS_Main_ClockSource_Select
                0x0000000000008928       0x2a ./device/clksys_driver.o
                0x0000000000008928                CLKSYS_Main_ClockSource_Select
 .text.startup.main
                0x0000000000008952       0xcc ./profiling/LWEProfiling.o
                0x0000000000008952                main
 .text.do_measurement_karatsuba_4093
                0x0000000000008a1e      0x27c ./profiling/measureKaratsuba4093.o
                0x0000000000008a1e                do_measurement_karatsuba_4093
 .text.do_measurement_karatsuba_4096
                0x0000000000008c9a      0x27c ./profiling/measureKaratsuba4096.o
                0x0000000000008c9a                do_measurement_karatsuba_4096
 .text.do_measurement_12289_512
                0x0000000000008f16      0x624 ./profiling/measureNTT_12289_512.o
                0x0000000000008f16                do_measurement_12289_512
 .text.do_measurement_7681_256
                0x000000000000953a      0x4fa ./profiling/measureNTT_7681_256.o
                0x000000000000953a                do_measurement_7681_256
 .text.do_measurement_reduction_7681_c
                0x0000000000009a34       0xe4 ./profiling/measure_reduction.o
                0x0000000000009a34                do_measurement_reduction_7681_c
 .text.do_measurement_reduction_7681_asm
                0x0000000000009b18      0x2d2 ./profiling/measure_reduction.o
                0x0000000000009b18                do_measurement_reduction_7681_asm
 .text.generateRandomPolyTable_12289_512
                0x0000000000009dea       0x14 ./profiling/profiling.o
                0x0000000000009dea                generateRandomPolyTable_12289_512
 .text.generateRandomPolyTable_7681_256
                0x0000000000009dfe       0x14 ./profiling/profiling.o
                0x0000000000009dfe                generateRandomPolyTable_7681_256
 .text.generateRandomPolyTable_4093
                0x0000000000009e12       0x1c ./profiling/profiling.o
                0x0000000000009e12                generateRandomPolyTable_4093
 .text.generateRandomPolyTable_4096
                0x0000000000009e2e        0x4 ./profiling/profiling.o
                0x0000000000009e2e                generateRandomPolyTable_4096
 .text.initMeasurement
                0x0000000000009e32       0x2e ./profiling/profiling.o
                0x0000000000009e32                initMeasurement
 .text.startMeasurement
                0x0000000000009e60       0x1e ./profiling/profiling.o
                0x0000000000009e60                startMeasurement
 .text.stopMeasurement
                0x0000000000009e7e       0x8a ./profiling/profiling.o
                0x0000000000009e7e                stopMeasurement
 .text.printResult
                0x0000000000009f08       0xa8 ./profiling/profiling.o
                0x0000000000009f08                printResult
 .text.printResultRAM
                0x0000000000009fb0       0xbc ./profiling/profiling.o
                0x0000000000009fb0                printResultRAM
 .text.__vector_20
                0x000000000000a06c       0x84 ./profiling/profiling.o
                0x000000000000a06c                __vector_20
 .text.libgcc.div
                0x000000000000a0f0       0x44 /opt/local/lib/gcc/avr/9.1.0/avrxmega7/libgcc.a(_udivmodsi4.o)
                0x000000000000a0f0                __udivmodsi4
 .text.libgcc.mul
                0x000000000000a134       0x1e /opt/local/lib/gcc/avr/9.1.0/avrxmega7/libgcc.a(_umulhisi3.o)
                0x000000000000a134                __umulhisi3
 .text.libgcc.div
                0x000000000000a152       0x1c /opt/local/lib/gcc/avr/9.1.0/avrxmega7/libgcc.a(_udivdi3.o)
                0x000000000000a152                __umoddi3
                0x000000000000a156                __udivdi3
                0x000000000000a158                __udivdi3_umoddi3
 .text.libgcc.div
                0x000000000000a16e       0xa2 /opt/local/lib/gcc/avr/9.1.0/avrxmega7/libgcc.a(_udivmod64.o)
                0x000000000000a16e                __udivmod64
 .text.libgcc   0x000000000000a210       0x12 /opt/local/lib/gcc/avr/9.1.0/avrxmega7/libgcc.a(_adddi3.o)
                0x000000000000a210                __adddi3
 .text.libgcc   0x000000000000a222       0x12 /opt/local/lib/gcc/avr/9.1.0/avrxmega7/libgcc.a(_cmpdi2.o)
                0x000000000000a222                __cmpdi2
 .text.avr-libc
                0x000000000000a234        0xe /opt/local/lib/gcc/avr/9.1.0/../../../../avr/lib/avrxmega7/libc.a(strcpy.o)
                0x000000000000a234                strcpy
 .text.avr-libc
                0x000000000000a242       0x24 /opt/local/lib/gcc/avr/9.1.0/../../../../avr/lib/avrxmega7/libc.a(printf.o)
                0x000000000000a242                printf
 .text.avr-libc
                0x000000000000a266        0xc /opt/local/lib/gcc/avr/9.1.0/../../../../avr/lib/avrxmega7/libc.a(putchar.o)
                0x000000000000a266                putchar
 .text.avr-libc
                0x000000000000a272       0x58 /opt/local/lib/gcc/avr/9.1.0/../../../../avr/lib/avrxmega7/libc.a(puts.o)
                0x000000000000a272                puts
 .text.avr-libc
                0x000000000000a2ca      0x3f6 /opt/local/lib/gcc/avr/9.1.0/../../../../avr/lib/avrxmega7/libc.a(vfprintf_std.o)
                0x000000000000a2ca                vfprintf
 .text.avr-libc
                0x000000000000a6c0       0x16 /opt/local/lib/gcc/avr/9.1.0/../../../../avr/lib/avrxmega7/libc.a(strnlen_P.o)
                0x000000000000a6c0                strnlen_P
 .text.avr-libc
                0x000000000000a6d6       0x16 /opt/local/lib/gcc/avr/9.1.0/../../../../avr/lib/avrxmega7/libc.a(strnlen.o)
                0x000000000000a6d6                strnlen
 .text.avr-libc
                0x000000000000a6ec       0x60 /opt/local/lib/gcc/avr/9.1.0/../../../../avr/lib/avrxmega7/libc.a(fputc.o)
                0x000000000000a6ec                fputc
 .text.avr-libc
                0x000000000000a74c       0xbc /opt/local/lib/gcc/avr/9.1.0/../../../../avr/lib/avrxmega7/libc.a(ultoa_invert.o)
                0x000000000000a74c                __ultoa_invert
                0x000000000000a808                . = ALIGN (0x2)
 *(.fini9)
 .fini9         0x000000000000a808        0x0 /opt/local/lib/gcc/avr/9.1.0/avrxmega7/libgcc.a(_exit.o)
                0x000000000000a808                exit
                0x000000000000a808                _exit
 *(.fini9)
 *(.fini8)
 *(.fini8)
 *(.fini7)
 *(.fini7)
 *(.fini6)
 *(.fini6)
 *(.fini5)
 *(.fini5)
 *(.fini4)
 *(.fini4)
 *(.fini3)
 *(.fini3)
 *(.fini2)
 *(.fini2)
 *(.fini1)
 *(.fini1)
 *(.fini0)
 .fini0         0x000000000000a808        0x4 /opt/local/lib/gcc/avr/9.1.0/avrxmega7/libgcc.a(_exit.o)
 *(.fini0)
 *(.hightext)
 *(.hightext*)
 *(.progmemx.*)
                0x000000000000a80c                . = ALIGN (0x2)
 *(.jumptables)
 *(.jumptables*)
                0x000000000000a80c                _etext = .

.data           0x0000000000802000      0x430 load address 0x000000000000a80c
                0x0000000000802000                PROVIDE (__data_start = .)
 *(.data)
 .data          0x0000000000802000        0x6 /opt/local/lib/gcc/avr/9.1.0/../../../../avr/lib/avrxmega7/libc.a(malloc.o)
                0x0000000000802000                __malloc_heap_end
                0x0000000000802002                __malloc_heap_start
                0x0000000000802004                __malloc_margin
 *(.data*)
 .data.max_recursion_stages
                0x0000000000802006        0x1 ./crypto/p4093/ksuba_4093.o
                0x0000000000802006                max_recursion_stages
 .data.max_recursion_stages4096
                0x0000000000802007        0x1 ./crypto/p4096/ksuba_4096.o
                0x0000000000802007                max_recursion_stages4096
 .data.mystdout
                0x0000000000802008        0xe ./device/usart_driver.o
 *(.gnu.linkonce.d*)
 *(.rodata)
 *(.rodata*)
 .rodata.main.str1.1
                0x0000000000802016       0x33 ./profiling/LWEProfiling.o
                                         0x35 (size before relaxing)
 .rodata.do_measurement_karatsuba_4093.str1.1
                0x0000000000802049       0xb6 ./profiling/measureKaratsuba4093.o
                                         0xda (size before relaxing)
 .rodata.do_measurement_karatsuba_4096.str1.1
                0x00000000008020ff       0x31 ./profiling/measureKaratsuba4096.o
                                         0xda (size before relaxing)
 .rodata.do_measurement_12289_512.str1.1
                0x0000000000802130      0x167 ./profiling/measureNTT_12289_512.o
                                        0x181 (size before relaxing)
 .rodata.do_measurement_7681_256.str1.1
                0x0000000000802297       0x40 ./profiling/measureNTT_7681_256.o
                                        0x17a (size before relaxing)
 .rodata.do_measurement_reduction_7681_c.str1.1
                0x00000000008022d7       0x35 ./profiling/measure_reduction.o
 .rodata.do_measurement_reduction_7681_asm.str1.1
                0x000000000080230c       0xda ./profiling/measure_reduction.o
 .rodata.printResult.str1.1
                0x00000000008023e6        0xf ./profiling/profiling.o
 .rodata.printResultRAM.str1.1
                0x00000000008023f5       0x15 ./profiling/profiling.o
 .rodata.__vector_20.str1.1
                0x000000000080240a       0x25 ./profiling/profiling.o
 *(.gnu.linkonce.r*)
                0x0000000000802430                . = ALIGN (0x2)
 *fill*         0x000000000080242f        0x1 
                0x0000000000802430                _edata = .
                0x0000000000802430                PROVIDE (__data_end = .)

.bss            0x0000000000802430       0x38
                0x0000000000802430                PROVIDE (__bss_start = .)
 *(.bss)
 *(.bss*)
 .bss.pool      0x0000000000802430       0x20 ./crypto/rng/aes_prng.o
 .bss.end       0x0000000000802450        0x2 ./profiling/measureKaratsuba4093.o
 .bss.start     0x0000000000802452        0x2 ./profiling/measureKaratsuba4093.o
 .bss.end       0x0000000000802454        0x2 ./profiling/measureKaratsuba4096.o
 .bss.start     0x0000000000802456        0x2 ./profiling/measureKaratsuba4096.o
 .bss.end       0x0000000000802458        0x2 ./profiling/measureNTT_12289_512.o
 .bss.start     0x000000000080245a        0x2 ./profiling/measureNTT_12289_512.o
 .bss.end       0x000000000080245c        0x2 ./profiling/measureNTT_7681_256.o
 .bss.start     0x000000000080245e        0x2 ./profiling/measureNTT_7681_256.o
 *(COMMON)
 COMMON         0x0000000000802460        0x2 ./profiling/profiling.o
                0x0000000000802460                ovfs
 COMMON         0x0000000000802462        0x6 /opt/local/lib/gcc/avr/9.1.0/../../../../avr/lib/avrxmega7/libc.a(iob.o)
                0x0000000000802462                __iob
                0x0000000000802468                PROVIDE (__bss_end = .)
                0x000000000000a80c                __data_load_start = LOADADDR (.data)
                0x000000000000ac3c                __data_load_end = (__data_load_start + SIZEOF (.data))

.noinit         0x0000000000802468        0x0
                [!provide]                        PROVIDE (__noinit_start = .)
 *(.noinit*)
                [!provide]                        PROVIDE (__noinit_end = .)
                0x0000000000802468                _end = .
                0x0000000000802468                PROVIDE (__heap_start = .)

.eeprom         0x0000000000810000        0x0
 *(.eeprom*)
                0x0000000000810000                __eeprom_end = .

.fuse
 *(.fuse)
 *(.lfuse)
 *(.hfuse)
 *(.efuse)

.lock
 *(.lock*)

.signature
 *(.signature*)

.stab           0x0000000000000000     0xe994
 *(.stab)
 .stab          0x0000000000000000     0x1494 ./crypto/rng/avr_trng.o
                                       0x15b4 (size before relaxing)
 .stab          0x0000000000001494      0x36c ./crypto/rng/aes_prng.o
                                       0x15b4 (size before relaxing)
 .stab          0x0000000000001800      0x468 ./crypto/rng/AES_driver.o
                                       0x1830 (size before relaxing)
 .stab          0x0000000000001c68      0x51c ./crypto/sampler/cdf_sampler.o
                                       0x15f0 (size before relaxing)
 .stab          0x0000000000002184      0x660 ./crypto/p4093/sampler_4093.o
                                       0x1758 (size before relaxing)
 .stab          0x00000000000027e4      0x660 ./crypto/p4096/sampler_4096.o
                                       0x1758 (size before relaxing)
 .stab          0x0000000000002e44     0x12d8 ./crypto/p4093/ksuba_4093.o
                                       0x23f4 (size before relaxing)
 .stab          0x000000000000411c     0x129c ./crypto/p4096/ksuba_4096.o
                                       0x2400 (size before relaxing)
 .stab          0x00000000000053b8     0x1590 ./crypto/p7681/ntt_7681_256.o
                                       0x2688 (size before relaxing)
 .stab          0x0000000000006948     0x14dc ./crypto/p12289/ntt_12289_512.o
                                       0x25d4 (size before relaxing)
 .stab          0x0000000000007e24      0x42c ./device/usart_driver.o
                                       0x1d64 (size before relaxing)
 .stab          0x0000000000008250      0x444 ./device/clksys_driver.o
                                       0x1800 (size before relaxing)
 .stab          0x0000000000008694      0x564 ./profiling/LWEProfiling.o
                                       0x16ec (size before relaxing)
 .stab          0x0000000000008bf8      0x5e8 ./profiling/measureKaratsuba4093.o
                                       0x17a0 (size before relaxing)
 .stab          0x00000000000091e0      0x5d0 ./profiling/measureKaratsuba4096.o
                                       0x17a0 (size before relaxing)
 .stab          0x00000000000097b0      0xa20 ./profiling/measureNTT_12289_512.o
                                       0x1c08 (size before relaxing)
 .stab          0x000000000000a1d0      0x9e4 ./profiling/measureNTT_7681_256.o
                                       0x1ba8 (size before relaxing)
 .stab          0x000000000000abb4      0x714 ./profiling/measure_reduction.o
                                        0x918 (size before relaxing)
 .stab          0x000000000000b2c8      0x708 ./profiling/profiling.o
                                       0x1938 (size before relaxing)
 .stab          0x000000000000b9d0      0x30c ./crypto/p7681/mm7681.o
                                        0x318 (size before relaxing)
 .stab          0x000000000000bcdc      0x3e4 ./crypto/p12289/mm12289.o
                                        0x3f0 (size before relaxing)
 .stab          0x000000000000c0c0     0x13f8 ./crypto/p4093/math_asm_4093.o
                                       0x1404 (size before relaxing)
 .stab          0x000000000000d4b8       0x9c ./crypto/p4096/math_asm_4096.o
                                         0xa8 (size before relaxing)
 .stab          0x000000000000d554      0x27c ./device/measureRAM.o
                                        0x288 (size before relaxing)
 .stab          0x000000000000d7d0      0x804 ./profiling/mm24578.o
                                        0x810 (size before relaxing)
 .stab          0x000000000000dfd4      0x228 /opt/local/lib/gcc/avr/9.1.0/avrxmega7/libgcc.a(_udivmodsi4.o)
                                        0x234 (size before relaxing)
 .stab          0x000000000000e1fc       0x6c /opt/local/lib/gcc/avr/9.1.0/avrxmega7/libgcc.a(_exit.o)
                                         0x78 (size before relaxing)
 .stab          0x000000000000e268       0xfc /opt/local/lib/gcc/avr/9.1.0/avrxmega7/libgcc.a(_copy_data.o)
                                        0x108 (size before relaxing)
 .stab          0x000000000000e364       0xb4 /opt/local/lib/gcc/avr/9.1.0/avrxmega7/libgcc.a(_clear_bss.o)
                                         0xc0 (size before relaxing)
 .stab          0x000000000000e418      0x108 /opt/local/lib/gcc/avr/9.1.0/avrxmega7/libgcc.a(_umulhisi3.o)
                                        0x114 (size before relaxing)
 .stab          0x000000000000e520      0x150 /opt/local/lib/gcc/avr/9.1.0/avrxmega7/libgcc.a(_udivdi3.o)
                                        0x15c (size before relaxing)
 .stab          0x000000000000e670      0x234 /opt/local/lib/gcc/avr/9.1.0/avrxmega7/libgcc.a(_udivmod64.o)
                                        0x240 (size before relaxing)
 .stab          0x000000000000e8a4       0x78 /opt/local/lib/gcc/avr/9.1.0/avrxmega7/libgcc.a(_adddi3.o)
                                         0x84 (size before relaxing)
 .stab          0x000000000000e91c       0x78 /opt/local/lib/gcc/avr/9.1.0/avrxmega7/libgcc.a(_cmpdi2.o)
                                         0x84 (size before relaxing)

.stabstr        0x0000000000000000     0xe919
 *(.stabstr)
 .stabstr       0x0000000000000000     0xe919 ./crypto/rng/avr_trng.o

.stab.excl
 *(.stab.excl)

.stab.exclstr
 *(.stab.exclstr)

.stab.index
 *(.stab.index)

.stab.indexstr
 *(.stab.indexstr)

.comment        0x0000000000000000       0x11
 *(.comment)
 .comment       0x0000000000000000       0x11 ./crypto/rng/avr_trng.o
                                         0x12 (size before relaxing)
 .comment       0x0000000000000011       0x12 ./crypto/rng/aes_prng.o
 .comment       0x0000000000000011       0x12 ./crypto/rng/AES_driver.o
 .comment       0x0000000000000011       0x12 ./crypto/sampler/cdf_sampler.o
 .comment       0x0000000000000011       0x12 ./crypto/p4093/sampler_4093.o
 .comment       0x0000000000000011       0x12 ./crypto/p4096/sampler_4096.o
 .comment       0x0000000000000011       0x12 ./crypto/p4093/ksuba_4093.o
 .comment       0x0000000000000011       0x12 ./crypto/p4096/ksuba_4096.o
 .comment       0x0000000000000011       0x12 ./crypto/p7681/ntt_7681_256.o
 .comment       0x0000000000000011       0x12 ./crypto/p12289/ntt_12289_512.o
 .comment       0x0000000000000011       0x12 ./device/usart_driver.o
 .comment       0x0000000000000011       0x12 ./device/clksys_driver.o
 .comment       0x0000000000000011       0x12 ./profiling/LWEProfiling.o
 .comment       0x0000000000000011       0x12 ./profiling/measureKaratsuba4093.o
 .comment       0x0000000000000011       0x12 ./profiling/measureKaratsuba4096.o
 .comment       0x0000000000000011       0x12 ./profiling/measureNTT_12289_512.o
 .comment       0x0000000000000011       0x12 ./profiling/measureNTT_7681_256.o
 .comment       0x0000000000000011       0x12 ./profiling/measure_reduction.o
 .comment       0x0000000000000011       0x12 ./profiling/profiling.o
 .comment       0x0000000000000011       0x12 /opt/local/lib/gcc/avr/9.1.0/../../../../avr/lib/avrxmega7/libc.a(malloc.o)
 .comment       0x0000000000000011       0x12 /opt/local/lib/gcc/avr/9.1.0/../../../../avr/lib/avrxmega7/libc.a(iob.o)
 .comment       0x0000000000000011       0x12 /opt/local/lib/gcc/avr/9.1.0/../../../../avr/lib/avrxmega7/libc.a(printf.o)
 .comment       0x0000000000000011       0x12 /opt/local/lib/gcc/avr/9.1.0/../../../../avr/lib/avrxmega7/libc.a(putchar.o)
 .comment       0x0000000000000011       0x12 /opt/local/lib/gcc/avr/9.1.0/../../../../avr/lib/avrxmega7/libc.a(puts.o)
 .comment       0x0000000000000011       0x12 /opt/local/lib/gcc/avr/9.1.0/../../../../avr/lib/avrxmega7/libc.a(vfprintf_std.o)
 .comment       0x0000000000000011       0x12 /opt/local/lib/gcc/avr/9.1.0/../../../../avr/lib/avrxmega7/libc.a(fputc.o)

.note.gnu.avr.deviceinfo
                0x0000000000000000       0x40
 .note.gnu.avr.deviceinfo
                0x0000000000000000       0x40 /opt/local/lib/gcc/avr/9.1.0/../../../../avr/lib/avrxmega7/crtatxmega128a1.o

.note.gnu.build-id
 *(.note.gnu.build-id)

.debug
 *(.debug)

.line
 *(.line)

.debug_srcinfo
 *(.debug_srcinfo)

.debug_sfnames
 *(.debug_sfnames)

.debug_aranges
 *(.debug_aranges)

.debug_pubnames
 *(.debug_pubnames)

.debug_info     0x0000000000000000     0x354c
 *(.debug_info .gnu.linkonce.wi.*)
 .debug_info    0x0000000000000000     0x354c /opt/local/lib/gcc/avr/9.1.0/../../../../avr/lib/avrxmega7/crtatxmega128a1.o

.debug_abbrev   0x0000000000000000     0x327a
 *(.debug_abbrev)
 .debug_abbrev  0x0000000000000000     0x327a /opt/local/lib/gcc/avr/9.1.0/../../../../avr/lib/avrxmega7/crtatxmega128a1.o

.debug_line     0x0000000000000000       0x1d
 *(.debug_line .debug_line.* .debug_line_end)
 .debug_line    0x0000000000000000       0x1d /opt/local/lib/gcc/avr/9.1.0/../../../../avr/lib/avrxmega7/crtatxmega128a1.o

.debug_frame
 *(.debug_frame)

.debug_str      0x0000000000000000     0x23b9
 *(.debug_str)
 .debug_str     0x0000000000000000     0x23b9 /opt/local/lib/gcc/avr/9.1.0/../../../../avr/lib/avrxmega7/crtatxmega128a1.o

.debug_loc
 *(.debug_loc)

.debug_macinfo
 *(.debug_macinfo)

.debug_weaknames
 *(.debug_weaknames)

.debug_funcnames
 *(.debug_funcnames)

.debug_typenames
 *(.debug_typenames)

.debug_varnames
 *(.debug_varnames)

.debug_pubtypes
 *(.debug_pubtypes)

.debug_ranges
 *(.debug_ranges)

.debug_macro
 *(.debug_macro)

.debug_addr
 *(.debug_addr)
OUTPUT(profiling.elf elf32-avr)
LOAD linker stubs

Cross Reference Table

Symbol                                            File
AES_decrypt                                       ./crypto/rng/AES_driver.o
AES_encrypt                                       ./crypto/rng/AES_driver.o
                                                  ./crypto/rng/aes_prng.o
AES_encrypt_backtoback                            ./crypto/rng/AES_driver.o
CCPWrite                                          ./device/clksys_driver.o
CLKSYS_AutoCalibration_Enable                     ./device/clksys_driver.o
CLKSYS_Configuration_Lock                         ./device/clksys_driver.o
CLKSYS_Disable                                    ./device/clksys_driver.o
                                                  ./profiling/LWEProfiling.o
CLKSYS_Main_ClockSource_Select                    ./device/clksys_driver.o
                                                  ./profiling/LWEProfiling.o
CLKSYS_PLL_Config                                 ./device/clksys_driver.o
CLKSYS_Prescalers_Config                          ./device/clksys_driver.o
CLKSYS_RTC_ClockSource_Enable                     ./device/clksys_driver.o
CLKSYS_XOSC_Config                                ./device/clksys_driver.o
CLKSYS_XOSC_FailureDetection_Enable               ./device/clksys_driver.o
Final                                             ./crypto/keccak/Keccak-avr8.o
Init                                              ./crypto/keccak/Keccak-avr8.o
KeccakF                                           ./crypto/keccak/KeccakF-1600-avr8.o
                                                  ./crypto/keccak/Keccak-avr8.o
USART_DataRegEmpty                                ./device/usart_driver.o
USART_InterruptDriver_DreInterruptLevel_Set       ./device/usart_driver.o
USART_InterruptDriver_Initialize                  ./device/usart_driver.o
USART_NineBits_GetChar                            ./device/usart_driver.o
USART_NineBits_PutChar                            ./device/usart_driver.o
USART_RXBufferData_Available                      ./device/usart_driver.o
USART_RXBuffer_GetByte                            ./device/usart_driver.o
USART_RXComplete                                  ./device/usart_driver.o
USART_TXBuffer_FreeSpace                          ./device/usart_driver.o
USART_TXBuffer_PutByte                            ./device/usart_driver.o
USARTinit                                         ./device/usart_driver.o
                                                  ./profiling/LWEProfiling.o
USARTsend                                         ./device/usart_driver.o
USARTsend16b                                      ./device/usart_driver.o
USARTsendStr                                      ./device/usart_driver.o
Update                                            ./crypto/keccak/Keccak-avr8.o
__adddi3                                          /opt/local/lib/gcc/avr/9.1.0/avrxmega7/libgcc.a(_adddi3.o)
                                                  ./profiling/profiling.o
__ashrdi3                                         /opt/local/lib/gcc/avr/9.1.0/avrxmega7/libgcc.a(_ashrdi3.o)
__bad_interrupt                                   /opt/local/lib/gcc/avr/9.1.0/../../../../avr/lib/avrxmega7/crtatxmega128a1.o
__brkval                                          /opt/local/lib/gcc/avr/9.1.0/../../../../avr/lib/avrxmega7/libc.a(malloc.o)
__bss_end                                         /opt/local/lib/gcc/avr/9.1.0/avrxmega7/libgcc.a(_clear_bss.o)
__bss_start                                       /opt/local/lib/gcc/avr/9.1.0/avrxmega7/libgcc.a(_clear_bss.o)
__cmpdi2                                          /opt/local/lib/gcc/avr/9.1.0/avrxmega7/libgcc.a(_cmpdi2.o)
                                                  ./profiling/measure_reduction.o
                                                  ./crypto/keccak/Keccak-avr8.o
__cmpdi2_s8                                       /opt/local/lib/gcc/avr/9.1.0/avrxmega7/libgcc.a(_cmpdi2_s8.o)
                                                  ./crypto/keccak/Keccak-avr8.o
__data_end                                        /opt/local/lib/gcc/avr/9.1.0/avrxmega7/libgcc.a(_copy_data.o)
__data_load_start                                 /opt/local/lib/gcc/avr/9.1.0/avrxmega7/libgcc.a(_copy_data.o)
__data_start                                      /opt/local/lib/gcc/avr/9.1.0/avrxmega7/libgcc.a(_copy_data.o)
__do_clear_bss                                    /opt/local/lib/gcc/avr/9.1.0/avrxmega7/libgcc.a(_clear_bss.o)
                                                  /opt/local/lib/gcc/avr/9.1.0/../../../../avr/lib/avrxmega7/libc.a(iob.o)
                                                  /opt/local/lib/gcc/avr/9.1.0/../../../../avr/lib/avrxmega7/libc.a(malloc.o)
                                                  ./profiling/profiling.o
                                                  ./profiling/measureSchoolbook_4093.o
                                                  ./profiling/measureNTT_7681_256.o
                                                  ./profiling/measureNTT_12289_512.o
                                                  ./profiling/measureKaratsuba4096.o
                                                  ./profiling/measureKaratsuba4093.o
                                                  ./crypto/rng/aes_prng.o
__do_copy_data                                    /opt/local/lib/gcc/avr/9.1.0/avrxmega7/libgcc.a(_copy_data.o)
                                                  /opt/local/lib/gcc/avr/9.1.0/../../../../avr/lib/avrxmega7/libc.a(malloc.o)
                                                  ./profiling/profiling.o
                                                  ./profiling/measureSchoolbook_4093.o
                                                  ./profiling/measure_reduction.o
                                                  ./profiling/measureNTT_7681_256.o
                                                  ./profiling/measureNTT_12289_512.o
                                                  ./profiling/measureKaratsuba4096.o
                                                  ./profiling/measureKaratsuba4093.o
                                                  ./profiling/LWEProfiling.o
                                                  ./device/usart_driver.o
                                                  ./crypto/p4096/ksuba_4096.o
                                                  ./crypto/p4093/ksuba_4093.o
                                                  ./crypto/rng/avr_trng.o
__flp                                             /opt/local/lib/gcc/avr/9.1.0/../../../../avr/lib/avrxmega7/libc.a(malloc.o)
__heap_end                                        /opt/local/lib/gcc/avr/9.1.0/../../../../avr/lib/avrxmega7/crtatxmega128a1.o
                                                  /opt/local/lib/gcc/avr/9.1.0/../../../../avr/lib/avrxmega7/libc.a(malloc.o)
__heap_start                                      /opt/local/lib/gcc/avr/9.1.0/../../../../avr/lib/avrxmega7/libc.a(malloc.o)
__init                                            /opt/local/lib/gcc/avr/9.1.0/../../../../avr/lib/avrxmega7/crtatxmega128a1.o
__iob                                             /opt/local/lib/gcc/avr/9.1.0/../../../../avr/lib/avrxmega7/libc.a(iob.o)
                                                  /opt/local/lib/gcc/avr/9.1.0/../../../../avr/lib/avrxmega7/libc.a(puts.o)
                                                  /opt/local/lib/gcc/avr/9.1.0/../../../../avr/lib/avrxmega7/libc.a(putchar.o)
                                                  /opt/local/lib/gcc/avr/9.1.0/../../../../avr/lib/avrxmega7/libc.a(printf.o)
                                                  ./device/usart_driver.o
__lshrdi3                                         /opt/local/lib/gcc/avr/9.1.0/avrxmega7/libgcc.a(_ashrdi3.o)
                                                  ./crypto/keccak/Keccak-avr8.o
__malloc_heap_end                                 /opt/local/lib/gcc/avr/9.1.0/../../../../avr/lib/avrxmega7/libc.a(malloc.o)
__malloc_heap_start                               /opt/local/lib/gcc/avr/9.1.0/../../../../avr/lib/avrxmega7/libc.a(malloc.o)
                                                  ./profiling/measureSchoolbook_4093.o
                                                  ./profiling/measureNTT_7681_256.o
                                                  ./profiling/measureNTT_12289_512.o
                                                  ./profiling/measureKaratsuba4096.o
                                                  ./profiling/measureKaratsuba4093.o
__malloc_margin                                   /opt/local/lib/gcc/avr/9.1.0/../../../../avr/lib/avrxmega7/libc.a(malloc.o)
__stack                                           /opt/local/lib/gcc/avr/9.1.0/../../../../avr/lib/avrxmega7/crtatxmega128a1.o
__subdi3                                          /opt/local/lib/gcc/avr/9.1.0/avrxmega7/libgcc.a(_subdi3.o)
                                                  ./crypto/keccak/Keccak-avr8.o
__udivdi3                                         /opt/local/lib/gcc/avr/9.1.0/avrxmega7/libgcc.a(_udivdi3.o)
                                                  ./profiling/profiling.o
__udivdi3_umoddi3                                 /opt/local/lib/gcc/avr/9.1.0/avrxmega7/libgcc.a(_udivdi3.o)
__udivmod64                                       /opt/local/lib/gcc/avr/9.1.0/avrxmega7/libgcc.a(_udivmod64.o)
                                                  /opt/local/lib/gcc/avr/9.1.0/avrxmega7/libgcc.a(_udivdi3.o)
__udivmodsi4                                      /opt/local/lib/gcc/avr/9.1.0/avrxmega7/libgcc.a(_udivmodsi4.o)
                                                  ./profiling/measure_reduction.o
                                                  ./profiling/measureNTT_7681_256.o
__ultoa_invert                                    /opt/local/lib/gcc/avr/9.1.0/../../../../avr/lib/avrxmega7/libc.a(ultoa_invert.o)
                                                  /opt/local/lib/gcc/avr/9.1.0/../../../../avr/lib/avrxmega7/libc.a(vfprintf_std.o)
__umoddi3                                         /opt/local/lib/gcc/avr/9.1.0/avrxmega7/libgcc.a(_udivdi3.o)
__umulhisi3                                       /opt/local/lib/gcc/avr/9.1.0/avrxmega7/libgcc.a(_umulhisi3.o)
                                                  ./profiling/measure_reduction.o
                                                  ./profiling/measureNTT_7681_256.o
__vector_1                                        /opt/local/lib/gcc/avr/9.1.0/../../../../avr/lib/avrxmega7/crtatxmega128a1.o
__vector_10                                       /opt/local/lib/gcc/avr/9.1.0/../../../../avr/lib/avrxmega7/crtatxmega128a1.o
__vector_100                                      /opt/local/lib/gcc/avr/9.1.0/../../../../avr/lib/avrxmega7/crtatxmega128a1.o
__vector_101                                      /opt/local/lib/gcc/avr/9.1.0/../../../../avr/lib/avrxmega7/crtatxmega128a1.o
__vector_102                                      /opt/local/lib/gcc/avr/9.1.0/../../../../avr/lib/avrxmega7/crtatxmega128a1.o
__vector_103                                      /opt/local/lib/gcc/avr/9.1.0/../../../../avr/lib/avrxmega7/crtatxmega128a1.o
__vector_104                                      /opt/local/lib/gcc/avr/9.1.0/../../../../avr/lib/avrxmega7/crtatxmega128a1.o
__vector_105                                      /opt/local/lib/gcc/avr/9.1.0/../../../../avr/lib/avrxmega7/crtatxmega128a1.o
__vector_106                                      /opt/local/lib/gcc/avr/9.1.0/../../../../avr/lib/avrxmega7/crtatxmega128a1.o
__vector_107                                      /opt/local/lib/gcc/avr/9.1.0/../../../../avr/lib/avrxmega7/crtatxmega128a1.o
__vector_108                                      /opt/local/lib/gcc/avr/9.1.0/../../../../avr/lib/avrxmega7/crtatxmega128a1.o
__vector_109                                      /opt/local/lib/gcc/avr/9.1.0/../../../../avr/lib/avrxmega7/crtatxmega128a1.o
__vector_11                                       /opt/local/lib/gcc/avr/9.1.0/../../../../avr/lib/avrxmega7/crtatxmega128a1.o
__vector_110                                      /opt/local/lib/gcc/avr/9.1.0/../../../../avr/lib/avrxmega7/crtatxmega128a1.o
__vector_111                                      /opt/local/lib/gcc/avr/9.1.0/../../../../avr/lib/avrxmega7/crtatxmega128a1.o
__vector_112                                      /opt/local/lib/gcc/avr/9.1.0/../../../../avr/lib/avrxmega7/crtatxmega128a1.o
__vector_113                                      /opt/local/lib/gcc/avr/9.1.0/../../../../avr/lib/avrxmega7/crtatxmega128a1.o
__vector_114                                      /opt/local/lib/gcc/avr/9.1.0/../../../../avr/lib/avrxmega7/crtatxmega128a1.o
__vector_115                                      /opt/local/lib/gcc/avr/9.1.0/../../../../avr/lib/avrxmega7/crtatxmega128a1.o
__vector_116                                      /opt/local/lib/gcc/avr/9.1.0/../../../../avr/lib/avrxmega7/crtatxmega128a1.o
__vector_117                                      /opt/local/lib/gcc/avr/9.1.0/../../../../avr/lib/avrxmega7/crtatxmega128a1.o
__vector_118                                      /opt/local/lib/gcc/avr/9.1.0/../../../../avr/lib/avrxmega7/crtatxmega128a1.o
__vector_119                                      /opt/local/lib/gcc/avr/9.1.0/../../../../avr/lib/avrxmega7/crtatxmega128a1.o
__vector_12                                       /opt/local/lib/gcc/avr/9.1.0/../../../../avr/lib/avrxmega7/crtatxmega128a1.o
__vector_120                                      /opt/local/lib/gcc/avr/9.1.0/../../../../avr/lib/avrxmega7/crtatxmega128a1.o
__vector_121                                      /opt/local/lib/gcc/avr/9.1.0/../../../../avr/lib/avrxmega7/crtatxmega128a1.o
__vector_122                                      /opt/local/lib/gcc/avr/9.1.0/../../../../avr/lib/avrxmega7/crtatxmega128a1.o
__vector_123                                      /opt/local/lib/gcc/avr/9.1.0/../../../../avr/lib/avrxmega7/crtatxmega128a1.o
__vector_124                                      /opt/local/lib/gcc/avr/9.1.0/../../../../avr/lib/avrxmega7/crtatxmega128a1.o
__vector_13                                       /opt/local/lib/gcc/avr/9.1.0/../../../../avr/lib/avrxmega7/crtatxmega128a1.o
__vector_14                                       /opt/local/lib/gcc/avr/9.1.0/../../../../avr/lib/avrxmega7/crtatxmega128a1.o
__vector_15                                       /opt/local/lib/gcc/avr/9.1.0/../../../../avr/lib/avrxmega7/crtatxmega128a1.o
__vector_16                                       /opt/local/lib/gcc/avr/9.1.0/../../../../avr/lib/avrxmega7/crtatxmega128a1.o
__vector_17                                       /opt/local/lib/gcc/avr/9.1.0/../../../../avr/lib/avrxmega7/crtatxmega128a1.o
__vector_18                                       /opt/local/lib/gcc/avr/9.1.0/../../../../avr/lib/avrxmega7/crtatxmega128a1.o
__vector_19                                       /opt/local/lib/gcc/avr/9.1.0/../../../../avr/lib/avrxmega7/crtatxmega128a1.o
__vector_2                                        /opt/local/lib/gcc/avr/9.1.0/../../../../avr/lib/avrxmega7/crtatxmega128a1.o
__vector_20                                       ./profiling/profiling.o
                                                  /opt/local/lib/gcc/avr/9.1.0/../../../../avr/lib/avrxmega7/crtatxmega128a1.o
__vector_21                                       /opt/local/lib/gcc/avr/9.1.0/../../../../avr/lib/avrxmega7/crtatxmega128a1.o
__vector_22                                       /opt/local/lib/gcc/avr/9.1.0/../../../../avr/lib/avrxmega7/crtatxmega128a1.o
__vector_23                                       /opt/local/lib/gcc/avr/9.1.0/../../../../avr/lib/avrxmega7/crtatxmega128a1.o
__vector_24                                       /opt/local/lib/gcc/avr/9.1.0/../../../../avr/lib/avrxmega7/crtatxmega128a1.o
__vector_25                                       /opt/local/lib/gcc/avr/9.1.0/../../../../avr/lib/avrxmega7/crtatxmega128a1.o
__vector_26                                       /opt/local/lib/gcc/avr/9.1.0/../../../../avr/lib/avrxmega7/crtatxmega128a1.o
__vector_27                                       /opt/local/lib/gcc/avr/9.1.0/../../../../avr/lib/avrxmega7/crtatxmega128a1.o
__vector_28                                       /opt/local/lib/gcc/avr/9.1.0/../../../../avr/lib/avrxmega7/crtatxmega128a1.o
__vector_29                                       /opt/local/lib/gcc/avr/9.1.0/../../../../avr/lib/avrxmega7/crtatxmega128a1.o
__vector_3                                        /opt/local/lib/gcc/avr/9.1.0/../../../../avr/lib/avrxmega7/crtatxmega128a1.o
__vector_30                                       /opt/local/lib/gcc/avr/9.1.0/../../../../avr/lib/avrxmega7/crtatxmega128a1.o
__vector_31                                       /opt/local/lib/gcc/avr/9.1.0/../../../../avr/lib/avrxmega7/crtatxmega128a1.o
__vector_32                                       /opt/local/lib/gcc/avr/9.1.0/../../../../avr/lib/avrxmega7/crtatxmega128a1.o
__vector_33                                       /opt/local/lib/gcc/avr/9.1.0/../../../../avr/lib/avrxmega7/crtatxmega128a1.o
__vector_34                                       /opt/local/lib/gcc/avr/9.1.0/../../../../avr/lib/avrxmega7/crtatxmega128a1.o
__vector_35                                       /opt/local/lib/gcc/avr/9.1.0/../../../../avr/lib/avrxmega7/crtatxmega128a1.o
__vector_36                                       /opt/local/lib/gcc/avr/9.1.0/../../../../avr/lib/avrxmega7/crtatxmega128a1.o
__vector_37                                       /opt/local/lib/gcc/avr/9.1.0/../../../../avr/lib/avrxmega7/crtatxmega128a1.o
__vector_38                                       /opt/local/lib/gcc/avr/9.1.0/../../../../avr/lib/avrxmega7/crtatxmega128a1.o
__vector_39                                       /opt/local/lib/gcc/avr/9.1.0/../../../../avr/lib/avrxmega7/crtatxmega128a1.o
__vector_4                                        /opt/local/lib/gcc/avr/9.1.0/../../../../avr/lib/avrxmega7/crtatxmega128a1.o
__vector_40                                       /opt/local/lib/gcc/avr/9.1.0/../../../../avr/lib/avrxmega7/crtatxmega128a1.o
__vector_41                                       /opt/local/lib/gcc/avr/9.1.0/../../../../avr/lib/avrxmega7/crtatxmega128a1.o
__vector_42                                       /opt/local/lib/gcc/avr/9.1.0/../../../../avr/lib/avrxmega7/crtatxmega128a1.o
__vector_43                                       /opt/local/lib/gcc/avr/9.1.0/../../../../avr/lib/avrxmega7/crtatxmega128a1.o
__vector_44                                       /opt/local/lib/gcc/avr/9.1.0/../../../../avr/lib/avrxmega7/crtatxmega128a1.o
__vector_45                                       /opt/local/lib/gcc/avr/9.1.0/../../../../avr/lib/avrxmega7/crtatxmega128a1.o
__vector_46                                       /opt/local/lib/gcc/avr/9.1.0/../../../../avr/lib/avrxmega7/crtatxmega128a1.o
__vector_47                                       /opt/local/lib/gcc/avr/9.1.0/../../../../avr/lib/avrxmega7/crtatxmega128a1.o
__vector_48                                       /opt/local/lib/gcc/avr/9.1.0/../../../../avr/lib/avrxmega7/crtatxmega128a1.o
__vector_49                                       /opt/local/lib/gcc/avr/9.1.0/../../../../avr/lib/avrxmega7/crtatxmega128a1.o
__vector_5                                        /opt/local/lib/gcc/avr/9.1.0/../../../../avr/lib/avrxmega7/crtatxmega128a1.o
__vector_50                                       /opt/local/lib/gcc/avr/9.1.0/../../../../avr/lib/avrxmega7/crtatxmega128a1.o
__vector_51                                       /opt/local/lib/gcc/avr/9.1.0/../../../../avr/lib/avrxmega7/crtatxmega128a1.o
__vector_52                                       /opt/local/lib/gcc/avr/9.1.0/../../../../avr/lib/avrxmega7/crtatxmega128a1.o
__vector_53                                       /opt/local/lib/gcc/avr/9.1.0/../../../../avr/lib/avrxmega7/crtatxmega128a1.o
__vector_54                                       /opt/local/lib/gcc/avr/9.1.0/../../../../avr/lib/avrxmega7/crtatxmega128a1.o
__vector_55                                       /opt/local/lib/gcc/avr/9.1.0/../../../../avr/lib/avrxmega7/crtatxmega128a1.o
__vector_56                                       /opt/local/lib/gcc/avr/9.1.0/../../../../avr/lib/avrxmega7/crtatxmega128a1.o
__vector_57                                       /opt/local/lib/gcc/avr/9.1.0/../../../../avr/lib/avrxmega7/crtatxmega128a1.o
__vector_58                                       /opt/local/lib/gcc/avr/9.1.0/../../../../avr/lib/avrxmega7/crtatxmega128a1.o
__vector_59                                       /opt/local/lib/gcc/avr/9.1.0/../../../../avr/lib/avrxmega7/crtatxmega128a1.o
__vector_6                                        /opt/local/lib/gcc/avr/9.1.0/../../../../avr/lib/avrxmega7/crtatxmega128a1.o
__vector_60                                       /opt/local/lib/gcc/avr/9.1.0/../../../../avr/lib/avrxmega7/crtatxmega128a1.o
__vector_61                                       /opt/local/lib/gcc/avr/9.1.0/../../../../avr/lib/avrxmega7/crtatxmega128a1.o
__vector_62                                       /opt/local/lib/gcc/avr/9.1.0/../../../../avr/lib/avrxmega7/crtatxmega128a1.o
__vector_63                                       /opt/local/lib/gcc/avr/9.1.0/../../../../avr/lib/avrxmega7/crtatxmega128a1.o
__vector_64                                       /opt/local/lib/gcc/avr/9.1.0/../../../../avr/lib/avrxmega7/crtatxmega128a1.o
__vector_65                                       /opt/local/lib/gcc/avr/9.1.0/../../../../avr/lib/avrxmega7/crtatxmega128a1.o
__vector_66                                       /opt/local/lib/gcc/avr/9.1.0/../../../../avr/lib/avrxmega7/crtatxmega128a1.o
__vector_67                                       /opt/local/lib/gcc/avr/9.1.0/../../../../avr/lib/avrxmega7/crtatxmega128a1.o
__vector_68                                       /opt/local/lib/gcc/avr/9.1.0/../../../../avr/lib/avrxmega7/crtatxmega128a1.o
__vector_69                                       /opt/local/lib/gcc/avr/9.1.0/../../../../avr/lib/avrxmega7/crtatxmega128a1.o
__vector_7                                        /opt/local/lib/gcc/avr/9.1.0/../../../../avr/lib/avrxmega7/crtatxmega128a1.o
__vector_70                                       /opt/local/lib/gcc/avr/9.1.0/../../../../avr/lib/avrxmega7/crtatxmega128a1.o
__vector_71                                       /opt/local/lib/gcc/avr/9.1.0/../../../../avr/lib/avrxmega7/crtatxmega128a1.o
__vector_72                                       /opt/local/lib/gcc/avr/9.1.0/../../../../avr/lib/avrxmega7/crtatxmega128a1.o
__vector_73                                       /opt/local/lib/gcc/avr/9.1.0/../../../../avr/lib/avrxmega7/crtatxmega128a1.o
__vector_74                                       /opt/local/lib/gcc/avr/9.1.0/../../../../avr/lib/avrxmega7/crtatxmega128a1.o
__vector_75                                       /opt/local/lib/gcc/avr/9.1.0/../../../../avr/lib/avrxmega7/crtatxmega128a1.o
__vector_76                                       /opt/local/lib/gcc/avr/9.1.0/../../../../avr/lib/avrxmega7/crtatxmega128a1.o
__vector_77                                       /opt/local/lib/gcc/avr/9.1.0/../../../../avr/lib/avrxmega7/crtatxmega128a1.o
__vector_78                                       /opt/local/lib/gcc/avr/9.1.0/../../../../avr/lib/avrxmega7/crtatxmega128a1.o
__vector_79                                       /opt/local/lib/gcc/avr/9.1.0/../../../../avr/lib/avrxmega7/crtatxmega128a1.o
__vector_8                                        /opt/local/lib/gcc/avr/9.1.0/../../../../avr/lib/avrxmega7/crtatxmega128a1.o
__vector_80                                       /opt/local/lib/gcc/avr/9.1.0/../../../../avr/lib/avrxmega7/crtatxmega128a1.o
__vector_81                                       /opt/local/lib/gcc/avr/9.1.0/../../../../avr/lib/avrxmega7/crtatxmega128a1.o
__vector_82                                       /opt/local/lib/gcc/avr/9.1.0/../../../../avr/lib/avrxmega7/crtatxmega128a1.o
__vector_83                                       /opt/local/lib/gcc/avr/9.1.0/../../../../avr/lib/avrxmega7/crtatxmega128a1.o
__vector_84                                       /opt/local/lib/gcc/avr/9.1.0/../../../../avr/lib/avrxmega7/crtatxmega128a1.o
__vector_85                                       /opt/local/lib/gcc/avr/9.1.0/../../../../avr/lib/avrxmega7/crtatxmega128a1.o
__vector_86                                       /opt/local/lib/gcc/avr/9.1.0/../../../../avr/lib/avrxmega7/crtatxmega128a1.o
__vector_87                                       /opt/local/lib/gcc/avr/9.1.0/../../../../avr/lib/avrxmega7/crtatxmega128a1.o
__vector_88                                       /opt/local/lib/gcc/avr/9.1.0/../../../../avr/lib/avrxmega7/crtatxmega128a1.o
__vector_89                                       /opt/local/lib/gcc/avr/9.1.0/../../../../avr/lib/avrxmega7/crtatxmega128a1.o
__vector_9                                        /opt/local/lib/gcc/avr/9.1.0/../../../../avr/lib/avrxmega7/crtatxmega128a1.o
__vector_90                                       /opt/local/lib/gcc/avr/9.1.0/../../../../avr/lib/avrxmega7/crtatxmega128a1.o
__vector_91                                       /opt/local/lib/gcc/avr/9.1.0/../../../../avr/lib/avrxmega7/crtatxmega128a1.o
__vector_92                                       /opt/local/lib/gcc/avr/9.1.0/../../../../avr/lib/avrxmega7/crtatxmega128a1.o
__vector_93                                       /opt/local/lib/gcc/avr/9.1.0/../../../../avr/lib/avrxmega7/crtatxmega128a1.o
__vector_94                                       /opt/local/lib/gcc/avr/9.1.0/../../../../avr/lib/avrxmega7/crtatxmega128a1.o
__vector_95                                       /opt/local/lib/gcc/avr/9.1.0/../../../../avr/lib/avrxmega7/crtatxmega128a1.o
__vector_96                                       /opt/local/lib/gcc/avr/9.1.0/../../../../avr/lib/avrxmega7/crtatxmega128a1.o
__vector_97                                       /opt/local/lib/gcc/avr/9.1.0/../../../../avr/lib/avrxmega7/crtatxmega128a1.o
__vector_98                                       /opt/local/lib/gcc/avr/9.1.0/../../../../avr/lib/avrxmega7/crtatxmega128a1.o
__vector_99                                       /opt/local/lib/gcc/avr/9.1.0/../../../../avr/lib/avrxmega7/crtatxmega128a1.o
__vector_default                                  /opt/local/lib/gcc/avr/9.1.0/../../../../avr/lib/avrxmega7/crtatxmega128a1.o
__vectors                                         /opt/local/lib/gcc/avr/9.1.0/../../../../avr/lib/avrxmega7/crtatxmega128a1.o
_exit                                             /opt/local/lib/gcc/avr/9.1.0/avrxmega7/libgcc.a(_exit.o)
add_12289                                         ./crypto/p12289/ntt_12289_512.o
                                                  ./profiling/measureNTT_12289_512.o
add_7681                                          ./crypto/p7681/ntt_7681_256.o
                                                  ./profiling/measureNTT_7681_256.o
add_encode_12289_512                              ./crypto/p12289/ntt_12289_512.o
                                                  ./profiling/measureNTT_12289_512.o
add_encode_4093                                   ./crypto/p4093/school_4093.o
                                                  ./profiling/measureSchoolbook_4093.o
add_encode_7681_256                               ./crypto/p7681/ntt_7681_256.o
                                                  ./profiling/measureNTT_7681_256.o
add_encode_ksuba_4093                             ./crypto/p4093/ksuba_4093.o
add_encode_ksuba_4096                             ./crypto/p4096/ksuba_4096.o
avr_trng_init                                     ./crypto/rng/avr_trng.o
                                                  ./profiling/LWEProfiling.o
call_call_mulRed_asm_4093                         ./crypto/p4093/ksuba_4093.o
call_mulRed_asm_4093                              ./crypto/p4093/math_asm_4093.o
                                                  ./crypto/p4093/school_4093.o
                                                  ./crypto/p4093/ksuba_4093.o
call_mulRed_asm_4096                              ./crypto/p4096/math_asm_4096.o
                                                  ./crypto/p4096/ksuba_4096.o
crypto_hash                                       ./crypto/keccak/Keccak-avr8.o
dec_7681_256_core                                 ./crypto/p7681/ntt_7681_256.o
decode_12289_512                                  ./crypto/p12289/ntt_12289_512.o
                                                  ./profiling/measureNTT_12289_512.o
decode_4093                                       ./crypto/p4093/school_4093.o
                                                  ./profiling/measureSchoolbook_4093.o
decode_7681_256                                   ./crypto/p7681/ntt_7681_256.o
                                                  ./profiling/measureNTT_7681_256.o
decode_ksuba_4093                                 ./crypto/p4093/ksuba_4093.o
decode_ksuba_4096                                 ./crypto/p4096/ksuba_4096.o
decrypt_12289_512                                 ./crypto/p12289/ntt_12289_512.o
                                                  ./profiling/measureNTT_12289_512.o
decrypt_4093                                      ./crypto/p4093/school_4093.o
                                                  ./profiling/measureSchoolbook_4093.o
decrypt_7681_256                                  ./crypto/p7681/ntt_7681_256.o
                                                  ./profiling/measureNTT_7681_256.o
decrypt_ksuba_4093                                ./crypto/p4093/ksuba_4093.o
                                                  ./profiling/measureKaratsuba4093.o
decrypt_ksuba_4096                                ./crypto/p4096/ksuba_4096.o
                                                  ./profiling/measureKaratsuba4096.o
do_measurement_12289_512                          ./profiling/measureNTT_12289_512.o
                                                  ./profiling/LWEProfiling.o
do_measurement_4093                               ./profiling/measureSchoolbook_4093.o
do_measurement_7681_256                           ./profiling/measureNTT_7681_256.o
                                                  ./profiling/LWEProfiling.o
do_measurement_karatsuba_4093                     ./profiling/measureKaratsuba4093.o
                                                  ./profiling/LWEProfiling.o
do_measurement_karatsuba_4096                     ./profiling/measureKaratsuba4096.o
                                                  ./profiling/LWEProfiling.o
do_measurement_reduction_7681_asm                 ./profiling/measure_reduction.o
                                                  ./profiling/LWEProfiling.o
do_measurement_reduction_7681_c                   ./profiling/measure_reduction.o
                                                  ./profiling/LWEProfiling.o
enc_7681_256_core                                 ./crypto/p7681/ntt_7681_256.o
encrypt_12289_512                                 ./crypto/p12289/ntt_12289_512.o
                                                  ./profiling/measureNTT_12289_512.o
encrypt_4093                                      ./crypto/p4093/school_4093.o
                                                  ./profiling/measureSchoolbook_4093.o
encrypt_7681_256                                  ./crypto/p7681/ntt_7681_256.o
                                                  ./profiling/measureNTT_7681_256.o
encrypt_ksuba_4093                                ./crypto/p4093/ksuba_4093.o
                                                  ./profiling/measureKaratsuba4093.o
encrypt_ksuba_4096                                ./crypto/p4096/ksuba_4096.o
                                                  ./profiling/measureKaratsuba4096.o
endRAM                                            ./device/measureRAM.o
                                                  ./profiling/measureSchoolbook_4093.o
                                                  ./profiling/measureNTT_7681_256.o
                                                  ./profiling/measureNTT_12289_512.o
                                                  ./profiling/measureKaratsuba4096.o
                                                  ./profiling/measureKaratsuba4093.o
exit                                              /opt/local/lib/gcc/avr/9.1.0/avrxmega7/libgcc.a(_exit.o)
                                                  /opt/local/lib/gcc/avr/9.1.0/../../../../avr/lib/avrxmega7/crtatxmega128a1.o
first_stage_CT                                    ./crypto/p7681/ntt_7681_256.o
first_stage_CT_12289_512                          ./crypto/p12289/ntt_12289_512.o
first_stage_GS                                    ./crypto/p7681/ntt_7681_256.o
first_stage_GS_12289_512                          ./crypto/p12289/ntt_12289_512.o
fputc                                             /opt/local/lib/gcc/avr/9.1.0/../../../../avr/lib/avrxmega7/libc.a(fputc.o)
                                                  /opt/local/lib/gcc/avr/9.1.0/../../../../avr/lib/avrxmega7/libc.a(vfprintf_std.o)
                                                  /opt/local/lib/gcc/avr/9.1.0/../../../../avr/lib/avrxmega7/libc.a(putchar.o)
free                                              /opt/local/lib/gcc/avr/9.1.0/../../../../avr/lib/avrxmega7/libc.a(malloc.o)
generateRandomPolyTable_12289_512                 ./profiling/profiling.o
                                                  ./profiling/measureNTT_12289_512.o
generateRandomPolyTable_4093                      ./profiling/profiling.o
                                                  ./profiling/measureSchoolbook_4093.o
                                                  ./profiling/measureKaratsuba4093.o
generateRandomPolyTable_4096                      ./profiling/profiling.o
                                                  ./profiling/measureKaratsuba4096.o
generateRandomPolyTable_7681_256                  ./profiling/profiling.o
                                                  ./profiling/measureSchoolbook_4093.o
                                                  ./profiling/measureNTT_7681_256.o
                                                  ./profiling/measureNTT_12289_512.o
get_AES_pool                                      ./crypto/rng/aes_prng.o
get_gauss_poly_12289_512                          ./crypto/p12289/ntt_12289_512.o
                                                  ./profiling/measureNTT_12289_512.o
get_gauss_poly_4093                               ./crypto/p4093/sampler_4093.o
                                                  ./profiling/measureSchoolbook_4093.o
                                                  ./crypto/p4093/school_4093.o
                                                  ./crypto/p4093/ksuba_4093.o
get_gauss_poly_4093_posneg                        ./crypto/p4093/sampler_4093.o
                                                  ./crypto/p4093/ksuba_4093.o
get_gauss_poly_4096                               ./crypto/p4096/sampler_4096.o
                                                  ./crypto/p4096/ksuba_4096.o
get_gauss_poly_4096_posneg                        ./crypto/p4096/sampler_4096.o
                                                  ./crypto/p4096/ksuba_4096.o
get_gauss_poly_7681_256                           ./crypto/p7681/ntt_7681_256.o
                                                  ./profiling/measureNTT_7681_256.o
get_pool                                          ./crypto/rng/aes_prng.o
get_trnd_adc                                      ./crypto/rng/avr_trng.o
initMeasurement                                   ./profiling/profiling.o
                                                  ./profiling/LWEProfiling.o
init_pool                                         ./crypto/rng/aes_prng.o
karatsuba_4093_192                                ./crypto/p4093/ksuba_4093.o
karatsuba_4093_256                                ./crypto/p4093/ksuba_4093.o
karatsuba_4093_320                                ./crypto/p4093/ksuba_4093.o
karatsuba_4096_192                                ./crypto/p4096/ksuba_4096.o
karatsuba_4096_256                                ./crypto/p4096/ksuba_4096.o
karatsuba_4096_320                                ./crypto/p4096/ksuba_4096.o
karatsuba_4096_noflash                            ./crypto/p4096/ksuba_4096.o
karatsuba_recursive                               ./crypto/p4093/ksuba_4093.o
karatsuba_recursive4096                           ./crypto/p4096/ksuba_4096.o
last_stage_CT                                     ./crypto/p7681/ntt_7681_256.o
last_stage_CT_12289_512                           ./crypto/p12289/ntt_12289_512.o
last_stage_GS                                     ./crypto/p7681/ntt_7681_256.o
last_stage_GS_12289_512                           ./crypto/p12289/ntt_12289_512.o
main                                              ./profiling/LWEProfiling.o
                                                  /opt/local/lib/gcc/avr/9.1.0/../../../../avr/lib/avrxmega7/crtatxmega128a1.o
malloc                                            /opt/local/lib/gcc/avr/9.1.0/../../../../avr/lib/avrxmega7/libc.a(malloc.o)
max_recursion_stages                              ./crypto/p4093/ksuba_4093.o
max_recursion_stages4096                          ./crypto/p4096/ksuba_4096.o
memcpy                                            /opt/local/lib/gcc/avr/9.1.0/../../../../avr/lib/avrxmega7/libc.a(memcpy.o)
                                                  ./crypto/keccak/Keccak-avr8.o
mm12289                                           ./crypto/p12289/mm12289.o
                                                  ./profiling/measure_reduction.o
                                                  ./crypto/p12289/ntt_12289_512.o
mm24578                                           ./profiling/mm24578.o
                                                  ./profiling/measure_reduction.o
mm7681                                            ./crypto/p7681/mm7681.o
                                                  ./profiling/measure_reduction.o
                                                  ./crypto/p7681/ntt_7681_256.o
mm7681_check                                      ./crypto/p7681/mm7681.o
                                                  ./crypto/p7681/ntt_7681_256.o
mod12289                                          ./crypto/p12289/mm12289.o
                                                  ./crypto/p12289/ntt_12289_512.o
mod7681                                           ./crypto/p7681/mm7681.o
                                                  ./crypto/p7681/ntt_7681_256.o
mulRed_asm_4093                                   ./crypto/p4093/math_asm_4093.o
next_block                                        ./crypto/rng/aes_prng.o
next_block_ptr                                    ./crypto/rng/aes_prng.o
                                                  ./crypto/p12289/ntt_12289_512.o
                                                  ./crypto/p7681/ntt_7681_256.o
                                                  ./crypto/p4096/sampler_4096.o
                                                  ./crypto/p4093/sampler_4093.o
ntt_CT_no_to_bo_incl_psi_12289_512                ./crypto/p12289/ntt_12289_512.o
                                                  ./profiling/measureNTT_12289_512.o
ntt_CT_no_to_bo_incl_psi_12289_512_nolookup       ./crypto/p12289/ntt_12289_512.o
                                                  ./profiling/measureNTT_12289_512.o
ntt_CT_no_to_bo_incl_psi_7681_256                 ./crypto/p7681/ntt_7681_256.o
                                                  ./profiling/measureNTT_7681_256.o
ntt_CT_no_to_bo_incl_psi_7681_256_nolookup        ./crypto/p7681/ntt_7681_256.o
                                                  ./profiling/measureNTT_7681_256.o
ntt_GS_bo_to_no_incl_invpsi_12289_512             ./crypto/p12289/ntt_12289_512.o
                                                  ./profiling/measureNTT_12289_512.o
ntt_GS_bo_to_no_incl_invpsi_7681_256              ./crypto/p7681/ntt_7681_256.o
                                                  ./profiling/measureNTT_7681_256.o
ovfs                                              ./profiling/profiling.o
polyMul_asm_4093_192                              ./crypto/p4093/math_asm_4093.o
                                                  ./crypto/p4093/school_4093.o
polyMul_asm_4093_256                              ./crypto/p4093/math_asm_4093.o
                                                  ./crypto/p4093/school_4093.o
polyMul_asm_4093_320                              ./crypto/p4093/math_asm_4093.o
                                                  ./crypto/p4093/school_4093.o
printResult                                       ./profiling/profiling.o
                                                  ./profiling/measureSchoolbook_4093.o
                                                  ./profiling/measure_reduction.o
                                                  ./profiling/measureNTT_7681_256.o
                                                  ./profiling/measureNTT_12289_512.o
printResultRAM                                    ./profiling/profiling.o
                                                  ./profiling/measureSchoolbook_4093.o
                                                  ./profiling/measureNTT_7681_256.o
                                                  ./profiling/measureNTT_12289_512.o
                                                  ./profiling/measureKaratsuba4096.o
                                                  ./profiling/measureKaratsuba4093.o
print_counter                                     ./crypto/p7681/ntt_7681_256.o
                                                  ./profiling/measureNTT_7681_256.o
printf                                            /opt/local/lib/gcc/avr/9.1.0/../../../../avr/lib/avrxmega7/libc.a(printf.o)
                                                  ./profiling/profiling.o
                                                  ./profiling/measureSchoolbook_4093.o
                                                  ./profiling/measure_reduction.o
                                                  ./profiling/measureNTT_7681_256.o
                                                  ./profiling/measureNTT_12289_512.o
                                                  ./profiling/measureKaratsuba4096.o
                                                  ./profiling/measureKaratsuba4093.o
putchar                                           /opt/local/lib/gcc/avr/9.1.0/../../../../avr/lib/avrxmega7/libc.a(putchar.o)
                                                  ./profiling/measureNTT_12289_512.o